04-24 15:32:31.528     0     0 I init    : Command 'start vndservicemanager' action=init (/system/etc/init/hw/init.rc:409) took 0ms and failed: service vndservicemanager not found
04-24 15:32:31.530     0     0 I init    : processing action (ro.debuggable=1 && init) from (/system/etc/init/hw/init.rc:1065)
04-24 15:32:31.531     0     0 I init    : starting service 'console'...
04-24 15:32:31.534     0     0 I init    : processing action (init) from (/system/etc/init/hw/init.usb.rc:24)
04-24 15:32:31.536     0     0 I init    : processing action (init) from (/vendor/etc/init/hw/init.ranchu.rc:17)
04-24 15:32:31.548     0     0 I logd.auditd: start
04-24 15:32:31.550     0     0 I init    : starting service 'qemu-props'...
04-24 15:32:31.554     0     0 I init    : processing action (init) from (/system/etc/init/audioserver.rc:48)
04-24 15:32:31.555     0     0 I init    : processing action (MixHwrngIntoLinuxRng) from (<Builtin Action>:0)
04-24 15:32:31.567     0     0 I init    : Mixed 512 bytes from /dev/hw_random into /dev/urandom
04-24 15:32:31.567     0     0 I init    : processing action (late-init) from (/system/etc/init/hw/init.rc:427)
04-24 15:32:31.569     0     0 I init    : processing action (late-init) from (/system/etc/init/atrace.rc:3)
04-24 15:32:31.577     0     0 I init    : processing action (late-init) from (/vendor/etc/init/android.hardware.atrace@1.0-service.rc:1)
04-24 15:32:31.579     0     0 I init    : processing action (queue_property_triggers) from (<Builtin Action>:0)
04-24 15:32:31.580     0     0 I init    : processing action (early-fs) from (/system/etc/init/hw/init.rc:463)
04-24 15:32:31.581     0     0 I init    : starting service 'vold'...
04-24 15:32:31.584     0     0 I init    : processing action (early-fs) from (/vendor/etc/init/hw/init.ranchu.rc:1)
04-24 15:32:31.585     0     0 I init    : processing action (fs) from (/vendor/etc/init/hw/init.ranchu.rc:4)
04-24 15:32:31.586     0     0 I init    : starting service 'wait_for_keymaster'...
04-24 15:32:31.586   190   190 I qemu-props: connected to 'boot-properties' qemud service.
04-24 15:32:31.586   190   190 I qemu-props: receiving..
04-24 15:32:31.586   190   190 I qemu-props: received: qemu.cmdline=androidboot.logcat=*:V androidboot.consolepipe=qemu_pipe,pipe:logcat
04-24 15:32:31.587   190   190 I qemu-props: successfully set property 'qemu.cmdline' to 'androidboot.logcat=*:V androidboot.consolepipe=qemu_pipe,pipe:logcat'
04-24 15:32:31.587   190   190 I qemu-props: receiving..
04-24 15:32:31.587   190   190 I qemu-props: received: qemu.logcat=start
04-24 15:32:31.587   183   183 I hwservicemanager: hwservicemanager is ready now.
04-24 15:32:31.587   190   190 I qemu-props: successfully set property 'vendor.qemu.logcat' to 'start'
04-24 15:32:31.587   190   190 I qemu-props: receiving..
04-24 15:32:31.587   190   190 I qemu-props: received: ro.opengles.version=131072
04-24 15:32:31.587   190   190 I qemu-props: receiving..
04-24 15:32:31.587   190   190 I qemu-props: received: qemu.sf.fake_camera=front
04-24 15:32:31.587   190   190 I qemu-props: successfully set property 'vendor.qemu.sf.fake_camera' to 'front'
04-24 15:32:31.587   190   190 I qemu-props: receiving..
04-24 15:32:31.587   190   190 I qemu-props: received: qemu.adb.secure=1
04-24 15:32:31.588   190   190 I qemu-props: successfully set property 'vendor.qemu.adb.secure' to '1'
04-24 15:32:31.588   190   190 I qemu-props: receiving..
04-24 15:32:31.588   190   190 I qemu-props: received: dalvik.vm.heapsize=512m
04-24 15:32:31.588   190   190 I qemu-props: receiving..
04-24 15:32:31.588   190   190 I qemu-props: received: qemu.hw.mainkeys=0
04-24 15:32:31.588   190   190 I qemu-props: successfully set property 'qemu.hw.mainkeys' to '0'
04-24 15:32:31.588   190   190 I qemu-props: receiving..
04-24 15:32:31.588   190   190 I qemu-props: received: qemu.sf.lcd_density=560
04-24 15:32:31.588   190   190 I qemu-props: successfully set property 'vendor.qemu.sf.lcd_density' to '560'
04-24 15:32:31.588   190   190 I qemu-props: receiving..
04-24 15:32:31.588   190   190 I qemu-props: received: net.wifi_mac_prefix=5554
04-24 15:32:31.589   190   190 I qemu-props: successfully set property 'vendor.net.wifi_mac_prefix' to '5554'
04-24 15:32:31.589   190   190 I qemu-props: receiving..
04-24 15:32:31.589   190   190 I qemu-props: received: qemu.timezone=Unknown/Unknown
04-24 15:32:31.589   190   190 I qemu-props: successfully set property 'vendor.qemu.timezone' to 'Unknown/Unknown'
04-24 15:32:31.589   190   190 I qemu-props: receiving..
04-24 15:32:31.614     0     0 I init    : SVC_EXEC service 'wait_for_keymaster' pid 193 (uid 0 gid 0+1 context default) started; waiting...
04-24 15:32:31.663     0     0 I wait_for_keymaster: Waiting for Keymaster device
04-24 15:32:31.675   183   183 E cutils-trace: Error opening trace file: Permission denied (13)
04-24 15:32:31.675   183   183 I hwservicemanager: getFrameworkHalManifest: Reading VINTF information.
--------- beginning of system
04-24 15:32:31.682   191   191 I vold    : Vold 3.0 (the awakening) firing up
04-24 15:32:31.682   191   191 D vold    : Detected support for: ext4 f2fs vfat
04-24 15:32:31.684   191   191 D vold    : Found unmanaged dm device named product
04-24 15:32:31.685   191   191 D vold    : Found unmanaged dm device named vendor
04-24 15:32:31.685   191   191 D vold    : Found unmanaged dm device named system
04-24 15:32:31.685   191   191 D vold    : Found unmanaged dm device named system_ext
04-24 15:32:31.685   191   191 D vold    : Found unmanaged dm device named system-verity
04-24 15:32:31.685   191   191 W vold    : Failed to LOOP_GET_STATUS64 /dev/block/loop26: No such device or address
04-24 15:32:31.685   191   191 W vold    : Failed to LOOP_GET_STATUS64 /dev/block/loop25: No such device or address
04-24 15:32:31.685   191   191 W vold    : Failed to LOOP_GET_STATUS64 /dev/block/loop24: No such device or address
04-24 15:32:31.685   191   191 W vold    : Failed to LOOP_GET_STATUS64 /dev/block/loop23: No such device or address
04-24 15:32:31.685   191   191 W vold    : Failed to LOOP_GET_STATUS64 /dev/block/loop22: No such device or address
04-24 15:32:31.685   191   191 W vold    : Failed to LOOP_GET_STATUS64 /dev/block/loop21: No such device or address
04-24 15:32:31.685   191   191 W vold    : Failed to LOOP_GET_STATUS64 /dev/block/loop20: No such device or address
04-24 15:32:31.685   191   191 W vold    : Failed to LOOP_GET_STATUS64 /dev/block/loop19: No such device or address
04-24 15:32:31.685   191   191 W vold    : Failed to LOOP_GET_STATUS64 /dev/block/loop18: No such device or address
04-24 15:32:31.685   191   191 W vold    : Failed to LOOP_GET_STATUS64 /dev/block/loop17: No such device or address
04-24 15:32:31.685   191   191 W vold    : Failed to LOOP_GET_STATUS64 /dev/block/loop16: No such device or address
04-24 15:32:31.685   191   191 W vold    : Failed to LOOP_GET_STATUS64 /dev/block/loop10: No such device or address
04-24 15:32:31.685   191   191 D vold    : Found unmanaged loop device at /dev/block/loop3 named apex:
04-24 15:32:31.685   191   191 D vold    : Found unmanaged loop device at /dev/block/loop5 named apex:
04-24 15:32:31.685   191   191 W vold    : Failed to LOOP_GET_STATUS64 /dev/block/loop13: No such device or address
04-24 15:32:31.685   191   191 W vold    : Failed to LOOP_GET_STATUS64 /dev/block/loop15: No such device or address
04-24 15:32:31.685   191   191 W vold    : Failed to LOOP_GET_STATUS64 /dev/block/loop12: No such device or address
04-24 15:32:31.685   191   191 W vold    : Failed to LOOP_GET_STATUS64 /dev/block/loop7: No such device or address
04-24 15:32:31.685   191   191 D vold    : Found unmanaged loop device at /dev/block/loop0 named apex:
04-24 15:32:31.685   191   191 D vold    : Found unmanaged loop device at /dev/block/loop2 named apex:
04-24 15:32:31.685   191   191 W vold    : Failed to LOOP_GET_STATUS64 /dev/block/loop8: No such device or address
04-24 15:32:31.685   191   191 D vold    : Found unmanaged loop device at /dev/block/loop1 named apex:
04-24 15:32:31.685   191   191 W vold    : Failed to LOOP_GET_STATUS64 /dev/block/loop14: No such device or address
04-24 15:32:31.685   191   191 W vold    : Failed to LOOP_GET_STATUS64 /dev/block/loop9: No such device or address
04-24 15:32:31.685   191   191 W vold    : Failed to LOOP_GET_STATUS64 /dev/block/loop11: No such device or address
04-24 15:32:31.685   191   191 D vold    : Found unmanaged loop device at /dev/block/loop4 named apex:
04-24 15:32:31.686   191   191 W vold    : Failed to LOOP_GET_STATUS64 /dev/block/loop6: No such device or address
04-24 15:32:31.686   183   183 I hwservicemanager: getFrameworkHalManifest: Successfully processed VINTF information
04-24 15:32:31.687   183   183 I hwservicemanager: getDeviceHalManifest: Reading VINTF information.
04-24 15:32:31.688   191   191 D vold    : VoldNativeService::start() completed OK
04-24 15:32:31.692     0     0 I HidlServiceManagement: getService: Trying again for android.hardware.keymaster@4.0::IKeymasterDevice/default...
04-24 15:32:31.693     0     0 I init    : starting service 'vendor.keymaster-4-1'...
04-24 15:32:31.697     0     0 I init    : Control message: Processed ctl.interface_start for 'android.hardware.keymaster@4.0::IKeymasterDevice/default' from pid: 183 (/system/bin/hwservicemanager)
04-24 15:32:31.698     0     0 I init    : Control message: Processed ctl.interface_start for 'android.hardware.keymaster@4.0::IKeymasterDevice/default' from pid: 183 (/system/bin/hwservicemanager)
04-24 15:32:31.702   183   183 I hwservicemanager: getDeviceHalManifest: Successfully processed VINTF information
04-24 15:32:31.702   183   183 I hwservicemanager: Since android.hardware.keymaster@4.0::IKeymasterDevice/default is not registered, trying to start it as a lazy HAL.
04-24 15:32:31.703   183   183 I hwservicemanager: Since android.hardware.keymaster@4.0::IKeymasterDevice/default is not registered, trying to start it as a lazy HAL.
04-24 15:32:31.703   191   196 I vold    : Found disk at /devices/pci0000:00/0000:00:08.0/virtio5/block/vdf but delaying scan due to secure keyguard
04-24 15:32:31.745     0     0 I wait_for_keymaster: List of Keymaster HALs found:
04-24 15:32:31.746     0     0 I wait_for_keymaster: Keymaster HAL #1: SoftwareKeymasterDevice from Google SecurityLevel: SOFTWARE HAL: android.hardware.keymaster@4.1::IKeymasterDevice/default
04-24 15:32:31.748     0     0 D wait_for_keymaster: Computing HMAC with params { (seed: , nonce: 85df6eceb3fdf61caca94fd730a3ced1ed2772f75cb589c8d5dacf9b3e1e4b) }
04-24 15:32:31.748     0     0 D wait_for_keymaster: Computing HMAC for SoftwareKeymasterDevice from Google SecurityLevel: SOFTWARE HAL: android.hardware.keymaster@4.1::IKeymasterDevice/default
04-24 15:32:31.748     0     0 I wait_for_keymaster: Using SoftwareKeymasterDevice from Google for encryption.  Security level: SOFTWARE, HAL: android.hardware.keymaster@4.1::IKeymasterDevice/default
04-24 15:32:31.749     0     0 I wait_for_keymaster: Keymaster device ready
04-24 15:32:31.750     0     0 I init    : Service 'wait_for_keymaster' (pid 193) exited with status 0 waiting took 0.137000 seconds
04-24 15:32:31.752     0     0 I init    : Sending signal 9 to service 'wait_for_keymaster' (pid 193) process group...
04-24 15:32:31.752     0     0 I libprocessgroup: Successfully killed process cgroup uid 0 pid 193 in 0ms
04-24 15:32:31.753   201   201 E cutils-trace: Error opening trace file: Permission denied (13)
04-24 15:32:31.754   201   201 I HidlServiceManagement: Registered android.hardware.keymaster@4.1::IKeymasterDevice/default (start delay of 54ms)
04-24 15:32:31.755   201   201 I HidlServiceManagement: Removing namespace from process name android.hardware.keymaster@4.1-service to keymaster@4.1-service.
04-24 15:32:31.755     0     0 I init    : [libfs_mgr]superblock s_max_mnt_count:65535,/dev/block/vdc
04-24 15:32:31.755   183   183 I hw-BpHwBinder: onLastStrongRef automatically unlinking death recipients
04-24 15:32:31.756   183   183 I hwservicemanager: getTransport: Cannot find entry android.hardware.keymaster@3.0::IKeymasterDevice/default in either framework or device manifest.
04-24 15:32:31.756     0     0 I init    : [libfs_mgr]Enabling quotas on /dev/block/vdc
04-24 15:32:31.773     0     0 I tune2fs : tune2fs 1.45.4 (23-Sep-2019)
04-24 15:32:31.813     0     0 W EXT4-fs (vdc): Ignoring removed nomblk_io_submit option
04-24 15:32:31.817     0     0 I EXT4-fs (vdc): mounted filesystem with ordered data mode. Opts: errors=remount-ro,nomblk_io_submit
04-24 15:32:31.818     0     0 I init    : [libfs_mgr]check_fs(): mount(/dev/block/vdc,/data,ext4)=0: Success
04-24 15:32:31.831     0     0 I init    : [libfs_mgr]check_fs(): unmount(/data) succeeded
04-24 15:32:31.831     0     0 I init    : [libfs_mgr]Running /system/bin/e2fsck on /dev/block/vdc
04-24 15:32:31.841     0     0 I e2fsck  : e2fsck 1.45.4 (23-Sep-2019)
04-24 15:32:31.845     0     0 I e2fsck  : Pass 1: Checking inodes, blocks, and sizes
04-24 15:32:31.853     0     0 I e2fsck  : Pass 2: Checking directory structure
04-24 15:32:31.855     0     0 I e2fsck  : Pass 3: Checking directory connectivity
04-24 15:32:31.856     0     0 I e2fsck  : /lost+found not found.  Create? yes
04-24 15:32:31.857     0     0 I e2fsck  :  
04-24 15:32:31.870     0     0 I e2fsck  : Pass 4: Checking reference counts
04-24 15:32:31.873     0     0 I e2fsck  : Pass 5: Checking group summary information
04-24 15:32:31.874     0     0 I e2fsck  : [QUOTA WARNING] Usage inconsistent for ID 0:actual (40960, 9) != expected (36864, 8)
04-24 15:32:31.875     0     0 I e2fsck  : Update quota info for quota type 0? yes
04-24 15:32:31.876     0     0 I e2fsck  :  
04-24 15:32:31.876     0     0 I e2fsck  : [QUOTA WARNING] Usage inconsistent for ID 0:actual (40960, 9) != expected (36864, 8)
04-24 15:32:31.878     0     0 I e2fsck  : Update quota info for quota type 1? yes
04-24 15:32:31.879     0     0 I e2fsck  :  
04-24 15:32:31.879     0     0 I e2fsck  : [QUOTA WARNING] Usage inconsistent for ID 0:actual (77824, 18) != expected (73728, 17)
04-24 15:32:31.880     0     0 I e2fsck  : Update quota info for quota type 2? yes
04-24 15:32:31.881     0     0 I e2fsck  :  
04-24 15:32:31.881     0     0 I e2fsck  :  
04-24 15:32:31.882     0     0 I e2fsck  : /dev/block/vdc: ***** FILE SYSTEM WAS MODIFIED *****
04-24 15:32:31.882     0     0 I e2fsck  : /dev/block/vdc: 28/393216 files (0.0% non-contiguous), 52355/1572864 blocks
04-24 15:32:31.883     0     0 I e2fsck  : e2fsck terminated by exit(1)
04-24 15:32:31.883     0     0 I init    : [libfs_mgr]e2fsck returned status 0x100
04-24 15:32:31.885     0     0 I init    : [libfs_mgr]superblock s_max_mnt_count:65535,/dev/block/vdc
04-24 15:32:31.886     0     0 W init    : [libfs_mgr]Reserved blocks 32768 is too large; capping to 31457
04-24 15:32:31.887     0     0 I init    : [libfs_mgr]Setting reserved block count on /dev/block/vdc to 31457
04-24 15:32:31.890     0     0 I tune2fs : tune2fs 1.45.4 (23-Sep-2019)
04-24 15:32:31.891     0     0 I tune2fs : Setting reserved blocks gid to 1065
04-24 15:32:31.892     0     0 I tune2fs : Setting reserved blocks count to 31457
04-24 15:32:31.895     0     0 I init    : [libfs_mgr]Enabling ext4 flags encrypt on /dev/block/vdc
04-24 15:32:31.898     0     0 I tune2fs : tune2fs 1.45.4 (23-Sep-2019)
04-24 15:32:31.902     0     0 I init    : [libfs_mgr]Enabling ext4 verity on /dev/block/vdc
04-24 15:32:31.906     0     0 I tune2fs : tune2fs 1.45.4 (23-Sep-2019)
04-24 15:32:31.910     0     0 I init    : [libfs_mgr]Enabling ext4 casefold on /dev/block/vdc
04-24 15:32:31.914     0     0 I tune2fs : tune2fs 1.45.4 (23-Sep-2019)
04-24 15:32:31.916     0     0 I tune2fs : Setting encoding to 'utf8'
04-24 15:32:31.920     0     0 W EXT4-fs (vdc): Ignoring removed nomblk_io_submit option
04-24 15:32:31.920     0     0 I EXT4-fs (vdc): Using encoding defined by superblock: utf8-12.1.0 with flags 0x0
04-24 15:32:31.924     0     0 I EXT4-fs (vdc): mounted filesystem with ordered data mode. Opts: nomblk_io_submit,errors=panic
04-24 15:32:31.925     0     0 I init    : [libfs_mgr]__mount(source=/dev/block/vdc,target=/data,type=ext4)=0: Success
04-24 15:32:31.941     0     0 I init    : Calling: /system/bin/vdc cryptfs encryptFstab /dev/block/vdc /data
04-24 15:32:31.950     0     0 D vdc     : Waited 0ms for vold
04-24 15:32:31.961   191   191 D vold    : fscrypt_mount_metadata_encrypted: /data 1
04-24 15:32:31.961   191   191 D vold    : metadata_key_dir/key: /metadata/vold/metadata_encryption/key
04-24 15:32:31.963   183   183 I hwservicemanager: getTransport: Cannot find entry android.hardware.keymaster@3.0::IKeymasterDevice/default in either framework or device manifest.
04-24 15:32:31.963   191   191 I vold    : List of Keymaster HALs found:
04-24 15:32:31.963   191   191 I vold    : Keymaster HAL #1: SoftwareKeymasterDevice from Google SecurityLevel: SOFTWARE HAL: android.hardware.keymaster@4.1::IKeymasterDevice/default
04-24 15:32:31.963   191   191 D vold    : Computing HMAC with params { (seed: , nonce: 85df6eceb3fdf61caca94fd730a3ced1ed2772f75cb589c8d5dacf9b3e1e4b) }
04-24 15:32:31.963   191   191 D vold    : Computing HMAC for SoftwareKeymasterDevice from Google SecurityLevel: SOFTWARE HAL: android.hardware.keymaster@4.1::IKeymasterDevice/default
04-24 15:32:31.963   191   191 I vold    : Using SoftwareKeymasterDevice from Google for encryption.  Security level: SOFTWARE, HAL: android.hardware.keymaster@4.1::IKeymasterDevice/default
04-24 15:32:31.964   183   183 I hwservicemanager: getTransport: Cannot find entry android.hardware.boot@1.0::IBootControl/default in either framework or device manifest.
04-24 15:32:31.964   191   191 I vold    : Creating new key in /metadata/vold/metadata_encryption/key
04-24 15:32:31.971   183   183 I hwservicemanager: getTransport: Cannot find entry android.hardware.keymaster@3.0::IKeymasterDevice/default in either framework or device manifest.
04-24 15:32:31.971   191   191 I vold    : List of Keymaster HALs found:
04-24 15:32:31.971   191   191 I vold    : Keymaster HAL #1: SoftwareKeymasterDevice from Google SecurityLevel: SOFTWARE HAL: android.hardware.keymaster@4.1::IKeymasterDevice/default
04-24 15:32:31.971   191   191 I vold    : Using SoftwareKeymasterDevice from Google for encryption.  Security level: SOFTWARE, HAL: android.hardware.keymaster@4.1::IKeymasterDevice/default
04-24 15:32:31.971   191   191 D vold    : Creating key that doesn't need auth token
04-24 15:32:31.971   191   191 E vold    : generate_key failed, code -67
04-24 15:32:31.974   191   191 D vold    : Created key: /metadata/vold/metadata_encryption/key
04-24 15:32:31.977   191   191 I vold    : Beginning inplace encryption, nr_sec: 12582912
04-24 15:32:31.977   191   191 D vold    : cryptfs_enable_inplace(/dev/block/dm-5, /dev/block/vdc, 12582912, 0x7ffcb0b579f0, 12582912, 0, 0)
04-24 15:32:31.977   191   191 D vold    : Opening/dev/block/vdc
04-24 15:32:31.977   191   191 D vold    : Opening/dev/block/dm-5
04-24 15:32:31.977   191   191 I vold    : Encrypting ext4 filesystem in place...
04-24 15:32:31.977   191   191 I vold    : Encrypting group 0
04-24 15:32:31.978   191   191 D vold    : Copying 8 blocks at offset 0
04-24 15:32:31.978   191   191 I vold    : Encrypting from sector 0
04-24 15:32:31.978   191   191 D vold    : Copying 8 blocks at offset 32768
04-24 15:32:31.978   191   191 D vold    : Copying 8 blocks at offset 65536
04-24 15:32:31.978   191   191 D vold    : Copying 8 blocks at offset 98304
04-24 15:32:31.978   191   191 D vold    : Copying 8 blocks at offset 131072
04-24 15:32:31.978   191   191 D vold    : Copying 8 blocks at offset 163840
04-24 15:32:31.978   191   191 D vold    : Copying 8 blocks at offset 196608
04-24 15:32:31.978   191   191 D vold    : Copying 8 blocks at offset 229376
04-24 15:32:31.979   191   191 D vold    : Copying 8 blocks at offset 262144
04-24 15:32:31.979   191   191 D vold    : Copying 8 blocks at offset 294912
04-24 15:32:31.979   191   191 D vold    : Copying 8 blocks at offset 327680
04-24 15:32:31.979   191   191 D vold    : Copying 8 blocks at offset 360448
04-24 15:32:31.979   191   191 D vold    : Copying 8 blocks at offset 393216
04-24 15:32:31.979   191   191 D vold    : Copying 8 blocks at offset 425984
04-24 15:32:31.979   191   191 D vold    : Copying 8 blocks at offset 458752
04-24 15:32:31.979   191   191 D vold    : Copying 8 blocks at offset 491520
04-24 15:32:31.979   191   191 D vold    : Copying 8 blocks at offset 524288
04-24 15:32:31.979   191   191 D vold    : Copying 8 blocks at offset 557056
04-24 15:32:31.979   191   191 D vold    : Copying 8 blocks at offset 589824
04-24 15:32:31.979   191   191 D vold    : Copying 8 blocks at offset 622592
04-24 15:32:31.980   191   191 D vold    : Copying 8 blocks at offset 655360
04-24 15:32:31.980   191   191 D vold    : Copying 8 blocks at offset 688128
04-24 15:32:31.980   191   191 D vold    : Copying 8 blocks at offset 720896
04-24 15:32:31.980   191   191 D vold    : Copying 8 blocks at offset 753664
04-24 15:32:31.980   191   191 D vold    : Copying 8 blocks at offset 786432
04-24 15:32:31.980   191   191 D vold    : Copying 8 blocks at offset 819200
04-24 15:32:31.980   191   191 D vold    : Copying 8 blocks at offset 851968
04-24 15:32:31.980   191   191 D vold    : Copying 8 blocks at offset 884736
04-24 15:32:31.981   191   191 D vold    : Copying 8 blocks at offset 917504
04-24 15:32:31.981   191   191 D vold    : Copying 8 blocks at offset 950272
04-24 15:32:31.981   191   191 D vold    : Copying 8 blocks at offset 983040
04-24 15:32:31.981   191   191 D vold    : Copying 8 blocks at offset 1015808
04-24 15:32:31.981   191   191 D vold    : Copying 8 blocks at offset 1048576
04-24 15:32:31.981   191   191 D vold    : Copying 8 blocks at offset 1081344
04-24 15:32:31.982   191   191 D vold    : Copying 8 blocks at offset 1114112
04-24 15:32:31.982   191   191 D vold    : Copying 8 blocks at offset 1146880
04-24 15:32:31.982   191   191 D vold    : Copying 8 blocks at offset 1179648
04-24 15:32:31.982   191   191 D vold    : Copying 8 blocks at offset 1212416
04-24 15:32:31.982   191   191 D vold    : Copying 8 blocks at offset 1245184
04-24 15:32:31.983   191   191 D vold    : Copying 8 blocks at offset 1277952
04-24 15:32:31.983   191   191 D vold    : Copying 8 blocks at offset 1310720
04-24 15:32:31.983   191   191 D vold    : Copying 8 blocks at offset 1343488
04-24 15:32:31.983   191   191 D vold    : Copying 8 blocks at offset 1376256
04-24 15:32:31.983   191   191 D vold    : Copying 8 blocks at offset 1409024
04-24 15:32:31.983   191   191 D vold    : Copying 8 blocks at offset 1441792
04-24 15:32:31.983   191   191 D vold    : Copying 8 blocks at offset 1474560
04-24 15:32:31.983   191   191 D vold    : Copying 8 blocks at offset 1507328
04-24 15:32:31.983   191   191 D vold    : Copying 8 blocks at offset 1540096
04-24 15:32:31.983   191   191 D vold    : Copying 8 blocks at offset 1572864
04-24 15:32:31.983   191   191 D vold    : Copying 8 blocks at offset 1605632
04-24 15:32:31.983   191   191 D vold    : Copying 8 blocks at offset 1638400
04-24 15:32:31.983   191   191 D vold    : Copying 8 blocks at offset 1671168
04-24 15:32:31.983   191   191 D vold    : Copying 8 blocks at offset 1703936
04-24 15:32:31.983   191   191 D vold    : Copying 8 blocks at offset 1736704
04-24 15:32:31.984   191   191 D vold    : Copying 8 blocks at offset 1769472
04-24 15:32:31.984   191   191 D vold    : Copying 8 blocks at offset 1802240
04-24 15:32:31.984   191   191 D vold    : Copying 8 blocks at offset 1835008
04-24 15:32:31.984   191   191 D vold    : Copying 8 blocks at offset 1867776
04-24 15:32:31.984   191   191 D vold    : Copying 8 blocks at offset 1900544
04-24 15:32:31.984   191   191 D vold    : Copying 8 blocks at offset 1933312
04-24 15:32:31.984   191   191 D vold    : Copying 8 blocks at offset 1966080
04-24 15:32:31.984   191   191 D vold    : Copying 8 blocks at offset 1998848
04-24 15:32:31.984   191   191 D vold    : Copying 8 blocks at offset 2031616
04-24 15:32:31.984   191   191 D vold    : Copying 8 blocks at offset 2064384
04-24 15:32:31.984   191   191 D vold    : Copying 8 blocks at offset 2097152
04-24 15:32:31.985   191   191 D vold    : Copying 8 blocks at offset 2129920
04-24 15:32:31.985   191   191 D vold    : Copying 8 blocks at offset 2162688
04-24 15:32:31.985   191   191 D vold    : Copying 8 blocks at offset 2195456
04-24 15:32:31.986   191   191 D vold    : Copying 8 blocks at offset 2228224
04-24 15:32:31.986   191   191 D vold    : Copying 8 blocks at offset 2260992
04-24 15:32:31.986   191   191 D vold    : Copying 8 blocks at offset 2293760
04-24 15:32:31.986   191   191 D vold    : Copying 8 blocks at offset 2326528
04-24 15:32:31.986   191   191 D vold    : Copying 8 blocks at offset 2359296
04-24 15:32:31.986   191   191 D vold    : Copying 8 blocks at offset 2392064
04-24 15:32:31.987   191   191 D vold    : Copying 8 blocks at offset 2424832
04-24 15:32:31.987   191   191 D vold    : Copying 8 blocks at offset 2457600
04-24 15:32:31.987   191   191 D vold    : Copying 8 blocks at offset 2490368
04-24 15:32:31.987   191   191 D vold    : Copying 8 blocks at offset 2523136
04-24 15:32:31.987   191   191 D vold    : Copying 8 blocks at offset 2555904
04-24 15:32:31.987   191   191 D vold    : Copying 8 blocks at offset 2588672
04-24 15:32:31.988   191   191 D vold    : Copying 8 blocks at offset 2621440
04-24 15:32:31.988   191   191 D vold    : Copying 8 blocks at offset 2654208
04-24 15:32:31.988   191   191 D vold    : Copying 8 blocks at offset 2686976
04-24 15:32:31.988   191   191 D vold    : Copying 8 blocks at offset 2719744
04-24 15:32:31.989   191   191 D vold    : Copying 8 blocks at offset 2752512
04-24 15:32:31.989   191   191 D vold    : Copying 8 blocks at offset 2785280
04-24 15:32:31.989   191   191 D vold    : Copying 8 blocks at offset 2818048
04-24 15:32:31.989   191   191 D vold    : Copying 8 blocks at offset 2850816
04-24 15:32:31.990   191   191 D vold    : Copying 8 blocks at offset 2883584
04-24 15:32:31.990   191   191 D vold    : Copying 8 blocks at offset 2916352
04-24 15:32:31.990   191   191 D vold    : Copying 8 blocks at offset 2949120
04-24 15:32:31.990   191   191 D vold    : Copying 8 blocks at offset 2981888
04-24 15:32:31.991   191   191 D vold    : Copying 8 blocks at offset 3014656
04-24 15:32:31.991   191   191 D vold    : Copying 8 blocks at offset 3047424
04-24 15:32:31.991   191   191 D vold    : Copying 8 blocks at offset 3080192
04-24 15:32:31.991   191   191 D vold    : Copying 8 blocks at offset 3112960
04-24 15:32:31.991   191   191 D vold    : Copying 8 blocks at offset 3145728
04-24 15:32:31.992   191   191 D vold    : Copying 8 blocks at offset 3178496
04-24 15:32:31.992   191   191 D vold    : Copying 8 blocks at offset 3211264
04-24 15:32:31.992   191   191 D vold    : Copying 8 blocks at offset 3244032
04-24 15:32:31.992   191   191 D vold    : Copying 8 blocks at offset 3276800
04-24 15:32:31.992   191   191 D vold    : Copying 8 blocks at offset 3309568
04-24 15:32:31.992   191   191 D vold    : Copying 8 blocks at offset 3342336
04-24 15:32:31.993   191   191 D vold    : Copying 8 blocks at offset 3375104
04-24 15:32:31.993   191   191 D vold    : Copying 8 blocks at offset 3407872
04-24 15:32:31.993   191   191 D vold    : Copying 8 blocks at offset 3440640
04-24 15:32:31.993   191   191 D vold    : Copying 8 blocks at offset 3473408
04-24 15:32:31.993   191   191 D vold    : Copying 8 blocks at offset 3506176
04-24 15:32:31.994   191   191 D vold    : Copying 8 blocks at offset 3538944
04-24 15:32:31.994   191   191 D vold    : Copying 8 blocks at offset 3571712
04-24 15:32:31.994   191   191 D vold    : Copying 8 blocks at offset 3604480
04-24 15:32:31.994   191   191 D vold    : Copying 8 blocks at offset 3637248
04-24 15:32:31.995   191   191 D vold    : Copying 8 blocks at offset 3670016
04-24 15:32:31.995   191   191 D vold    : Copying 8 blocks at offset 3702784
04-24 15:32:31.995   191   191 D vold    : Copying 8 blocks at offset 3735552
04-24 15:32:31.995   191   191 D vold    : Copying 8 blocks at offset 3768320
04-24 15:32:31.996   191   191 D vold    : Copying 8 blocks at offset 3801088
04-24 15:32:31.996   191   191 D vold    : Copying 8 blocks at offset 3833856
04-24 15:32:31.996   191   191 D vold    : Copying 8 blocks at offset 3866624
04-24 15:32:31.996   191   191 D vold    : Copying 8 blocks at offset 3899392
04-24 15:32:31.996   191   191 D vold    : Copying 8 blocks at offset 3932160
04-24 15:32:31.997   191   191 D vold    : Copying 8 blocks at offset 3964928
04-24 15:32:31.997   191   191 D vold    : Copying 8 blocks at offset 3997696
04-24 15:32:31.997   191   191 D vold    : Copying 8 blocks at offset 4030464
04-24 15:32:31.997   191   191 D vold    : Copying 8 blocks at offset 4063232
04-24 15:32:31.997   191   191 D vold    : Copying 8 blocks at offset 4096000
04-24 15:32:31.998   191   191 D vold    : Copying 8 blocks at offset 4128768
04-24 15:32:31.998   191   191 D vold    : Copying 8 blocks at offset 4161536
04-24 15:32:31.998   191   191 D vold    : Copying 8 blocks at offset 4194304
04-24 15:32:31.998   191   191 D vold    : Copying 8 blocks at offset 4227072
04-24 15:32:31.998   191   191 D vold    : Copying 8 blocks at offset 4259840
04-24 15:32:31.999   191   191 D vold    : Copying 8 blocks at offset 4292608
04-24 15:32:31.999   191   191 D vold    : Copying 8 blocks at offset 4325376
04-24 15:32:31.999   191   191 D vold    : Copying 8 blocks at offset 4358144
04-24 15:32:31.999   191   191 D vold    : Copying 8 blocks at offset 4390912
04-24 15:32:31.999   191   191 D vold    : Copying 8 blocks at offset 4423680
04-24 15:32:32.000   191   191 D vold    : Copying 8 blocks at offset 4456448
04-24 15:32:32.000   191   191 D vold    : Copying 8 blocks at offset 4489216
04-24 15:32:32.000   191   191 D vold    : Copying 8 blocks at offset 4521984
04-24 15:32:32.000   191   191 D vold    : Copying 8 blocks at offset 4554752
04-24 15:32:32.001   191   191 D vold    : Copying 8 blocks at offset 4587520
04-24 15:32:32.001   191   191 D vold    : Copying 8 blocks at offset 4620288
04-24 15:32:32.001   191   191 D vold    : Copying 8 blocks at offset 4653056
04-24 15:32:32.001   191   191 D vold    : Copying 8 blocks at offset 4685824
04-24 15:32:32.002   191   191 D vold    : Copying 8 blocks at offset 4718592
04-24 15:32:32.002   191   191 D vold    : Copying 8 blocks at offset 4751360
04-24 15:32:32.002   191   191 D vold    : Copying 8 blocks at offset 4784128
04-24 15:32:32.002   191   191 D vold    : Copying 8 blocks at offset 4816896
04-24 15:32:32.002   191   191 D vold    : Copying 8 blocks at offset 4849664
04-24 15:32:32.003   191   191 D vold    : Copying 8 blocks at offset 4882432
04-24 15:32:32.003   191   191 D vold    : Copying 8 blocks at offset 4915200
04-24 15:32:32.003   191   191 D vold    : Copying 8 blocks at offset 4947968
04-24 15:32:32.003   191   191 D vold    : Copying 8 blocks at offset 4980736
04-24 15:32:32.003   191   191 D vold    : Copying 8 blocks at offset 5013504
04-24 15:32:32.003   191   191 D vold    : Copying 8 blocks at offset 5046272
04-24 15:32:32.004   191   191 D vold    : Copying 8 blocks at offset 5079040
04-24 15:32:32.004   191   191 D vold    : Copying 8 blocks at offset 5111808
04-24 15:32:32.004   191   191 D vold    : Copying 8 blocks at offset 5144576
04-24 15:32:32.004   191   191 D vold    : Copying 8 blocks at offset 5177344
04-24 15:32:32.004   191   191 D vold    : Copying 8 blocks at offset 5210112
04-24 15:32:32.005   191   191 D vold    : Copying 8 blocks at offset 5242880
04-24 15:32:32.005   191   191 D vold    : Copying 8 blocks at offset 5275648
04-24 15:32:32.005   191   191 D vold    : Copying 8 blocks at offset 5308416
04-24 15:32:32.005   191   191 D vold    : Copying 8 blocks at offset 5341184
04-24 15:32:32.006   191   191 D vold    : Copying 8 blocks at offset 5373952
04-24 15:32:32.006   191   191 D vold    : Copying 8 blocks at offset 5406720
04-24 15:32:32.006   191   191 D vold    : Copying 8 blocks at offset 5439488
04-24 15:32:32.006   191   191 D vold    : Copying 8 blocks at offset 5472256
04-24 15:32:32.006   191   191 D vold    : Copying 8 blocks at offset 5505024
04-24 15:32:32.007   191   191 D vold    : Copying 8 blocks at offset 5537792
04-24 15:32:32.007   191   191 D vold    : Copying 8 blocks at offset 5570560
04-24 15:32:32.007   191   191 D vold    : Copying 8 blocks at offset 5603328
04-24 15:32:32.007   191   191 D vold    : Copying 8 blocks at offset 5636096
04-24 15:32:32.007   191   191 D vold    : Copying 8 blocks at offset 5668864
04-24 15:32:32.008   191   191 D vold    : Copying 8 blocks at offset 5701632
04-24 15:32:32.008   191   191 D vold    : Copying 8 blocks at offset 5734400
04-24 15:32:32.008   191   191 D vold    : Copying 8 blocks at offset 5767168
04-24 15:32:32.008   191   191 D vold    : Copying 8 blocks at offset 5799936
04-24 15:32:32.008   191   191 D vold    : Copying 8 blocks at offset 5832704
04-24 15:32:32.008   191   191 D vold    : Copying 8 blocks at offset 5865472
04-24 15:32:32.009   191   191 D vold    : Copying 8 blocks at offset 5898240
04-24 15:32:32.009   191   191 D vold    : Copying 8 blocks at offset 5931008
04-24 15:32:32.009   191   191 D vold    : Copying 8 blocks at offset 5963776
04-24 15:32:32.009   191   191 D vold    : Copying 8 blocks at offset 5996544
04-24 15:32:32.010   191   191 D vold    : Copying 8 blocks at offset 6029312
04-24 15:32:32.010   191   191 D vold    : Copying 8 blocks at offset 6062080
04-24 15:32:32.010   191   191 D vold    : Copying 8 blocks at offset 6094848
04-24 15:32:32.010   191   191 D vold    : Copying 8 blocks at offset 6127616
04-24 15:32:32.011   191   191 D vold    : Copying 8 blocks at offset 6160384
04-24 15:32:32.011   191   191 D vold    : Copying 8 blocks at offset 6193152
04-24 15:32:32.011   191   191 D vold    : Copying 8 blocks at offset 6225920
04-24 15:32:32.011   191   191 D vold    : Copying 8 blocks at offset 6258688
04-24 15:32:32.011   191   191 D vold    : Copying 8 blocks at offset 6291456
04-24 15:32:32.012   191   191 D vold    : Copying 8 blocks at offset 6324224
04-24 15:32:32.012   191   191 D vold    : Copying 8 blocks at offset 6356992
04-24 15:32:32.012   191   191 D vold    : Copying 8 blocks at offset 6389760
04-24 15:32:32.012   191   191 D vold    : Copying 8 blocks at offset 6422528
04-24 15:32:32.012   191   191 D vold    : Copying 8 blocks at offset 6455296
04-24 15:32:32.012   191   191 D vold    : Copying 8 blocks at offset 6488064
04-24 15:32:32.013   191   191 D vold    : Copying 8 blocks at offset 6520832
04-24 15:32:32.013   191   191 D vold    : Copying 8 blocks at offset 6553600
04-24 15:32:32.013   191   191 D vold    : Copying 8 blocks at offset 6586368
04-24 15:32:32.013   191   191 D vold    : Copying 8 blocks at offset 6619136
04-24 15:32:32.013   191   191 D vold    : Copying 8 blocks at offset 6651904
04-24 15:32:32.014   191   191 D vold    : Copying 8 blocks at offset 6684672
04-24 15:32:32.014   191   191 D vold    : Copying 8 blocks at offset 6717440
04-24 15:32:32.014   191   191 D vold    : Copying 8 blocks at offset 6750208
04-24 15:32:32.014   191   191 D vold    : Copying 8 blocks at offset 6782976
04-24 15:32:32.015   191   191 D vold    : Copying 8 blocks at offset 6815744
04-24 15:32:32.015   191   191 D vold    : Copying 8 blocks at offset 6848512
04-24 15:32:32.015   191   191 D vold    : Copying 8 blocks at offset 6881280
04-24 15:32:32.015   191   191 D vold    : Copying 8 blocks at offset 6914048
04-24 15:32:32.016   191   191 D vold    : Copying 8 blocks at offset 6946816
04-24 15:32:32.016   191   191 D vold    : Copying 8 blocks at offset 6979584
04-24 15:32:32.016   191   191 D vold    : Copying 8 blocks at offset 7012352
04-24 15:32:32.016   191   191 D vold    : Copying 8 blocks at offset 7045120
04-24 15:32:32.016   191   191 D vold    : Copying 8 blocks at offset 7077888
04-24 15:32:32.017   191   191 D vold    : Copying 8 blocks at offset 7110656
04-24 15:32:32.017   191   191 D vold    : Copying 8 blocks at offset 7143424
04-24 15:32:32.017   191   191 D vold    : Copying 8 blocks at offset 7176192
04-24 15:32:32.017   191   191 D vold    : Copying 8 blocks at offset 7208960
04-24 15:32:32.017   191   191 D vold    : Copying 8 blocks at offset 7241728
04-24 15:32:32.018   191   191 D vold    : Copying 8 blocks at offset 7274496
04-24 15:32:32.018   191   191 D vold    : Copying 8 blocks at offset 7307264
04-24 15:32:32.018   191   191 D vold    : Copying 8 blocks at offset 7340032
04-24 15:32:32.018   191   191 D vold    : Copying 8 blocks at offset 7372800
04-24 15:32:32.018   191   191 D vold    : Copying 8 blocks at offset 7405568
04-24 15:32:32.019   191   191 D vold    : Copying 8 blocks at offset 7438336
04-24 15:32:32.019   191   191 D vold    : Copying 8 blocks at offset 7471104
04-24 15:32:32.019   191   191 D vold    : Copying 8 blocks at offset 7503872
04-24 15:32:32.019   191   191 D vold    : Copying 8 blocks at offset 7536640
04-24 15:32:32.019   191   191 D vold    : Copying 8 blocks at offset 7569408
04-24 15:32:32.020   191   191 D vold    : Copying 8 blocks at offset 7602176
04-24 15:32:32.020   191   191 D vold    : Copying 8 blocks at offset 7634944
04-24 15:32:32.020   191   191 D vold    : Copying 8 blocks at offset 7667712
04-24 15:32:32.020   191   191 D vold    : Copying 8 blocks at offset 7700480
04-24 15:32:32.020   191   191 D vold    : Copying 8 blocks at offset 7733248
04-24 15:32:32.021   191   191 D vold    : Copying 8 blocks at offset 7766016
04-24 15:32:32.021   191   191 D vold    : Copying 8 blocks at offset 7798784
04-24 15:32:32.021   191   191 D vold    : Copying 8 blocks at offset 7831552
04-24 15:32:32.021   191   191 D vold    : Copying 8 blocks at offset 7864320
04-24 15:32:32.022   191   191 D vold    : Copying 8 blocks at offset 7897088
04-24 15:32:32.022   191   191 D vold    : Copying 8 blocks at offset 7929856
04-24 15:32:32.022   191   191 D vold    : Copying 8 blocks at offset 7962624
04-24 15:32:32.022   191   191 D vold    : Copying 8 blocks at offset 7995392
04-24 15:32:32.022   191   191 D vold    : Copying 8 blocks at offset 8028160
04-24 15:32:32.022   191   191 D vold    : Copying 8 blocks at offset 8060928
04-24 15:32:32.023   191   191 D vold    : Copying 8 blocks at offset 8093696
04-24 15:32:32.023   191   191 D vold    : Copying 8 blocks at offset 8126464
04-24 15:32:32.023   191   191 D vold    : Copying 8 blocks at offset 8159232
04-24 15:32:32.023   191   191 D vold    : Copying 8 blocks at offset 8192000
04-24 15:32:32.023   191   191 D vold    : Copying 8 blocks at offset 8224768
04-24 15:32:32.024   191   191 D vold    : Copying 8 blocks at offset 8257536
04-24 15:32:32.024   191   191 D vold    : Copying 8 blocks at offset 8290304
04-24 15:32:32.024   191   191 D vold    : Copying 8 blocks at offset 8323072
04-24 15:32:32.024   191   191 D vold    : Copying 8 blocks at offset 8355840
04-24 15:32:32.025   191   191 D vold    : Copying 8 blocks at offset 8388608
04-24 15:32:32.025   191   191 D vold    : Copying 8 blocks at offset 8421376
04-24 15:32:32.025   191   191 D vold    : Copying 8 blocks at offset 8454144
04-24 15:32:32.025   191   191 D vold    : Copying 8 blocks at offset 8486912
04-24 15:32:32.026   191   191 D vold    : Copying 8 blocks at offset 8519680
04-24 15:32:32.026   191   191 D vold    : Copying 8 blocks at offset 8552448
04-24 15:32:32.026   191   191 D vold    : Copying 8 blocks at offset 8585216
04-24 15:32:32.026   191   191 D vold    : Copying 8 blocks at offset 8617984
04-24 15:32:32.026   191   191 D vold    : Copying 8 blocks at offset 8650752
04-24 15:32:32.027   191   191 D vold    : Copying 8 blocks at offset 8683520
04-24 15:32:32.027   191   191 D vold    : Copying 8 blocks at offset 8716288
04-24 15:32:32.027   191   191 D vold    : Copying 8 blocks at offset 8749056
04-24 15:32:32.027   191   191 D vold    : Copying 8 blocks at offset 8781824
04-24 15:32:32.027   191   191 D vold    : Copying 8 blocks at offset 8814592
04-24 15:32:32.027   191   191 D vold    : Copying 8 blocks at offset 8847360
04-24 15:32:32.027   191   191 D vold    : Copying 8 blocks at offset 8880128
04-24 15:32:32.028   191   191 D vold    : Copying 8 blocks at offset 8912896
04-24 15:32:32.028   191   191 D vold    : Copying 8 blocks at offset 8945664
04-24 15:32:32.028   191   191 D vold    : Copying 8 blocks at offset 8978432
04-24 15:32:32.028   191   191 D vold    : Copying 8 blocks at offset 9011200
04-24 15:32:32.029   191   191 D vold    : Copying 8 blocks at offset 9043968
04-24 15:32:32.029   191   191 D vold    : Copying 8 blocks at offset 9076736
04-24 15:32:32.029   191   191 D vold    : Copying 8 blocks at offset 9109504
04-24 15:32:32.029   191   191 D vold    : Copying 8 blocks at offset 9142272
04-24 15:32:32.030   191   191 D vold    : Copying 8 blocks at offset 9175040
04-24 15:32:32.030   191   191 D vold    : Copying 8 blocks at offset 9207808
04-24 15:32:32.030   191   191 D vold    : Copying 8 blocks at offset 9240576
04-24 15:32:32.030   191   191 D vold    : Copying 8 blocks at offset 9273344
04-24 15:32:32.031   191   191 D vold    : Copying 8 blocks at offset 9306112
04-24 15:32:32.031   191   191 D vold    : Copying 8 blocks at offset 9338880
04-24 15:32:32.031   191   191 D vold    : Copying 8 blocks at offset 9371648
04-24 15:32:32.031   191   191 D vold    : Copying 8 blocks at offset 9404416
04-24 15:32:32.032   191   191 D vold    : Copying 8 blocks at offset 9437184
04-24 15:32:32.032   191   191 D vold    : Copying 8 blocks at offset 9469952
04-24 15:32:32.032   191   191 D vold    : Copying 8 blocks at offset 9502720
04-24 15:32:32.032   191   191 D vold    : Copying 8 blocks at offset 9535488
04-24 15:32:32.032   191   191 D vold    : Copying 8 blocks at offset 9568256
04-24 15:32:32.033   191   191 D vold    : Copying 8 blocks at offset 9601024
04-24 15:32:32.033   191   191 D vold    : Copying 8 blocks at offset 9633792
04-24 15:32:32.033   191   191 D vold    : Copying 8 blocks at offset 9666560
04-24 15:32:32.033   191   191 D vold    : Copying 8 blocks at offset 9699328
04-24 15:32:32.034   191   191 D vold    : Copying 8 blocks at offset 9732096
04-24 15:32:32.034   191   191 D vold    : Copying 8 blocks at offset 9764864
04-24 15:32:32.034   191   191 D vold    : Copying 8 blocks at offset 9797632
04-24 15:32:32.034   191   191 D vold    : Copying 8 blocks at offset 9830400
04-24 15:32:32.034   191   191 D vold    : Copying 8 blocks at offset 9863168
04-24 15:32:32.034   191   191 D vold    : Copying 8 blocks at offset 9895936
04-24 15:32:32.035   191   191 D vold    : Copying 8 blocks at offset 9928704
04-24 15:32:32.035   191   191 D vold    : Copying 8 blocks at offset 9961472
04-24 15:32:32.035   191   191 D vold    : Copying 8 blocks at offset 9994240
04-24 15:32:32.035   191   191 D vold    : Copying 8 blocks at offset 10027008
04-24 15:32:32.036   191   191 D vold    : Copying 8 blocks at offset 10059776
04-24 15:32:32.036   191   191 D vold    : Copying 8 blocks at offset 10092544
04-24 15:32:32.036   191   191 D vold    : Copying 8 blocks at offset 10125312
04-24 15:32:32.036   191   191 D vold    : Copying 8 blocks at offset 10158080
04-24 15:32:32.036   191   191 D vold    : Copying 8 blocks at offset 10190848
04-24 15:32:32.037   191   191 D vold    : Copying 8 blocks at offset 10223616
04-24 15:32:32.037   191   191 D vold    : Copying 8 blocks at offset 10256384
04-24 15:32:32.037   191   191 D vold    : Copying 8 blocks at offset 10289152
04-24 15:32:32.037   191   191 D vold    : Copying 8 blocks at offset 10321920
04-24 15:32:32.038   191   191 D vold    : Copying 8 blocks at offset 10354688
04-24 15:32:32.038   191   191 D vold    : Copying 8 blocks at offset 10387456
04-24 15:32:32.038   191   191 D vold    : Copying 8 blocks at offset 10420224
04-24 15:32:32.038   191   191 D vold    : Copying 8 blocks at offset 10452992
04-24 15:32:32.039   191   191 D vold    : Copying 8 blocks at offset 10485760
04-24 15:32:32.039   191   191 D vold    : Copying 8 blocks at offset 10518528
04-24 15:32:32.039   191   191 D vold    : Copying 8 blocks at offset 10551296
04-24 15:32:32.039   191   191 D vold    : Copying 8 blocks at offset 10584064
04-24 15:32:32.040   191   191 D vold    : Copying 8 blocks at offset 10616832
04-24 15:32:32.040   191   191 D vold    : Copying 8 blocks at offset 10649600
04-24 15:32:32.040   191   191 D vold    : Copying 8 blocks at offset 10682368
04-24 15:32:32.040   191   191 D vold    : Copying 8 blocks at offset 10715136
04-24 15:32:32.041   191   191 D vold    : Copying 8 blocks at offset 10747904
04-24 15:32:32.041   191   191 D vold    : Copying 8 blocks at offset 10780672
04-24 15:32:32.041   191   191 D vold    : Copying 8 blocks at offset 10813440
04-24 15:32:32.041   191   191 D vold    : Copying 8 blocks at offset 10846208
04-24 15:32:32.042   191   191 D vold    : Copying 8 blocks at offset 10878976
04-24 15:32:32.042   191   191 D vold    : Copying 8 blocks at offset 10911744
04-24 15:32:32.042   191   191 D vold    : Copying 8 blocks at offset 10944512
04-24 15:32:32.042   191   191 D vold    : Copying 8 blocks at offset 10977280
04-24 15:32:32.042   191   191 D vold    : Copying 8 blocks at offset 11010048
04-24 15:32:32.043   191   191 D vold    : Copying 8 blocks at offset 11042816
04-24 15:32:32.043   191   191 D vold    : Copying 8 blocks at offset 11075584
04-24 15:32:32.043   191   191 D vold    : Copying 8 blocks at offset 11108352
04-24 15:32:32.043   191   191 D vold    : Copying 8 blocks at offset 11141120
04-24 15:32:32.043   191   191 D vold    : Copying 8 blocks at offset 11173888
04-24 15:32:32.044   191   191 D vold    : Copying 8 blocks at offset 11206656
04-24 15:32:32.044   191   191 D vold    : Copying 8 blocks at offset 11239424
04-24 15:32:32.044   191   191 D vold    : Copying 8 blocks at offset 11272192
04-24 15:32:32.044   191   191 D vold    : Copying 8 blocks at offset 11304960
04-24 15:32:32.044   191   191 D vold    : Copying 8 blocks at offset 11337728
04-24 15:32:32.044   191   191 D vold    : Copying 8 blocks at offset 11370496
04-24 15:32:32.045   191   191 D vold    : Copying 8 blocks at offset 11403264
04-24 15:32:32.045   191   191 D vold    : Copying 8 blocks at offset 11436032
04-24 15:32:32.045   191   191 D vold    : Copying 8 blocks at offset 11468800
04-24 15:32:32.045   191   191 D vold    : Copying 8 blocks at offset 11501568
04-24 15:32:32.046   191   191 D vold    : Copying 8 blocks at offset 11534336
04-24 15:32:32.046   191   191 D vold    : Copying 8 blocks at offset 11567104
04-24 15:32:32.046   191   191 D vold    : Copying 8 blocks at offset 11599872
04-24 15:32:32.046   191   191 D vold    : Copying 8 blocks at offset 11632640
04-24 15:32:32.047   191   191 D vold    : Copying 8 blocks at offset 11665408
04-24 15:32:32.047   191   191 D vold    : Copying 8 blocks at offset 11698176
04-24 15:32:32.047   191   191 D vold    : Copying 8 blocks at offset 11730944
04-24 15:32:32.047   191   191 D vold    : Copying 8 blocks at offset 11763712
04-24 15:32:32.048   191   191 D vold    : Copying 8 blocks at offset 11796480
04-24 15:32:32.048   191   191 D vold    : Copying 8 blocks at offset 11829248
04-24 15:32:32.048   191   191 D vold    : Copying 8 blocks at offset 11862016
04-24 15:32:32.048   191   191 D vold    : Copying 8 blocks at offset 11894784
04-24 15:32:32.049   191   191 D vold    : Copying 8 blocks at offset 11927552
04-24 15:32:32.049   191   191 D vold    : Copying 8 blocks at offset 11960320
04-24 15:32:32.049   191   191 D vold    : Copying 8 blocks at offset 11993088
04-24 15:32:32.049   191   191 D vold    : Copying 8 blocks at offset 12025856
04-24 15:32:32.050   191   191 D vold    : Copying 8 blocks at offset 12058624
04-24 15:32:32.050   191   191 D vold    : Copying 8 blocks at offset 12091392
04-24 15:32:32.050   191   191 D vold    : Copying 8 blocks at offset 12124160
04-24 15:32:32.050   191   191 D vold    : Copying 8 blocks at offset 12156928
04-24 15:32:32.050   191   191 D vold    : Copying 8 blocks at offset 12189696
04-24 15:32:32.051   191   191 D vold    : Copying 8 blocks at offset 12222464
04-24 15:32:32.051   191   191 D vold    : Copying 8 blocks at offset 12255232
04-24 15:32:32.051   191   191 D vold    : Copying 8 blocks at offset 12288000
04-24 15:32:32.051   191   191 D vold    : Copying 8 blocks at offset 12320768
04-24 15:32:32.052   191   191 D vold    : Copying 8 blocks at offset 12353536
04-24 15:32:32.052   191   191 D vold    : Copying 8 blocks at offset 12386304
04-24 15:32:32.052   191   191 D vold    : Copying 8 blocks at offset 12419072
04-24 15:32:32.052   191   191 D vold    : Copying 8 blocks at offset 12451840
04-24 15:32:32.052   191   191 D vold    : Copying 8 blocks at offset 12484608
04-24 15:32:32.052   191   191 D vold    : Copying 8 blocks at offset 12517376
04-24 15:32:32.053   191   191 D vold    : Copying 8 blocks at offset 12550144
04-24 15:32:32.053   191   191 D vold    : Copying 8 blocks at offset 12582912
04-24 15:32:32.053   191   191 D vold    : Copying 8 blocks at offset 12615680
04-24 15:32:32.053   191   191 D vold    : Copying 8 blocks at offset 12648448
04-24 15:32:32.053   191   191 D vold    : Copying 8 blocks at offset 12681216
04-24 15:32:32.054   191   191 D vold    : Copying 8 blocks at offset 12713984
04-24 15:32:32.054   191   191 D vold    : Copying 8 blocks at offset 12746752
04-24 15:32:32.054   191   191 D vold    : Copying 8 blocks at offset 12779520
04-24 15:32:32.054   191   191 D vold    : Copying 8 blocks at offset 12812288
