04-24 15:55:59.778   368   368 V APM_AudioPolicyManager: setOutputDevices device {type:0x2,@:} delayMs 0
04-24 15:55:59.778   368   368 V APM_AudioPolicyManager: setOutputDevices() prevDevice {type:0x2,@:}
04-24 15:55:59.779   368   368 V APM_AudioPolicyManager: setOutputDevices changing device to {type:0x2,@:}
04-24 15:55:59.780   293   293 D XfrmController: Sending Netlink XFRM Message: XFRM_MSG_FLUSHSA
04-24 15:55:59.780   293   293 D XfrmController: Sending Netlink XFRM Message: XFRM_MSG_FLUSHPOLICY
04-24 15:55:59.780   293   293 I netd    : Initializing XfrmController: 39295us
04-24 15:55:59.786   447   447 I HidlServiceManagement: Registered android.hardware.biometrics.face@1.0::IBiometricsFace/default (start delay of 182ms)
04-24 15:55:59.786   447   447 I HidlServiceManagement: Removing namespace from process name android.hardware.biometrics.face@1.0-service.example to face@1.0-service.example.
04-24 15:55:59.786   447   447 I android.hardware.biometrics.face@1.0-service: BiometricsFace HAL has started successfully.
04-24 15:55:59.788   430   451 I ServiceManager: Waiting for service 'package_native' on '/dev/binder'...
04-24 15:55:59.793   368   368 V APM_AudioPolicyManager: setOutputDevices() AF::createAudioPatch returned 0 patchHandle 12 num_sources 1 num_sinks 1
04-24 15:55:59.794   368   368 V APM_AudioPolicyManager: checkAndSetVolume cannot set volume group 4 volume with force use = 0 for comm
04-24 15:55:59.797   368   368 I AudioFlinger: openOutput() this 0x795004b34070, module 10 Device type:0x10000,@:, SamplingRate 44100, Format 0x000001, Channels 0x3, flags 0
04-24 15:55:59.798   368   368 I AudioFlinger: HAL output buffer size 976 frames, normal sink buffer size 976 frames
04-24 15:55:59.798   300   300 E android.hardware.audio.service.ranchu: device/generic/goldfish/audio/stream_out.cpp:setEventCallback:457 failure: Result::NOT_SUPPORTED
04-24 15:55:59.798   368   368 E AudioFlinger: Failed to add event callback
04-24 15:55:59.798   300   300 E android.hardware.audio.service.ranchu: device/generic/goldfish/audio/primary_device.cpp:getParameters:234 failure: Result::NOT_SUPPORTED
04-24 15:55:59.805   368   368 V APM_AudioPolicyManager: checkAndSetVolume cannot set volume group 4 volume with force use = 0 for comm
04-24 15:55:59.806   421   421 I ServiceManager: Waiting for service 'package_native' on '/dev/binder'...
04-24 15:55:59.808   293   293 I libnetd_resolv: resolv_init: Initializing resolver
04-24 15:55:59.797     0     0 I init    : processing action (khungtask.enable=true) from (/system/etc/init/llkd.rc:25)
04-24 15:55:59.799     0     0 I init    : processing action (khungtask.enable=false) from (/system/etc/init/llkd.rc:31)
04-24 15:55:59.812   368   474 I AudioFlinger: AudioFlinger's thread 0x79518728d040 tid=474 ready to run
04-24 15:55:59.814   368   474 W AudioFlinger: no wake lock to update, system not ready yet
04-24 15:55:59.814   368   474 D AudioFlinger: ro.audio.silent is ignored since no output device is set
04-24 15:55:59.814   300   300 E android.hardware.audio.service.ranchu: device/generic/goldfish/audio/stream_out.cpp:getPresentationPosition:487 failure: Result::NOT_SUPPORTED
04-24 15:55:59.818   368   368 V APM_AudioPolicyManager: selectOutputForMusicEffects selected output 13
04-24 15:55:59.810     0     0 I init    : processing action (init.svc.mediadrm=running) from (/vendor/etc/init/android.hardware.drm@1.3-service.widevine.rc:1)
04-24 15:55:59.818   368   368 V APM_AudioPolicyManager: setOutputDevices device {type:0x10000,@:} delayMs 0
04-24 15:55:59.818   368   368 V APM_AudioPolicyManager: setOutputDevices() prevDevice {type:0x10000,@:}
04-24 15:55:59.818   368   474 W AudioFlinger: no wake lock to update, system not ready yet
04-24 15:55:59.818   368   474 D AudioFlinger: ro.audio.silent is ignored since no output device is set
04-24 15:55:59.818   368   368 V APM_AudioPolicyManager: setOutputDevices changing device to {type:0x10000,@:}
--------- beginning of radio
04-24 15:55:59.831   440   440 D RILD    : **RIL Daemon Started**
04-24 15:55:59.831   440   440 D RILD    : **RILd param count=1**
04-24 15:55:59.832   368   368 V APM_AudioPolicyManager: setOutputDevices() AF::createAudioPatch returned 0 patchHandle 20 num_sources 1 num_sinks 1
04-24 15:55:59.832   368   368 V APM_AudioPolicyManager: checkAndSetVolume cannot set volume group 4 volume with force use = 0 for comm
04-24 15:55:59.837   440   440 W RILD    : RIL_SAP_Init not defined or exported in /vendor/lib64/libgoldfish-ril.so: undefined symbol: RIL_SAP_Init
04-24 15:55:59.837   440   440 D RILD    : RIL_Init argc = 3 clientId = 0
04-24 15:55:59.837   440   440 I RIL     : Client id received 0
04-24 15:55:59.837   440   440 D RILD    : RIL_Init rilInit completed
04-24 15:55:59.837   440   440 I RILC    : SIM_COUNT: 1
04-24 15:55:59.837   440   440 E RILC    : RIL_register: RIL version 12
04-24 15:55:59.837   440   440 I RILC    : s_registerCalled flag set, 1
04-24 15:55:59.837   440   440 D RILC    : registerService: starting android::hardware::radio::V1_1::IRadio slot1
04-24 15:55:59.840   440   440 I HidlServiceManagement: Registered android.hardware.radio@1.1::IRadio/slot1 (start delay of 316ms)
04-24 15:55:59.840   440   440 I RILC    : RILHIDL called registerService
04-24 15:55:59.840   440   440 D RILD    : RIL_Init RIL_register completed
04-24 15:55:59.840   440   440 D RILD    : RIL_register_socket completed
04-24 15:55:59.842   294   294 I zygote64: Using memfd for future sealing
04-24 15:55:59.842   295   295 I zygote  : Using memfd for future sealing
04-24 15:55:59.842   413   413 I cameraserver: ServiceManager: 0xf11c0c70
04-24 15:55:59.843   413   413 I CameraService: CameraService started (pid=413)
04-24 15:55:59.843   413   413 I CameraService: CameraService process starting
04-24 15:55:59.843   413   413 W BatteryNotifier: batterystats service unavailable!
04-24 15:55:59.844   413   413 W BatteryNotifier: batterystats service unavailable!
04-24 15:55:59.846   294   294 W zygote64: Unexpected CPU variant for X86 using defaults: x86_64
04-24 15:55:59.847   295   295 W zygote  : Unexpected CPU variant for X86 using defaults: x86_64
04-24 15:55:59.847   473   473 I livelock: started
04-24 15:55:59.848   473   473 W livelock: [khungtaskd] not configurable
04-24 15:55:59.849   473   473 I livelock: ro.config.low_ram=false
04-24 15:55:59.849   473   473 I livelock: ro.llk.sysrq_t=true
04-24 15:55:59.849   473   473 I livelock: ro.llk.enable=true
04-24 15:55:59.849   473   473 I livelock: ro.khungtask.enable=true
04-24 15:55:59.849   473   473 I livelock: ro.llk.mlockall=true
04-24 15:55:59.849   473   473 I livelock: ro.llk.killtest=true
04-24 15:55:59.849   473   473 I livelock: ro.khungtask.timeout=720s
04-24 15:55:59.849   473   473 I livelock: ro.llk.timeout_ms=600.000s
04-24 15:55:59.849   473   473 I livelock: ro.llk.D.timeout_ms=600.000s
04-24 15:55:59.849   473   473 I livelock: ro.llk.Z.timeout_ms=600.000s
04-24 15:55:59.849   473   473 I livelock: ro.llk.stack.timeout_ms=600.000s
04-24 15:55:59.849   473   473 I livelock: ro.llk.check_ms=120.000s
04-24 15:55:59.849   473   473 I livelock: ro.llk.stack=wait_on_page_bit_killable,bit_wait_io,__get_user_pages,cma_alloc
04-24 15:55:59.849   473   473 I livelock: ro.llk.ignorelist.process.stack=llkd,lmkd.llkd,apexd,ueventd,keystore,init
04-24 15:55:59.849   473   473 I livelock: ro.llk.ignorelist.process=[watchdog/3],[watchdog/2],[watchdog/1],[watchdogd/0],2,[watchdogd],watchdogd,llkd,lmkd,[kthreadd],init,[khungtaskd],473,1,0
04-24 15:55:59.849   473   473 I livelock: ro.llk.ignorelist.parent=[kthreadd],2,0,adbd&[setsid]
04-24 15:55:59.849   473   473 I livelock: ro.llk.ignorelist.uid=
04-24 15:55:59.849   368   478 I AudioFlinger: AudioFlinger's thread 0x7951869e0040 tid=478 ready to run
04-24 15:55:59.850   413   413 I CameraProviderManager: Connecting to new camera provider: internal/0, isRemote? 1
04-24 15:55:59.851   368   478 W AudioFlinger: no wake lock to update, system not ready yet
04-24 15:55:59.858   368   496 I AudioFlinger: AudioFlinger's thread 0x795186856040 tid=496 ready to run
04-24 15:55:59.859   368   496 W AudioFlinger: no wake lock to update, system not ready yet
04-24 15:55:59.859   413   413 I CameraProviderManager: Enumerating new camera device: device@3.5/internal/1
04-24 15:55:59.859   304   359 I EmulatedCameraDeviceHwlImpl: Create: Created EmulatedCameraDeviceHwlImpl for camera 1
04-24 15:55:59.859   304   359 I GCH_CameraDevice: Create: Created a camera device for public(1)
04-24 15:55:59.861   304   359 W GCH_HalVendorTags: ModifyCharacteristicsKeys: failed to get ANDROID_REQUEST_AVAILABLE_SESSION_KEYS
04-24 15:55:59.862   413   413 E CameraProviderManager: addDynamicDepthTags: Advertised depth exclusive tag but value is not present!
04-24 15:55:59.863   413   413 E CameraProviderManager: DeviceInfo3: Failed appending dynamic depth tags: Invalid argument (-22)
04-24 15:55:59.864   292   292 I ServiceManager: Waiting for service 'statscompanion' on '/dev/binder'...
04-24 15:55:59.864   304   359 W GCH_HalVendorTags: ModifyCharacteristicsKeys: failed to get ANDROID_REQUEST_AVAILABLE_SESSION_KEYS
04-24 15:55:59.865   304   359 I chatty  : uid=1000(system) HwBinder:304_1 identical 1 line
04-24 15:55:59.865   304   359 W GCH_HalVendorTags: ModifyCharacteristicsKeys: failed to get ANDROID_REQUEST_AVAILABLE_SESSION_KEYS
04-24 15:55:59.866   413   413 I CameraProviderManager: Camera provider internal/0 ready with 1 camera devices
04-24 15:55:59.866   368   496 W AudioFlinger: no wake lock to update, system not ready yet
04-24 15:55:59.866   413   413 I CameraProviderManager: Connecting to new camera provider: legacy/0, isRemote? 1
04-24 15:55:59.867   413   413 I CameraProviderManager: Enumerating new camera device: device@3.3/legacy/0
04-24 15:55:59.867   413   413 E CameraProviderManager: DeviceInfo3: Converted ICameraDevice instance to nullptr
04-24 15:55:59.867   413   413 I CameraProviderManager: Camera provider legacy/0 ready with 1 camera devices
04-24 15:55:59.867   413   487 W CameraProviderManager: addProviderLocked: Camera provider HAL with name 'internal/0' already registered
04-24 15:55:59.868   413   413 I CameraService: onDeviceStatusChanged: Status changed for cameraId=1, newStatus=1
04-24 15:55:59.868   413   413 I CameraService: onDeviceStatusChanged: Unknown camera ID 1, a new camera is added
04-24 15:55:59.868   440   477 D RIL     : setRadioState(0)
04-24 15:55:59.868   413   413 I CameraService: onDeviceStatusChanged: Status changed for cameraId=0, newStatus=1
04-24 15:55:59.868   413   413 I CameraService: onDeviceStatusChanged: Unknown camera ID 0, a new camera is added
04-24 15:55:59.868   413   487 I CameraService: onDeviceStatusChanged: Status changed for cameraId=1, newStatus=1
04-24 15:55:59.869   413   487 E CameraService: onDeviceStatusChanged: State transition to the same status 0x1 not allowed
04-24 15:55:59.869   413   487 W CameraProviderManager: addProviderLocked: Camera provider HAL with name 'legacy/0' already registered
04-24 15:55:59.869   413   413 I cameraserver: Waiting for activity service
04-24 15:55:59.871   440   477 E RILC    : radioStateChangedInd: radioService[0]->mRadioIndication == NULL
04-24 15:55:59.872   440   477 E RILC    : simStatusChangedInd: radioService[0]->mRadioIndication == NULL
04-24 15:55:59.872   440   477 D AT      : AT> ATE0Q0V1
04-24 15:55:59.872   368   510 I AudioFlinger: AudioFlinger's thread 0x795186856040 tid=510 ready to run
04-24 15:55:59.872   368   510 W AudioFlinger: no wake lock to update, system not ready yet
04-24 15:55:59.875   440   503 D AT      : AT< OK
04-24 15:55:59.874   368   510 W AudioFlinger: no wake lock to update, system not ready yet
04-24 15:55:59.880   300   300 I r_submix: adev_open(name=audio_hw_if)
04-24 15:55:59.881   300   300 I r_submix: adev_init_check()
04-24 15:55:59.881   368   368 I AudioFlinger: loadHwModule() Loaded r_submix audio interface, handle 18
04-24 15:55:59.881   300   300 D r_submix: adev_open_input_stream(addr=0)
04-24 15:55:59.881   300   300 D r_submix: submix_audio_device_create_pipe_l(addr=0, idx=9)
04-24 15:55:59.881   300   300 D r_submix:   now using address 0 for route 9
04-24 15:55:59.882   368   518 I AudioFlinger: AudioFlinger's thread 0x795186856040 tid=518 ready to run
04-24 15:55:59.882   300   300 I r_submix: in_standby()
04-24 15:55:59.885   368   518 W AudioFlinger: no wake lock to update, system not ready yet
04-24 15:55:59.885   300   300 I r_submix: in_standby()
04-24 15:55:59.889   430   451 I ServiceManager: Waiting for service 'package_native' on '/dev/binder'...
04-24 15:55:59.892   413   490 I CameraProviderManager: Camera device device@3.5/internal/1 physical device 26 status is now NOT_PRESENT, was NOT_PRESENT
04-24 15:55:59.892   413   490 I CameraService: onDeviceStatusChanged: Status changed for cameraId=1, physicalCameraId=26, newStatus=0
04-24 15:55:59.903   436   436 I ServiceManager: Waiting for service 'package_native' on '/dev/binder'...
04-24 15:55:59.907   421   421 I ServiceManager: Waiting for service 'package_native' on '/dev/binder'...
04-24 15:55:59.903     0     0 I init    : starting service 'netmgr'...
04-24 15:55:59.910     0     0 I init    : Control message: Processed ctl.start for 'netmgr' from pid: 521 (setprop ctl.start netmgr)
04-24 15:55:59.920   429   429 E MediaExtractorFactory: couldn't opendir(/system/lib64/extractors)
04-24 15:55:59.920   429   429 E MediaExtractorFactory: couldn't opendir(/system_ext/lib64/extractors)
04-24 15:55:59.927     0     0 I init    : starting service 'wifi_forwarder'...
04-24 15:55:59.941   441   441 I mediaswcodec: media swcodec service starting
04-24 15:55:59.931     0     0 I init    : Control message: Processed ctl.start for 'wifi_forwarder' from pid: 524 (setprop ctl.start wifi_forwarder)
04-24 15:55:59.943   441   441 W mediaswcodec: Could not read additional policy file '/vendor/etc/seccomp_policy/mediaswcodec.policy'
04-24 15:55:59.943   441   441 W mediaswcodec: libminijail[441]: failed to get path of fd 4: No such file or directory
04-24 15:55:59.943   441   441 W mediaswcodec: libminijail[441]: allowing syscall: socket
04-24 15:55:59.943   441   441 W mediaswcodec: libminijail[441]: allowing syscall: connect
04-24 15:55:59.943   441   441 W mediaswcodec: libminijail[441]: allowing syscall: fcntl
04-24 15:55:59.943   441   441 W mediaswcodec: libminijail[441]: allowing syscall: writev
04-24 15:55:59.943   441   441 W mediaswcodec: libminijail[441]: compile_file: <fd>(20): nonexistent syscall 'getuid32'
04-24 15:55:59.943   441   441 W mediaswcodec: libminijail[441]: compile_file: <fd>(26): nonexistent syscall 'mmap2'
04-24 15:55:59.943   441   441 W mediaswcodec: libminijail[441]: compile_file: <fd>(28): nonexistent syscall 'fstat64'
04-24 15:55:59.943   441   441 W mediaswcodec: libminijail[441]: compile_file: <fd>(30): nonexistent syscall 'stat64'
04-24 15:55:59.943   441   441 W mediaswcodec: libminijail[441]: compile_file: <fd>(31): nonexistent syscall 'statfs64'
04-24 15:55:59.944   441   441 W mediaswcodec: libminijail[441]: compile_file: <fd>(33): nonexistent syscall 'fstatat64'
04-24 15:55:59.944   441   441 W mediaswcodec: libminijail[441]: compile_file: <fd>(38): nonexistent syscall '_llseek'
04-24 15:55:59.944   441   441 W mediaswcodec: libminijail[441]: compile_file: <fd>(47): nonexistent syscall 'ugetrlimit'
04-24 15:55:59.944   441   441 W mediaswcodec: libminijail[441]: compile_file: <fd>(50): nonexistent syscall '_llseek'
04-24 15:55:59.944   441   441 W mediaswcodec: libminijail[441]: compile_file: <fd>(51): nonexistent syscall 'fstatfs64'
04-24 15:55:59.944   441   441 W mediaswcodec: libminijail[441]: compile_file: <fd>(63): nonexistent syscall 'ftruncate64'
04-24 15:55:59.946   441   441 W mediaswcodec: libminijail[441]: logging seccomp filter failures
04-24 15:55:59.946   441   441 I CodecServiceRegistrant: Creating software Codec2 service...
04-24 15:55:59.948   441   441 D C2Store : Default ION heapmask = -1
04-24 15:55:59.948   441   441 D C2Store : Default ION flags = 0
04-24 15:55:59.948   441   441 D C2Store : Default ION align = 0
04-24 15:55:59.949   441   441 I HidlServiceManagement: Registered android.hardware.media.c2@1.1::IComponentStore/software (start delay of 395ms)
04-24 15:55:59.949   183   183 I hwservicemanager: getTransport: Cannot find entry android.hardware.media.c2@1.0::IComponentStore/default in either framework or device manifest.
04-24 15:55:59.952   441   441 I CodecServiceRegistrant: Preferred Codec2 store is defaulted to "software".
04-24 15:55:59.952   441   441 I CodecServiceRegistrant: Software Codec2 service created and registered.
04-24 15:55:59.946     0     0 I br0     : port 1(eth0) entered blocking state
04-24 15:55:59.946     0     0 I br0     : port 1(eth0) entered disabled state
04-24 15:55:59.947     0     0 I         : device eth0 entered promiscuous mode
04-24 15:55:59.948     0     0 I br0     : port 1(eth0) entered blocking state
04-24 15:55:59.949     0     0 I br0     : port 1(eth0) entered forwarding state
04-24 15:55:59.950     0     0 I br0     : port 2(radio0-peer) entered blocking state
04-24 15:55:59.951     0     0 I br0     : port 2(radio0-peer) entered disabled state
04-24 15:55:59.952     0     0 I         : device radio0-peer entered promiscuous mode
04-24 15:55:59.953     0     0 I br0     : port 2(radio0-peer) entered blocking state
04-24 15:55:59.963   523   523 E netmgr  : qemu_pipe_open_ns:62: Could not connect to the 'pipe:qemud:network' service: Invalid argument
04-24 15:55:59.963   523   523 E netmgr  : Failed to open QEMU pipe 'qemud:network': Invalid argument
04-24 15:55:59.954     0     0 I br0     : port 2(radio0-peer) entered forwarding state
04-24 15:55:59.956     0     0 I init    : processing action (vendor.network.bridged=1) from (/vendor/etc/init/hw/init.ranchu.rc:150)
04-24 15:55:59.967   292   292 I ServiceManager: Waiting for service 'statscompanion' on '/dev/binder'...
04-24 15:55:59.959     0     0 I init    : starting service 'dhcpclient_rtr'...
04-24 15:55:59.965     0     0 I init    : starting service 'emu_hostapd'...
04-24 15:55:59.969     0     0 I init    : Control message: Processed ctl.start for 'emu_hostapd' from pid: 528 (setprop ctl.start emu_hostapd)
04-24 15:55:59.989   527   527 E wifi_forwarder: qemu_pipe_open_ns:62: Could not connect to the 'pipe:qemud:wififorward' service: Invalid argument
04-24 15:55:59.989   527   527 E wifi_forwarder: RemoteConnection failed to initialize: RemoteConnection failed to open pipe
04-24 15:55:59.990   430   451 I ServiceManager: Waiting for service 'package_native' on '/dev/binder'...
04-24 15:56:00.008   436   436 I ServiceManager: Waiting for service 'package_native' on '/dev/binder'...
04-24 15:56:00.009   421   421 I ServiceManager: Waiting for service 'package_native' on '/dev/binder'...
04-24 15:56:00.004     0     0 I init    : Service 'ranchu-net' (pid 393) exited with status 0 oneshot service took 0.780000 seconds in background
04-24 15:56:00.006     0     0 I init    : Sending signal 9 to service 'ranchu-net' (pid 393) process group...
04-24 15:56:00.007     0     0 I libprocessgroup: Successfully killed process cgroup uid 0 pid 393 in 0ms
04-24 15:56:00.015     0     0 I capability: warning: `hostapd_nohidl' uses 32-bit capabilities (legacy support in use)
04-24 15:56:00.025   294   294 W zygote64: JNI RegisterNativeMethods: attempt to register 0 native methods for android.media.AudioAttributes
04-24 15:56:00.026   295   295 W zygote  : JNI RegisterNativeMethods: attempt to register 0 native methods for android.media.AudioAttributes
04-24 15:56:00.029   533   533 I hostapd : rfkill: Cannot get wiphy information
04-24 15:56:00.030   533   533 I hostapd : wlan1: interface state UNINITIALIZED->COUNTRY_UPDATE
04-24 15:56:00.023     0     0 I br0     : port 3(wlan1) entered blocking state
04-24 15:56:00.024     0     0 I br0     : port 3(wlan1) entered disabled state
04-24 15:56:00.025     0     0 I         : device wlan1 entered promiscuous mode
04-24 15:56:00.026     0     0 I br0     : port 3(wlan1) entered blocking state
04-24 15:56:00.027     0     0 I br0     : port 3(wlan1) entered forwarding state
04-24 15:56:00.050   294   294 I boot_progress_preload_start: 13406
04-24 15:56:00.050   294   294 D Zygote  : begin preload
04-24 15:56:00.050   294   294 I Zygote  : Calling ZygoteHooks.beginPreload()
04-24 15:56:00.056   295   295 I zygote  : Explicit concurrent copying GC freed 640(60KB) AllocSpace objects, 0(0B) LOS objects, 93% free, 98KB/1634KB, paused 592us total 6.561ms
04-24 15:56:00.062   295   295 I zygote  : Explicit concurrent copying GC freed 24(47KB) AllocSpace objects, 0(0B) LOS objects, 93% free, 100KB/1636KB, paused 365us total 5.288ms
04-24 15:56:00.062   295   295 D Zygote32Timing: PostZygoteInitGC took to complete: 13ms
04-24 15:56:00.062   295   295 D Zygote32Timing: ZygoteInit took to complete: 23ms
04-24 15:56:00.066   295   295 I Zygote  : Accepting command socket connections
04-24 15:56:00.068   292   292 I ServiceManager: Waiting for service 'statscompanion' on '/dev/binder'...
04-24 15:56:00.083   368   518 W AudioFlinger: no wake lock to update, system not ready yet
04-24 15:56:00.084   300   300 D r_submix: adev_close_input_stream()
04-24 15:56:00.084   300   300 D r_submix: submix_audio_device_release_pipe_l(idx=9) addr=0
04-24 15:56:00.084   300   300 D r_submix: submix_audio_device_destroy_pipe_l(): pipe destroyed
04-24 15:56:00.086   368   368 W APM::AudioPolicyEngine: getDevicesForStrategy() unknown strategy: -1
04-24 15:56:00.086   368   368 W APM::AudioPolicyEngine: getDevicesForStrategy() unknown strategy: -1
04-24 15:56:00.086   368   368 I audioserver: Waiting for activity service
04-24 15:56:00.090   294   294 D Zygote64Timing: BeginPreload took to complete: 41ms
04-24 15:56:00.091   294   294 I Zygote  : Preloading classes...
04-24 15:56:00.091   430   451 I ServiceManager: Waiting for service 'package_native' on '/dev/binder'...
04-24 15:56:00.093   294   294 W Zygote  : Class not found for preloading: android.app.-$$Lambda$ResourcesManager$QJ7UiVk_XS90KuXAsIjIEym1DnM
04-24 15:56:00.109   436   436 I ServiceManager: Waiting for service 'package_native' on '/dev/binder'...
04-24 15:56:00.111   421   421 I ServiceManager: Waiting for service 'package_native' on '/dev/binder'...
04-24 15:56:00.126   440   477 D RIL     : query_ctec. current: 0x7a1f13217b8c, preferred: 0x7a1f13217b88
04-24 15:56:00.126   440   477 D AT      : AT> AT+CTEC?
04-24 15:56:00.126   440   503 D AT      : AT< +CTEC: 0,f
04-24 15:56:00.126   440   503 D AT      : AT< OK
04-24 15:56:00.126   440   477 D RIL     : Response: +CTEC: 0,f
04-24 15:56:00.126   440   477 D RIL     : line remaining after int: f
04-24 15:56:00.126   440   477 D RIL     : query_supported_techs
04-24 15:56:00.126   440   477 D AT      : AT> AT+CTEC=?
04-24 15:56:00.127   440   503 D AT      : AT< +CTEC: 0,1,2,3
04-24 15:56:00.127   440   503 D AT      : AT< OK
04-24 15:56:00.128   440   477 I RIL     : Found Multimode Modem. Supported techs mask: 0000001f. Current tech: 0
04-24 15:56:00.128   440   477 D AT      : AT> ATE0Q0V1
04-24 15:56:00.129   440   503 D AT      : AT< OK
04-24 15:56:00.129   440   477 D AT      : AT> ATS0=0
04-24 15:56:00.132   440   503 D AT      : AT< OK
04-24 15:56:00.133   440   477 D AT      : AT> AT+CMEE=1
04-24 15:56:00.133   440   503 D AT      : AT< OK
04-24 15:56:00.134   440   477 D AT      : AT> AT+CREG=2
04-24 15:56:00.134   440   503 D AT      : AT< OK
04-24 15:56:00.134   440   477 D AT      : AT> AT+CGREG=1
04-24 15:56:00.135   440   503 D AT      : AT< OK
04-24 15:56:00.136   440   477 D AT      : AT> AT+CCWA=1
04-24 15:56:00.136   440   503 D AT      : AT< OK
04-24 15:56:00.139   440   477 D AT      : AT> AT+CMOD=0
04-24 15:56:00.141   440   503 D AT      : AT< OK
04-24 15:56:00.141   440   477 D AT      : AT> AT+CMUT=0
04-24 15:56:00.142   440   503 D AT      : AT< OK
04-24 15:56:00.142   440   477 D AT      : AT> AT+CSSN=0,1
04-24 15:56:00.143   440   503 D AT      : AT< OK
04-24 15:56:00.143   440   477 D AT      : AT> AT+COLP=0
04-24 15:56:00.144   440   503 D AT      : AT< OK
04-24 15:56:00.144   440   477 D AT      : AT> AT+CSCS="HEX"
04-24 15:56:00.146   440   503 D AT      : AT< OK
04-24 15:56:00.146   440   477 D AT      : AT> AT+CUSD=1
04-24 15:56:00.146   440   503 D AT      : AT< OK
04-24 15:56:00.147   440   477 D AT      : AT> AT+CGEREP=1,0
04-24 15:56:00.148   440   503 D AT      : AT< OK
04-24 15:56:00.148   440   477 D AT      : AT> AT+CMGF=0
04-24 15:56:00.148   440   503 D AT      : AT< %CTZV: 26/04/24:15:56:00-24:0:Unknown!Unknown
04-24 15:56:00.149   440   503 E RILC    : nitzTimeReceivedInd: radioService[0]->mRadioIndication == NULL
04-24 15:56:00.149   440   503 D AT      : AT< OK
04-24 15:56:00.149   440   477 D AT      : AT> AT+CFUN?
04-24 15:56:00.149   440   503 D AT      : AT< +CFUN: 0
04-24 15:56:00.150   440   503 D AT      : AT< OK
04-24 15:56:00.150   440   501 D AT      : AT> AT+CGACT?
04-24 15:56:00.150   440   503 D AT      : AT< OK
04-24 15:56:00.151   440   501 D AT      : AT> AT+CGDCONT?
04-24 15:56:00.151   440   503 D AT      : AT< OK
04-24 15:56:00.151   440   501 E RILC    : dataCallListChangedInd: radioService[0]->mRadioIndication == NULL
04-24 15:56:00.152   440   501 D AT      : AT> AT+CGACT?
04-24 15:56:00.156   440   503 D AT      : AT< OK
04-24 15:56:00.156   440   501 D AT      : AT> AT+CGDCONT?
04-24 15:56:00.157   440   503 D AT      : AT< OK
04-24 15:56:00.157   440   501 E RILC    : dataCallListChangedInd: radioService[0]->mRadioIndication == NULL
04-24 15:56:00.169   292   292 I ServiceManager: Waiting for service 'statscompanion' on '/dev/binder'...
04-24 15:56:00.192   430   451 I ServiceManager: Waiting for service 'package_native' on '/dev/binder'...
04-24 15:56:00.210   436   436 I ServiceManager: Waiting for service 'package_native' on '/dev/binder'...
04-24 15:56:00.211   421   421 I ServiceManager: Waiting for service 'package_native' on '/dev/binder'...
04-24 15:56:00.270   292   292 I ServiceManager: Waiting for service 'statscompanion' on '/dev/binder'...
04-24 15:56:00.293   430   451 I ServiceManager: Waiting for service 'package_native' on '/dev/binder'...
04-24 15:56:00.298   294   494 I zygote64: Verified 1359 classes from mainline modules in 312.243ms
04-24 15:56:00.312   436   436 I ServiceManager: Waiting for service 'package_native' on '/dev/binder'...
04-24 15:56:00.312   421   421 I ServiceManager: Waiting for service 'package_native' on '/dev/binder'...
04-24 15:56:00.342   392   408 I adbd    : adbd mDNS service _adb._tcp registered: 1
04-24 15:56:00.370   292   292 I ServiceManager: Waiting for service 'statscompanion' on '/dev/binder'...
04-24 15:56:00.391   295   493 I zygote  : Verified 1359 classes from mainline modules in 335.949ms
04-24 15:56:00.394   430   451 I ServiceManager: Waiting for service 'package_native' on '/dev/binder'...
04-24 15:56:00.413   421   421 I ServiceManager: Waiting for service 'package_native' on '/dev/binder'...
04-24 15:56:00.413   436   436 I ServiceManager: Waiting for service 'package_native' on '/dev/binder'...
04-24 15:56:00.429     0     0 I br0     : port 3(wlan1) entered disabled state
04-24 15:56:00.472   292   292 I ServiceManager: Waiting for service 'statscompanion' on '/dev/binder'...
04-24 15:56:00.494   430   451 I ServiceManager: Waiting for service 'package_native' on '/dev/binder'...
04-24 15:56:00.514   421   421 I ServiceManager: Waiting for service 'package_native' on '/dev/binder'...
04-24 15:56:00.515   436   436 I ServiceManager: Waiting for service 'package_native' on '/dev/binder'...
04-24 15:56:00.553   294   294 E ActivityRecognitionHardware: activity_recognition HAL is deprecated. class_init is effectively a no-op
04-24 15:56:00.573   292   292 I ServiceManager: Waiting for service 'statscompanion' on '/dev/binder'...
04-24 15:56:00.595   430   451 I ServiceManager: Waiting for service 'package_native' on '/dev/binder'...
04-24 15:56:00.615   421   421 I ServiceManager: Waiting for service 'package_native' on '/dev/binder'...
04-24 15:56:00.616   436   436 I ServiceManager: Waiting for service 'package_native' on '/dev/binder'...
04-24 15:56:00.674   292   292 I ServiceManager: Waiting for service 'statscompanion' on '/dev/binder'...
04-24 15:56:00.696   430   451 I ServiceManager: Waiting for service 'package_native' on '/dev/binder'...
04-24 15:56:00.697   294   294 I zygote64: Thread[1,tid=294,Native,Thread*=0x7e91976d47b0,peer=0x131c0000,"main"] recursive attempt to load library "libmedia_jni.so"
04-24 15:56:00.699   294   294 I zygote64: Thread[1,tid=294,Native,Thread*=0x7e91976d47b0,peer=0x131c0000,"main"] recursive attempt to load library "libmedia_jni.so"
04-24 15:56:00.699   294   294 D MtpDeviceJNI: register_android_mtp_MtpDevice
04-24 15:56:00.699   294   294 I zygote64: Thread[1,tid=294,Native,Thread*=0x7e91976d47b0,peer=0x131c0000,"main"] recursive attempt to load library "libmedia_jni.so"
04-24 15:56:00.699   294   294 I zygote64: Thread[1,tid=294,Native,Thread*=0x7e91976d47b0,peer=0x131c0000,"main"] recursive attempt to load library "libmedia_jni.so"
04-24 15:56:00.705   294   294 W Zygote  : Class not found for preloading: android.media.MediaRouter$Static$Client$1
04-24 15:56:00.705   294   294 W Zygote  : Class not found for preloading: android.media.MediaRouter$Static$Client$2
04-24 15:56:00.716   421   421 I ServiceManager: Waiting for service 'package_native' on '/dev/binder'...
04-24 15:56:00.716   436   436 I ServiceManager: Waiting for service 'package_native' on '/dev/binder'...
04-24 15:56:00.724   294   294 W Zygote  : Class not found for preloading: android.net.shared.Inet4AddressUtils
04-24 15:56:00.724   294   294 W Zygote  : Class not found for preloading: android.net.shared.InetAddressUtils
04-24 15:56:00.728   440   501 D AT      : AT> AT+CGACT?
04-24 15:56:00.729   440   503 D AT      : AT< OK
04-24 15:56:00.729   440   501 D AT      : AT> AT+CGDCONT?
04-24 15:56:00.729   440   503 D AT      : AT< OK
04-24 15:56:00.730   440   501 E RILC    : dataCallListChangedInd: radioService[0]->mRadioIndication == NULL
04-24 15:56:00.730   440   502 D AT      : AT> AT+CGACT?
04-24 15:56:00.731   440   503 D AT      : AT< OK
04-24 15:56:00.731   440   502 D AT      : AT> AT+CGDCONT?
04-24 15:56:00.731   440   503 D AT      : AT< OK
04-24 15:56:00.731   440   502 E RILC    : dataCallListChangedInd: radioService[0]->mRadioIndication == NULL
04-24 15:56:00.731   440   501 D AT      : AT> AT+CGACT?
04-24 15:56:00.732   440   503 D AT      : AT< OK
04-24 15:56:00.732   440   501 D AT      : AT> AT+CGDCONT?
04-24 15:56:00.732   440   503 D AT      : AT< OK
04-24 15:56:00.732   440   501 E RILC    : dataCallListChangedInd: radioService[0]->mRadioIndication == NULL
04-24 15:56:00.735   294   294 D TelephonyManager: No /proc/cmdline exception=java.io.FileNotFoundException: /proc/cmdline: open failed: EACCES (Permission denied)
04-24 15:56:00.735   294   294 D TelephonyManager: /proc/cmdline=
04-24 15:56:00.774   294   294 W Zygote  : Class not found for preloading: android.view.-$$Lambda$cZhmLzK8aetUdx4VlP9w5jR7En0
04-24 15:56:00.775   292   292 I ServiceManager: Waiting for service 'statscompanion' on '/dev/binder'...
04-24 15:56:00.782   294   294 W Zygote  : Class not found for preloading: android.view.autofill.-$$Lambda$AutofillManager$AutofillManagerClient$vxNm6RuuD-r5pkiSxNSBBd1w_Qc
04-24 15:56:00.783   294   294 W Zygote  : Class not found for preloading: android.view.contentcapture.-$$Lambda$MainContentCaptureSession$1$JPRO-nNGZpgXrKr4QC_iQiTbQx0
04-24 15:56:00.783   294   294 W Zygote  : Class not found for preloading: android.view.contentcapture.-$$Lambda$MainContentCaptureSession$1$Xhq3WJibbalS1G_W3PRC2m7muhM
04-24 15:56:00.783   294   294 W Zygote  : Class not found for preloading: android.view.contentcapture.MainContentCaptureSession$1
04-24 15:56:00.797   430   451 I ServiceManager: Waiting for service 'package_native' on '/dev/binder'...
04-24 15:56:00.807   294   294 W Zygote  : Class not found for preloading: com.android.internal.telephony.-$$Lambda$SubscriptionController$VCQsMNqRHpN3RyoXYzh2YUwA2yc
04-24 15:56:00.807   294   294 W Zygote  : Class not found for preloading: com.android.internal.telephony.-$$Lambda$SubscriptionController$u5xE-urXR6ElZ50305_6guo20Fc
04-24 15:56:00.817   421   421 I ServiceManager: Waiting for service 'package_native' on '/dev/binder'...
04-24 15:56:00.817   436   436 I ServiceManager: Waiting for service 'package_native' on '/dev/binder'...
04-24 15:56:00.876   292   292 I ServiceManager: Waiting for service 'statscompanion' on '/dev/binder'...
04-24 15:56:00.898   430   451 I ServiceManager: Waiting for service 'package_native' on '/dev/binder'...
04-24 15:56:00.918   421   421 I ServiceManager: Waiting for service 'package_native' on '/dev/binder'...
04-24 15:56:00.918   436   436 I ServiceManager: Waiting for service 'package_native' on '/dev/binder'...
04-24 15:56:00.977   292   292 I ServiceManager: Waiting for service 'statscompanion' on '/dev/binder'...
04-24 15:56:00.999   430   451 I ServiceManager: Waiting for service 'package_native' on '/dev/binder'...
04-24 15:56:01.019   436   436 I ServiceManager: Waiting for service 'package_native' on '/dev/binder'...
04-24 15:56:01.019   421   421 I ServiceManager: Waiting for service 'package_native' on '/dev/binder'...
04-24 15:56:01.078   292   292 I ServiceManager: Waiting for service 'statscompanion' on '/dev/binder'...
04-24 15:56:01.100   430   451 I ServiceManager: Waiting for service 'package_native' on '/dev/binder'...
04-24 15:56:01.119   436   436 I ServiceManager: Waiting for service 'package_native' on '/dev/binder'...
04-24 15:56:01.120   421   421 I ServiceManager: Waiting for service 'package_native' on '/dev/binder'...
04-24 15:56:01.178   292   292 I ServiceManager: Waiting for service 'statscompanion' on '/dev/binder'...
04-24 15:56:01.200   430   451 I ServiceManager: Waiting for service 'package_native' on '/dev/binder'...
04-24 15:56:01.221   436   436 I ServiceManager: Waiting for service 'package_native' on '/dev/binder'...
04-24 15:56:01.221   421   421 I ServiceManager: Waiting for service 'package_native' on '/dev/binder'...
04-24 15:56:01.279   292   292 I ServiceManager: Waiting for service 'statscompanion' on '/dev/binder'...
04-24 15:56:01.301   430   451 I ServiceManager: Waiting for service 'package_native' on '/dev/binder'...
04-24 15:56:01.321   436   436 I ServiceManager: Waiting for service 'package_native' on '/dev/binder'...
04-24 15:56:01.323   421   421 I ServiceManager: Waiting for service 'package_native' on '/dev/binder'...
04-24 15:56:01.332   294   294 W Zygote  : Class not found for preloading: com.android.internal.telephony.IccSmsInterfaceManager$2
04-24 15:56:01.345   294   294 W Zygote  : Class not found for preloading: com.android.internal.widget.-$$Lambda$gPQuiuEDuOmrh2MixBcV6a5gu5s
04-24 15:56:01.345   294   294 W Zygote  : Class not found for preloading: com.android.internal.widget.LockPatternUtils$2
04-24 15:56:01.366   294   294 I Zygote  : ...preloaded 12110 classes in 1276ms.
04-24 15:56:01.366   294   294 I zygote64: VMRuntime.preloadDexCaches starting
04-24 15:56:01.379   294   294 I zygote64: VMRuntime.preloadDexCaches strings total=418008 before=11374 after=11374
04-24 15:56:01.379   294   294 I zygote64: VMRuntime.preloadDexCaches types total=40946 before=11206 after=11380
04-24 15:56:01.379   294   294 I zygote64: VMRuntime.preloadDexCaches fields total=173619 before=14202 after=15086
04-24 15:56:01.379   294   294 I zygote64: VMRuntime.preloadDexCaches methods total=315786 before=18080 after=18080
04-24 15:56:01.379   294   294 I zygote64: VMRuntime.preloadDexCaches finished
04-24 15:56:01.379   294   294 D Zygote64Timing: PreloadClasses took to complete: 1289ms
04-24 15:56:01.379   292   292 I ServiceManager: Waiting for service 'statscompanion' on '/dev/binder'...
04-24 15:56:01.383   294   294 I zygote64: The ClassLoaderContext is a special shared library.
04-24 15:56:01.384   294   294 D ApplicationLoaders: Created zygote-cached class loader: /system/framework/android.hidl.base-V1.0-java.jar
04-24 15:56:01.387   294   294 I zygote64: The ClassLoaderContext is a special shared library.
04-24 15:56:01.387   294   294 D ApplicationLoaders: Created zygote-cached class loader: /system/framework/android.hidl.manager-V1.0-java.jar
04-24 15:56:01.390   294   294 I zygote64: The ClassLoaderContext is a special shared library.
04-24 15:56:01.391   294   294 D ApplicationLoaders: Created zygote-cached class loader: /system/framework/android.test.base.jar
04-24 15:56:01.391   294   294 D Zygote64Timing: CacheNonBootClasspathClassLoaders took to complete: 11ms
04-24 15:56:01.391   294   294 I Zygote  : Preloading resources...
04-24 15:56:01.402   430   451 I ServiceManager: Waiting for service 'package_native' on '/dev/binder'...
04-24 15:56:01.404   294   294 W Resources: Preloaded drawable resource #0x108028b (android:drawable/dialog_background_material) that varies with configuration!!
04-24 15:56:01.411   294   294 I Zygote  : ...preloaded 64 resources in 20ms.
04-24 15:56:01.412   294   294 I Zygote  : ...preloaded 41 resources in 2ms.
04-24 15:56:01.412   294   294 D Zygote64Timing: PreloadResources took to complete: 22ms
04-24 15:56:01.417   294   294 I Zygote  : Preloading shared libraries...
04-24 15:56:01.422   436   436 I ServiceManager: Waiting for service 'package_native' on '/dev/binder'...
04-24 15:56:01.424   421   421 I ServiceManager: Waiting for service 'package_native' on '/dev/binder'...
04-24 15:56:01.426   294   294 I Zygote  : Called ZygoteHooks.endPreload()
04-24 15:56:01.426   294   294 I Zygote  : Installed AndroidKeyStoreProvider in 1ms.
04-24 15:56:01.429   294   294 I Zygote  : Warmed up JCA providers in 2ms.
04-24 15:56:01.429   294   294 D Zygote  : end preload
04-24 15:56:01.429   294   294 I boot_progress_preload_end: 14785
04-24 15:56:01.429   294   294 D Zygote64Timing: ZygotePreload took to complete: 1379ms
04-24 15:56:01.445   294   294 I zygote64: Explicit concurrent copying GC freed 39683(2050KB) AllocSpace objects, 0(0B) LOS objects, 49% free, 4925KB/9850KB, paused 270us total 15.912ms
04-24 15:56:01.452   294   294 I zygote64: Explicit concurrent copying GC freed 3602(166KB) AllocSpace objects, 0(0B) LOS objects, 49% free, 4790KB/9580KB, paused 264us total 6.362ms
04-24 15:56:01.452   294   294 D Zygote64Timing: PostZygoteInitGC took to complete: 23ms
04-24 15:56:01.452   294   294 D Zygote64Timing: ZygoteInit took to complete: 1410ms
04-24 15:56:01.471   294   294 D Zygote  : Forked child process 544
04-24 15:56:01.471   294   294 I Zygote  : System server process 544 has been created
04-24 15:56:01.473   294   294 I Zygote  : Accepting command socket connections
04-24 15:56:01.473   544   544 W system_server: Unexpected CPU variant for X86 using defaults: x86_64
04-24 15:56:01.477   392   411 I adbd    : jdwp connection from 544
04-24 15:56:01.480   292   292 I ServiceManager: Waiting for service 'statscompanion' on '/dev/binder'...
04-24 15:56:01.502   430   451 I ServiceManager: Waiting for service 'package_native' on '/dev/binder'...
04-24 15:56:01.524   421   421 I ServiceManager: Waiting for service 'package_native' on '/dev/binder'...
04-24 15:56:01.524   436   436 I ServiceManager: Waiting for service 'package_native' on '/dev/binder'...
04-24 15:56:01.581   292   292 I ServiceManager: Waiting for service 'statscompanion' on '/dev/binder'...
04-24 15:56:01.603   430   451 I ServiceManager: Waiting for service 'package_native' on '/dev/binder'...
04-24 15:56:01.625   421   421 I ServiceManager: Waiting for service 'package_native' on '/dev/binder'...
04-24 15:56:01.625   436   436 I ServiceManager: Waiting for service 'package_native' on '/dev/binder'...
04-24 15:56:01.665   544   544 I SystemServerTiming: InitBeforeStartServices
04-24 15:56:01.667   544   544 I system_server_start: [1,15019,15019]
04-24 15:56:01.667   544   544 I SystemServer: Entered the Android system server!
04-24 15:56:01.667   544   544 I boot_progress_system_run: 15024
04-24 15:56:01.681   292   292 I ServiceManager: Waiting for service 'statscompanion' on '/dev/binder'...
04-24 15:56:01.705   430   451 I ServiceManager: Waiting for service 'package_native' on '/dev/binder'...
04-24 15:56:01.726   421   421 I ServiceManager: Waiting for service 'package_native' on '/dev/binder'...
04-24 15:56:01.726   436   436 I ServiceManager: Waiting for service 'package_native' on '/dev/binder'...
04-24 15:56:01.782   292   292 I ServiceManager: Waiting for service 'statscompanion' on '/dev/binder'...
04-24 15:56:01.806   430   451 I ServiceManager: Waiting for service 'package_native' on '/dev/binder'...
04-24 15:56:01.827   421   421 I ServiceManager: Waiting for service 'package_native' on '/dev/binder'...
04-24 15:56:01.827   436   436 I ServiceManager: Waiting for service 'package_native' on '/dev/binder'...
04-24 15:56:01.854   544   544 E UsbAlsaJackDetectorJNI: Can't register UsbAlsaJackDetector native methods
04-24 15:56:01.875   544   544 I SystemServerInitThreadPool: Creating instance with 4 threads
04-24 15:56:01.875   544   544 D SystemServerTiming: InitBeforeStartServices took to complete: 211ms
04-24 15:56:01.875   544   544 I SystemServerTiming: StartServices
04-24 15:56:01.875   544   544 I SystemServerTiming: startBootstrapServices
04-24 15:56:01.876   544   544 I SystemServerTiming: StartWatchdog
04-24 15:56:01.883   292   292 I ServiceManager: Waiting for service 'statscompanion' on '/dev/binder'...
04-24 15:56:01.889   544   544 D SystemServerTiming: StartWatchdog took to complete: 13ms
04-24 15:56:01.889   544   544 I SystemServer: Reading configuration...
04-24 15:56:01.889   544   544 I SystemServerTiming: ReadingSystemConfig
04-24 15:56:01.889   544   544 D SystemServerTiming: ReadingSystemConfig took to complete: 1ms
04-24 15:56:01.889   544   544 I SystemServerTiming: PlatformCompat
04-24 15:56:01.890   544   568 I SystemServerTimingAsync: InitThreadPoolExec:ReadingSystemConfig
04-24 15:56:01.890   544   568 D SystemServerInitThreadPool: Started executing ReadingSystemConfig
04-24 15:56:01.891   544   568 I SystemConfig: Reading permissions from /system/etc/sysconfig/framework-sysconfig.xml
04-24 15:56:01.892   544   568 I SystemConfig: Reading permissions from /system/etc/sysconfig/preinstalled-packages-platform.xml
04-24 15:56:01.893   544   568 I SystemConfig: Reading permissions from /system/etc/sysconfig/hiddenapi-package-whitelist.xml
04-24 15:56:01.895   544   544 D CompatConfig: Found a config file: /system/etc/compatconfig/documents-ui-compat-config.xml
04-24 15:56:01.895   544   568 I SystemConfig: Reading permissions from /system/etc/permissions/android.test.base.xml
04-24 15:56:01.896   544   568 I SystemConfig: Reading permissions from /system/etc/permissions/com.android.documentsui.xml
04-24 15:56:01.897   544   568 I SystemConfig: Reading permissions from /system/etc/permissions/org.apache.http.legacy.xml
04-24 15:56:01.897   544   544 D CompatConfig: Adding: com.android.server.compat.config.Change@a0c2a30
04-24 15:56:01.897   544   568 I SystemConfig: Reading permissions from /system/etc/permissions/com.android.future.usb.accessory.xml
04-24 15:56:01.898   544   568 I SystemConfig: Reading permissions from /system/etc/permissions/com.android.timezone.updater.xml
04-24 15:56:01.899   544   568 I SystemConfig: Reading permissions from /system/etc/permissions/android.test.runner.xml
04-24 15:56:01.900   544   568 I SystemConfig: Reading permissions from /system/etc/permissions/com.android.nfc_extras.xml
04-24 15:56:01.903   544   568 I SystemConfig: Reading permissions from /system/etc/permissions/javax.obex.xml
04-24 15:56:01.903   544   544 D CompatConfig: Found a config file: /system/etc/compatconfig/services-platform-compat-config.xml
04-24 15:56:01.903   544   568 I SystemConfig: Reading permissions from /system/etc/permissions/com.android.location.provider.xml
04-24 15:56:01.904   544   568 I SystemConfig: Reading permissions from /system/etc/permissions/android.software.webview.xml
04-24 15:56:01.904   544   544 D CompatConfig: Adding: com.android.server.compat.config.Change@b51a1e1
04-24 15:56:01.905   544   568 I SystemConfig: Reading permissions from /system/etc/permissions/com.android.mediadrm.signer.xml
04-24 15:56:01.905   544   544 D CompatConfig: Adding: com.android.server.compat.config.Change@61ad5c7
04-24 15:56:01.906   544   568 I SystemConfig: Reading permissions from /system/etc/permissions/com.android.media.remotedisplay.xml
04-24 15:56:01.906   430   451 I ServiceManager: Waiting for service 'package_native' on '/dev/binder'...
04-24 15:56:01.906   544   544 D CompatConfig: Adding: com.android.server.compat.config.Change@f657b1d
04-24 15:56:01.906   544   568 I SystemConfig: Reading permissions from /system/etc/permissions/privapp-permissions-platform.xml
04-24 15:56:01.907   544   544 D CompatConfig: Adding: com.android.server.compat.config.Change@2e50763
04-24 15:56:01.908   544   544 D CompatConfig: Adding: com.android.server.compat.config.Change@d567f60
04-24 15:56:01.909   544   568 I SystemConfig: Reading permissions from /system/etc/permissions/android.software.live_wallpaper.xml
04-24 15:56:01.909   544   544 D CompatConfig: Adding: com.android.server.compat.config.Change@fb614de
04-24 15:56:01.910   544   568 I SystemConfig: Reading permissions from /system/etc/permissions/android.test.mock.xml
04-24 15:56:01.910   544   544 D CompatConfig: Adding: com.android.server.compat.config.Change@e94318c
04-24 15:56:01.910   544   568 I SystemConfig: Reading permissions from /system/etc/permissions/platform.xml
04-24 15:56:01.911   544   544 D CompatConfig: Adding: com.android.server.compat.config.Change@70aa0ea
04-24 15:56:01.912   544   544 D CompatConfig: Adding: com.android.server.compat.config.Change@b89ffdb
04-24 15:56:01.912   544   544 D CompatConfig: Adding: com.android.server.compat.config.Change@418da78
04-24 15:56:01.912   544   568 I SystemConfig: Reading permissions from /vendor/etc/permissions/android.hardware.camera.front.xml
04-24 15:56:01.913   544   544 D CompatConfig: Adding: com.android.server.compat.config.Change@569e1b6
04-24 15:56:01.913   544   568 I SystemConfig: Reading permissions from /vendor/etc/permissions/android.hardware.camera.flash-autofocus.xml
04-24 15:56:01.914   544   544 D CompatConfig: Adding: com.android.server.compat.config.Change@f3d2624
04-24 15:56:01.914   544   568 I SystemConfig: Reading permissions from /vendor/etc/permissions/android.hardware.bluetooth_le.xml
04-24 15:56:01.914   544   544 D CompatConfig: Adding: com.android.server.compat.config.Change@4d68f53
04-24 15:56:01.915   544   568 I SystemConfig: Reading permissions from /vendor/etc/permissions/android.hardware.bluetooth.xml
04-24 15:56:01.915   544   544 D CompatConfig: Found a config file: /system/etc/compatconfig/libcore-platform-compat-config.xml
04-24 15:56:01.915   544   568 I SystemConfig: Reading permissions from /vendor/etc/permissions/android.hardware.vulkan.compute.xml
04-24 15:56:01.916   544   568 I SystemConfig: Reading permissions from /vendor/etc/permissions/android.hardware.fingerprint.xml
04-24 15:56:01.916   544   568 I SystemConfig: Reading permissions from /vendor/etc/permissions/android.hardware.wifi.direct.xml
04-24 15:56:01.917   544   568 I SystemConfig: Reading permissions from /vendor/etc/permissions/android.hardware.camera.full.xml
04-24 15:56:01.917   544   568 I SystemConfig: Reading permissions from /vendor/etc/permissions/handheld_core_hardware.xml
04-24 15:56:01.918   544   568 I SystemConfig: Reading permissions from /vendor/etc/permissions/android.hardware.wifi.passpoint.xml
04-24 15:56:01.918   544   544 D CompatConfig: Adding: com.android.server.compat.config.Change@b4695cb
04-24 15:56:01.919   544   568 I SystemConfig: Reading permissions from /vendor/etc/permissions/android.hardware.wifi.xml
04-24 15:56:01.919   544   544 D CompatConfig: Adding: com.android.server.compat.config.Change@a61a4c1
04-24 15:56:01.920   544   568 I SystemConfig: Reading permissions from /vendor/etc/permissions/android.hardware.camera.raw.xml
04-24 15:56:01.920   544   544 D CompatConfig: Adding: com.android.server.compat.config.Change@726c3a7
04-24 15:56:01.921   544   568 I SystemConfig: Reading permissions from /vendor/etc/permissions/android.software.vulkan.deqp.level.xml
04-24 15:56:01.921   544   544 D CompatConfig: Adding: com.android.server.compat.config.Change@222cbfd
04-24 15:56:01.921   544   568 I SystemConfig: Reading permissions from /vendor/etc/permissions/android.hardware.touchscreen.multitouch.jazzhand.xml
04-24 15:56:01.922   544   544 D CompatConfig: Found a config file: /system/etc/compatconfig/framework-platform-compat-config.xml
04-24 15:56:01.922   544   568 I SystemConfig: Reading permissions from /vendor/etc/permissions/android.hardware.vulkan.version.xml
04-24 15:56:01.922   544   568 I SystemConfig: Reading permissions from /vendor/etc/permissions/android.hardware.camera.concurrent.xml
04-24 15:56:01.922   544   544 D CompatConfig: Adding: com.android.server.compat.config.Change@2715a3e
04-24 15:56:01.923   544   568 I SystemConfig: Reading permissions from /vendor/etc/permissions/android.software.autofill.xml
04-24 15:56:01.923   544   544 D CompatConfig: Adding: com.android.server.compat.config.Change@bdf65ec
04-24 15:56:01.924   544   568 I SystemConfig: Reading permissions from /vendor/etc/permissions/android.hardware.vulkan.level.xml
04-24 15:56:01.924   544   544 D CompatConfig: Adding: com.android.server.compat.config.Change@d24dc4a
04-24 15:56:01.924   544   568 I SystemConfig: Reading permissions from /vendor/etc/permissions/android.hardware.camera.ar.xml
