04-24 15:55:57.613     0     0 D apexd   : Loopback device created: /dev/block/loop16
04-24 15:55:57.613     0     0 D apexd   : AVB footer verification successful.
04-24 15:55:57.614     0     0 D apexd   : /system/apex/com.android.i18n.apex: public key matches.
04-24 15:55:57.616     0     0 I EXT4-fs (loop16): mounted filesystem without journal. Opts: (null)
04-24 15:55:57.617     0     0 I apexd   : Successfully mounted package /system/apex/com.android.i18n.apex on /apex/com.android.i18n@1
04-24 15:55:57.619     0     0 D apexd   : Creating bind-mount for /apex/com.android.i18n for /apex/com.android.i18n@1
04-24 15:55:57.619     0     0 D apexd   : Bind-mounting /apex/com.android.i18n@1 to /apex/com.android.i18n
04-24 15:55:57.619     0     0 D apexd   : Successfully activated /system/apex/com.android.i18n.apex package_name: com.android.i18n version: 1
04-24 15:55:57.619     0     0 D apexd   : Creating mount point: /apex/com.android.permission@300000000
04-24 15:55:57.620   191   194 D vold    : Disk at 7:128 changed
04-24 15:55:57.627   191   194 D vold    : Disk at 7:136 changed
04-24 15:55:57.677     0     0 D apexd   : Loopback device created: /dev/block/loop17
04-24 15:55:57.678     0     0 D apexd   : AVB footer verification successful.
04-24 15:55:57.678     0     0 D apexd   : /system/apex/com.android.permission.apex: public key matches.
04-24 15:55:57.680     0     0 I EXT4-fs (loop17): mounted filesystem without journal. Opts: (null)
04-24 15:55:57.681     0     0 I apexd   : Successfully mounted package /system/apex/com.android.permission.apex on /apex/com.android.permission@300000000
04-24 15:55:57.683     0     0 D apexd   : Creating bind-mount for /apex/com.android.permission for /apex/com.android.permission@300000000
04-24 15:55:57.683     0     0 D apexd   : Creating mountpoint /apex/com.android.permission
04-24 15:55:57.683     0     0 D apexd   : Bind-mounting /apex/com.android.permission@300000000 to /apex/com.android.permission
04-24 15:55:57.683     0     0 D apexd   : Successfully activated /system/apex/com.android.permission.apex package_name: com.android.permission version: 300000000
04-24 15:55:57.683     0     0 D apexd   : Creating mount point: /apex/com.android.media@300000000
04-24 15:55:57.684   191   194 D vold    : Disk at 7:136 changed
04-24 15:55:57.691   191   194 D vold    : Disk at 7:144 changed
04-24 15:55:57.726     0     0 D apexd   : Loopback device created: /dev/block/loop18
04-24 15:55:57.726     0     0 D apexd   : AVB footer verification successful.
04-24 15:55:57.727     0     0 D apexd   : /system/apex/com.android.media.apex: public key matches.
04-24 15:55:57.729     0     0 I EXT4-fs (loop18): mounted filesystem without journal. Opts: (null)
04-24 15:55:57.730     0     0 I apexd   : Successfully mounted package /system/apex/com.android.media.apex on /apex/com.android.media@300000000
04-24 15:55:57.732     0     0 D apexd   : Creating bind-mount for /apex/com.android.media for /apex/com.android.media@300000000
04-24 15:55:57.732     0     0 D apexd   : Creating mountpoint /apex/com.android.media
04-24 15:55:57.732     0     0 D apexd   : Bind-mounting /apex/com.android.media@300000000 to /apex/com.android.media
04-24 15:55:57.732     0     0 D apexd   : Successfully activated /system/apex/com.android.media.apex package_name: com.android.media version: 300000000
04-24 15:55:57.732     0     0 D apexd   : Creating mount point: /apex/com.android.adbd@300000000
04-24 15:55:57.733   191   194 D vold    : Disk at 7:144 changed
04-24 15:55:57.740   191   194 D vold    : Disk at 7:152 changed
04-24 15:55:57.773     0     0 D apexd   : Loopback device created: /dev/block/loop19
04-24 15:55:57.773     0     0 D apexd   : AVB footer verification successful.
04-24 15:55:57.774     0     0 D apexd   : /system/apex/com.android.adbd.apex: public key matches.
04-24 15:55:57.776     0     0 I EXT4-fs (loop19): mounted filesystem without journal. Opts: (null)
04-24 15:55:57.777     0     0 I apexd   : Successfully mounted package /system/apex/com.android.adbd.apex on /apex/com.android.adbd@300000000
04-24 15:55:57.779     0     0 D apexd   : Creating bind-mount for /apex/com.android.adbd for /apex/com.android.adbd@300000000
04-24 15:55:57.779     0     0 D apexd   : Creating mountpoint /apex/com.android.adbd
04-24 15:55:57.779     0     0 D apexd   : Bind-mounting /apex/com.android.adbd@300000000 to /apex/com.android.adbd
04-24 15:55:57.779     0     0 D apexd   : Successfully activated /system/apex/com.android.adbd.apex package_name: com.android.adbd version: 300000000
04-24 15:55:57.779     0     0 D apexd   : Creating mount point: /apex/com.android.mediaprovider@300000000
04-24 15:55:57.780   191   194 D vold    : Disk at 7:152 changed
04-24 15:55:57.786   191   194 D vold    : Disk at 7:160 changed
04-24 15:55:57.821     0     0 D apexd   : Loopback device created: /dev/block/loop20
04-24 15:55:57.821     0     0 D apexd   : AVB footer verification successful.
04-24 15:55:57.822     0     0 D apexd   : /system/apex/com.android.mediaprovider.apex: public key matches.
04-24 15:55:57.825     0     0 I EXT4-fs (loop20): mounted filesystem without journal. Opts: (null)
04-24 15:55:57.825     0     0 I apexd   : Successfully mounted package /system/apex/com.android.mediaprovider.apex on /apex/com.android.mediaprovider@300000000
04-24 15:55:57.828     0     0 D apexd   : Creating bind-mount for /apex/com.android.mediaprovider for /apex/com.android.mediaprovider@300000000
04-24 15:55:57.828     0     0 D apexd   : Creating mountpoint /apex/com.android.mediaprovider
04-24 15:55:57.828     0     0 D apexd   : Bind-mounting /apex/com.android.mediaprovider@300000000 to /apex/com.android.mediaprovider
04-24 15:55:57.828     0     0 D apexd   : Successfully activated /system/apex/com.android.mediaprovider.apex package_name: com.android.mediaprovider version: 300000000
04-24 15:55:57.828     0     0 D apexd   : Creating mount point: /apex/com.android.ipsec@300000000
04-24 15:55:57.828   191   194 D vold    : Disk at 7:160 changed
04-24 15:55:57.835   191   194 D vold    : Disk at 7:168 changed
04-24 15:55:57.869     0     0 D apexd   : Loopback device created: /dev/block/loop21
04-24 15:55:57.869     0     0 D apexd   : AVB footer verification successful.
04-24 15:55:57.869     0     0 D apexd   : /system/apex/com.android.ipsec.apex: public key matches.
04-24 15:55:57.871     0     0 I EXT4-fs (loop21): mounted filesystem without journal. Opts: (null)
04-24 15:55:57.872     0     0 I apexd   : Successfully mounted package /system/apex/com.android.ipsec.apex on /apex/com.android.ipsec@300000000
04-24 15:55:57.874     0     0 D apexd   : Creating bind-mount for /apex/com.android.ipsec for /apex/com.android.ipsec@300000000
04-24 15:55:57.874     0     0 D apexd   : Creating mountpoint /apex/com.android.ipsec
04-24 15:55:57.874     0     0 D apexd   : Bind-mounting /apex/com.android.ipsec@300000000 to /apex/com.android.ipsec
04-24 15:55:57.874     0     0 D apexd   : Successfully activated /system/apex/com.android.ipsec.apex package_name: com.android.ipsec version: 300000000
04-24 15:55:57.874     0     0 D apexd   : Creating mount point: /apex/com.android.tzdata@300000000
04-24 15:55:57.876   191   194 D vold    : Disk at 7:168 changed
04-24 15:55:57.881   191   194 D vold    : Disk at 7:176 changed
04-24 15:55:57.917     0     0 D apexd   : Loopback device created: /dev/block/loop22
04-24 15:55:57.917     0     0 D apexd   : AVB footer verification successful.
04-24 15:55:57.918     0     0 D apexd   : /system/apex/com.android.tzdata.apex: public key matches.
04-24 15:55:57.920     0     0 I EXT4-fs (loop22): mounted filesystem without journal. Opts: (null)
04-24 15:55:57.921     0     0 I apexd   : Successfully mounted package /system/apex/com.android.tzdata.apex on /apex/com.android.tzdata@300000000
04-24 15:55:57.923     0     0 D apexd   : Creating bind-mount for /apex/com.android.tzdata for /apex/com.android.tzdata@300000000
04-24 15:55:57.923     0     0 D apexd   : Bind-mounting /apex/com.android.tzdata@300000000 to /apex/com.android.tzdata
04-24 15:55:57.923     0     0 D apexd   : Successfully activated /system/apex/com.android.tzdata.apex package_name: com.android.tzdata version: 300000000
04-24 15:55:57.923     0     0 D apexd   : Creating mount point: /apex/com.android.media.swcodec@300000000
04-24 15:55:57.925   191   194 D vold    : Disk at 7:176 changed
04-24 15:55:57.931   191   194 D vold    : Disk at 7:184 changed
04-24 15:55:57.982     0     0 D apexd   : Loopback device created: /dev/block/loop23
04-24 15:55:57.983     0     0 D apexd   : AVB footer verification successful.
04-24 15:55:57.984     0     0 D apexd   : /system/apex/com.android.media.swcodec.apex: public key matches.
04-24 15:55:57.986     0     0 I EXT4-fs (loop23): mounted filesystem without journal. Opts: (null)
04-24 15:55:57.986     0     0 I apexd   : Successfully mounted package /system/apex/com.android.media.swcodec.apex on /apex/com.android.media.swcodec@300000000
04-24 15:55:57.989     0     0 D apexd   : Creating bind-mount for /apex/com.android.media.swcodec for /apex/com.android.media.swcodec@300000000
04-24 15:55:57.989     0     0 D apexd   : Creating mountpoint /apex/com.android.media.swcodec
04-24 15:55:57.989     0     0 D apexd   : Bind-mounting /apex/com.android.media.swcodec@300000000 to /apex/com.android.media.swcodec
04-24 15:55:57.989     0     0 D apexd   : Successfully activated /system/apex/com.android.media.swcodec.apex package_name: com.android.media.swcodec version: 300000000
04-24 15:55:57.989     0     0 D apexd   : Creating mount point: /apex/com.android.os.statsd@300000000
04-24 15:55:57.989   191   194 D vold    : Disk at 7:184 changed
04-24 15:55:57.996   191   194 D vold    : Disk at 7:192 changed
04-24 15:55:58.029     0     0 D apexd   : Loopback device created: /dev/block/loop24
04-24 15:55:58.029     0     0 D apexd   : AVB footer verification successful.
04-24 15:55:58.029     0     0 D apexd   : /system/apex/com.android.os.statsd.apex: public key matches.
04-24 15:55:58.032     0     0 I EXT4-fs (loop24): mounted filesystem without journal. Opts: (null)
04-24 15:55:58.032     0     0 I apexd   : Successfully mounted package /system/apex/com.android.os.statsd.apex on /apex/com.android.os.statsd@300000000
04-24 15:55:58.035     0     0 D apexd   : Creating bind-mount for /apex/com.android.os.statsd for /apex/com.android.os.statsd@300000000
04-24 15:55:58.035     0     0 D apexd   : Bind-mounting /apex/com.android.os.statsd@300000000 to /apex/com.android.os.statsd
04-24 15:55:58.035     0     0 D apexd   : Successfully activated /system/apex/com.android.os.statsd.apex package_name: com.android.os.statsd version: 300000000
04-24 15:55:58.035     0     0 D apexd   : Creating mount point: /apex/com.android.wifi@300000000
04-24 15:55:58.036   191   194 D vold    : Disk at 7:192 changed
04-24 15:55:58.042   191   194 D vold    : Disk at 7:200 changed
04-24 15:55:58.077     0     0 D apexd   : Loopback device created: /dev/block/loop25
04-24 15:55:58.077     0     0 D apexd   : AVB footer verification successful.
04-24 15:55:58.077     0     0 D apexd   : /system/apex/com.android.wifi.apex: public key matches.
04-24 15:55:58.079     0     0 I EXT4-fs (loop25): mounted filesystem without journal. Opts: (null)
04-24 15:55:58.080     0     0 I apexd   : Successfully mounted package /system/apex/com.android.wifi.apex on /apex/com.android.wifi@300000000
04-24 15:55:58.082     0     0 D apexd   : Creating bind-mount for /apex/com.android.wifi for /apex/com.android.wifi@300000000
04-24 15:55:58.082     0     0 D apexd   : Creating mountpoint /apex/com.android.wifi
04-24 15:55:58.082     0     0 D apexd   : Bind-mounting /apex/com.android.wifi@300000000 to /apex/com.android.wifi
04-24 15:55:58.082     0     0 D apexd   : Successfully activated /system/apex/com.android.wifi.apex package_name: com.android.wifi version: 300000000
04-24 15:55:58.082     0     0 D apexd   : Creating mount point: /apex/com.android.sdkext@300000000
04-24 15:55:58.084   191   194 D vold    : Disk at 7:200 changed
04-24 15:55:58.089   191   194 D vold    : Disk at 7:208 changed
04-24 15:55:58.125     0     0 D apexd   : Loopback device created: /dev/block/loop26
04-24 15:55:58.125     0     0 D apexd   : AVB footer verification successful.
04-24 15:55:58.126     0     0 D apexd   : /system/apex/com.android.sdkext.apex: public key matches.
04-24 15:55:58.128     0     0 I EXT4-fs (loop26): mounted filesystem without journal. Opts: (null)
04-24 15:55:58.129     0     0 I apexd   : Successfully mounted package /system/apex/com.android.sdkext.apex on /apex/com.android.sdkext@300000000
04-24 15:55:58.131     0     0 D apexd   : Creating bind-mount for /apex/com.android.sdkext for /apex/com.android.sdkext@300000000
04-24 15:55:58.131     0     0 D apexd   : Creating mountpoint /apex/com.android.sdkext
04-24 15:55:58.131     0     0 D apexd   : Bind-mounting /apex/com.android.sdkext@300000000 to /apex/com.android.sdkext
04-24 15:55:58.131     0     0 D apexd   : Successfully activated /system/apex/com.android.sdkext.apex package_name: com.android.sdkext version: 300000000
04-24 15:55:58.131     0     0 I apexd   : Activated 21 packages. Skipped: 0
04-24 15:55:58.132     0     0 I apexd   : Scanning /system_ext/apex looking for APEX packages.
04-24 15:55:58.132   191   194 D vold    : Disk at 7:208 changed
04-24 15:55:58.132     0     0 I apexd   : ... does not exist. Skipping
04-24 15:55:58.134     0     0 I apexd   : Activated 0 packages. Skipped: 0
04-24 15:55:58.134     0     0 I apexd   : Scanning /product/apex looking for APEX packages.
04-24 15:55:58.135     0     0 I apexd   : ... does not exist. Skipping
04-24 15:55:58.136     0     0 I apexd   : Activated 0 packages. Skipped: 0
04-24 15:55:58.137     0     0 I apexd   : Scanning /vendor/apex looking for APEX packages.
04-24 15:55:58.138     0     0 I apexd   : ... does not exist. Skipping
04-24 15:55:58.139     0     0 I apexd   : Activated 0 packages. Skipped: 0
04-24 15:55:58.139     0     0 I AidlLazyServiceRegistrar: Registering service apexservice
04-24 15:55:58.140     0     0 I apexd   : Marking APEXd as activated
04-24 15:55:58.140     0     0 I init    : Wait for property 'apexd.status=activated' took 864ms
04-24 15:55:58.150     0     0 I init    : Parsing file /apex/com.android.adbd/etc/init.rc...
04-24 15:55:58.151     0     0 I init    : Parsing file /apex/com.android.media.swcodec/etc/init.rc...
04-24 15:55:58.153     0     0 I init    : Parsing file /apex/com.android.os.statsd/etc/init.rc...
04-24 15:55:58.154     0     0 I init    : Parsing file /apex/com.android.sdkext/etc/derive_sdk.rc...
04-24 15:55:58.162     0     0 I init    : linkerconfig generated /linkerconfig with mounted APEX modules info
04-24 15:55:58.163     0     0 I init    : Not setting encryption policy on: /data/media
04-24 15:55:58.164     0     0 I init    : starting service 'exec 6 (/system/bin/chattr +F /data/media)'...
04-24 15:55:58.165     0     0 I init    : SVC_EXEC service 'exec 6 (/system/bin/chattr +F /data/media)' pid 274 (uid 1023 gid 1023+0 context default) started; waiting...
04-24 15:55:58.190     0     0 I init    : Service 'exec 6 (/system/bin/chattr +F /data/media)' (pid 274) exited with status 0 waiting took 0.024000 seconds
04-24 15:55:58.191     0     0 I init    : Sending signal 9 to service 'exec 6 (/system/bin/chattr +F /data/media)' (pid 274) process group...
04-24 15:55:58.192     0     0 I libprocessgroup: Successfully killed process cgroup uid 1023 pid 274 in 0ms
04-24 15:55:58.196     0     0 I init    : Encryption policy of /data/media/obb set to fef5ba204d83c5599830f4018847f67b v2 modes 1/4 flags 0x2
04-24 15:55:58.198     0     0 I init    : starting service 'derive_sdk'...
04-24 15:55:58.201     0     0 I init    : SVC_EXEC service 'derive_sdk' pid 275 (uid 9999 gid 9999+0 context default) started; waiting...
04-24 15:55:58.205     0     0 I init    : Service 'derive_sdk' (pid 275) exited with status 0 waiting took 0.006000 seconds
04-24 15:55:58.206     0     0 I init    : Sending signal 9 to service 'derive_sdk' (pid 275) process group...
04-24 15:55:58.207     0     0 I libprocessgroup: Successfully killed process cgroup uid 9999 pid 275 in 0ms
04-24 15:55:58.209     0     0 I init    : starting service 'exec 7 (/system/bin/vdc --wait cryptfs init_user0)'...
04-24 15:55:58.210     0     0 I init    : SVC_EXEC service 'exec 7 (/system/bin/vdc --wait cryptfs init_user0)' pid 276 (uid 0 gid 0+0 context default) started; waiting...
04-24 15:55:58.211   275   275 I derive_sdk: Read version 0 from /apex/com.android.sdkext/etc/sdkinfo.binarypb
04-24 15:55:58.212   275   275 I derive_sdk: R extension version is 0
04-24 15:55:58.213     0     0 D vdc     : Waited 0ms for vold
04-24 15:55:58.220   191   191 D vold    : fscrypt_init_user0
04-24 15:55:58.221   191   191 D vold    : Preparing: /data/misc/vold/user_keys
04-24 15:55:58.221   191   191 D vold    : Preparing: /data/misc/vold/user_keys/ce
04-24 15:55:58.222   191   191 D vold    : Preparing: /data/misc/vold/user_keys/de
04-24 15:55:58.222   191   191 D vold    : Skipping non-de-key .
04-24 15:55:58.222   191   191 D vold    : Skipping non-de-key ..
04-24 15:55:58.227   183   183 I hwservicemanager: getTransport: Cannot find entry android.hardware.keymaster@3.0::IKeymasterDevice/default in either framework or device manifest.
04-24 15:55:58.227   191   191 I vold    : List of Keymaster HALs found:
04-24 15:55:58.227   191   191 I vold    : Keymaster HAL #1: SoftwareKeymasterDevice from Google SecurityLevel: SOFTWARE HAL: android.hardware.keymaster@4.1::IKeymasterDevice/default
04-24 15:55:58.227   191   191 I vold    : Using SoftwareKeymasterDevice from Google for encryption.  Security level: SOFTWARE, HAL: android.hardware.keymaster@4.1::IKeymasterDevice/default
04-24 15:55:58.229   191   191 D vold    : Installed fscrypt key with ref 12e95bcb6c7f1a4fdb418c04c11be310 to /data
04-24 15:55:58.229   191   191 D vold    : Added fscrypt-provisioning key for 12e95bcb6c7f1a4fdb418c04c11be310 to session keyring
04-24 15:55:58.229   191   191 D vold    : Installed de key for user 0
04-24 15:55:58.229   191   191 D vold    : fscrypt_prepare_user_storage for volume null, user 0, serial 0, flags 1
04-24 15:55:58.229   191   191 D vold    : Preparing: /data/system/users/0
04-24 15:55:58.230   191   191 D vold    : Preparing: /data/misc/profiles/cur/0
04-24 15:55:58.231   191   191 D vold    : Preparing: /data/system_de/0
04-24 15:55:58.232   191   191 D vold    : Preparing: /data/misc_de/0
04-24 15:55:58.233   191   191 D vold    : Preparing: /data/vendor_de/0
04-24 15:55:58.233   191   191 D vold    : Preparing: /data/user_de/0
04-24 15:55:58.234   191   191 I vold    : Verified that /data/system_de/0 has the encryption policy 12e95bcb6c7f1a4fdb418c04c11be310 v2 modes 1/4 flags 0x2
04-24 15:55:58.235   191   191 I vold    : Verified that /data/misc_de/0 has the encryption policy 12e95bcb6c7f1a4fdb418c04c11be310 v2 modes 1/4 flags 0x2
04-24 15:55:58.235   191   191 I vold    : Verified that /data/vendor_de/0 has the encryption policy 12e95bcb6c7f1a4fdb418c04c11be310 v2 modes 1/4 flags 0x2
04-24 15:55:58.236   191   191 I vold    : Verified that /data/user_de/0 has the encryption policy 12e95bcb6c7f1a4fdb418c04c11be310 v2 modes 1/4 flags 0x2
04-24 15:55:58.236   191   191 D vold    : /system/bin/vold_prepare_subdirs
04-24 15:55:58.236   191   191 D vold    :     prepare
04-24 15:55:58.236   191   191 D vold    :     
04-24 15:55:58.236   191   191 D vold    :     0
04-24 15:55:58.236   191   191 D vold    :     1
04-24 15:55:58.243   277   277 D vold_prepare_subdirs: Setting up mode 700 uid 0 gid 0 context u:object_r:vold_data_file:s0 on path: /data/misc_de/0/vold
04-24 15:55:58.244   277   277 D vold_prepare_subdirs: Setting up mode 700 uid 0 gid 0 context u:object_r:storaged_data_file:s0 on path: /data/misc_de/0/storaged
04-24 15:55:58.244   277   277 D vold_prepare_subdirs: Setting up mode 700 uid 0 gid 0 context u:object_r:rollback_data_file:s0 on path: /data/misc_de/0/rollback
04-24 15:55:58.245   277   277 D vold_prepare_subdirs: Setting up mode 700 uid 0 gid 0 context u:object_r:apex_rollback_data_file:s0 on path: /data/misc_de/0/apexrollback
04-24 15:55:58.245     0     0 I init    : Service 'exec 7 (/system/bin/vdc --wait cryptfs init_user0)' (pid 276) exited with status 0 waiting took 0.035000 seconds
04-24 15:55:58.246   277   277 D vold_prepare_subdirs: Setting up mode 711 uid 0 gid 0 context u:object_r:apex_module_data_file:s0 on path: /data/misc_de/0/apexdata
04-24 15:55:58.246   277   277 D vold_prepare_subdirs: Setting up mode 771 uid 0 gid 1000 context u:object_r:apex_module_data_file:s0 on path: /data/misc_de/0/apexdata/com.android.sdkext
04-24 15:55:58.246     0     0 I init    : Sending signal 9 to service 'exec 7 (/system/bin/vdc --wait cryptfs init_user0)' (pid 276) process group...
04-24 15:55:58.247   277   277 D vold_prepare_subdirs: Setting up mode 771 uid 0 gid 1000 context u:object_r:apex_wifi_data_file:s0 on path: /data/misc_de/0/apexdata/com.android.wifi
04-24 15:55:58.248     0     0 I libprocessgroup: Successfully killed process cgroup uid 0 pid 276 in 0ms
04-24 15:55:58.248   277   277 D vold_prepare_subdirs: Setting up mode 771 uid 0 gid 1000 context u:object_r:apex_module_data_file:s0 on path: /data/misc_de/0/apexdata/com.android.media.swcodec
04-24 15:55:58.248   277   277 D vold_prepare_subdirs: Setting up mode 771 uid 0 gid 1000 context u:object_r:apex_module_data_file:s0 on path: /data/misc_de/0/apexdata/com.android.ipsec
04-24 15:55:58.248   277   277 D vold_prepare_subdirs: Setting up mode 771 uid 0 gid 1000 context u:object_r:apex_module_data_file:s0 on path: /data/misc_de/0/apexdata/com.android.mediaprovider
04-24 15:55:58.248   277   277 D vold_prepare_subdirs: Setting up mode 771 uid 0 gid 1000 context u:object_r:apex_module_data_file:s0 on path: /data/misc_de/0/apexdata/com.android.adbd
04-24 15:55:58.248   277   277 D vold_prepare_subdirs: Setting up mode 771 uid 0 gid 1000 context u:object_r:apex_module_data_file:s0 on path: /data/misc_de/0/apexdata/com.android.media
04-24 15:55:58.248   277   277 D vold_prepare_subdirs: Setting up mode 771 uid 0 gid 1000 context u:object_r:apex_permission_data_file:s0 on path: /data/misc_de/0/apexdata/com.android.permission
04-24 15:55:58.249     0     0 I init    : starting service 'apexd-snapshotde'...
04-24 15:55:58.249   277   277 D vold_prepare_subdirs: Setting up mode 771 uid 0 gid 1000 context u:object_r:apex_module_data_file:s0 on path: /data/misc_de/0/apexdata/com.android.apex.cts.shim
04-24 15:55:58.249   277   277 D vold_prepare_subdirs: Setting up mode 771 uid 0 gid 1000 context u:object_r:apex_module_data_file:s0 on path: /data/misc_de/0/apexdata/com.android.conscrypt
04-24 15:55:58.249   277   277 D vold_prepare_subdirs: Setting up mode 771 uid 0 gid 1000 context u:object_r:apex_module_data_file:s0 on path: /data/misc_de/0/apexdata/com.android.cellbroadcast
04-24 15:55:58.249   277   277 D vold_prepare_subdirs: Setting up mode 771 uid 0 gid 1000 context u:object_r:apex_module_data_file:s0 on path: /data/misc_de/0/apexdata/com.android.tethering
04-24 15:55:58.249   277   277 D vold_prepare_subdirs: Setting up mode 771 uid 0 gid 1000 context u:object_r:apex_module_data_file:s0 on path: /data/misc_de/0/apexdata/com.android.extservices
04-24 15:55:58.249   277   277 D vold_prepare_subdirs: Setting up mode 771 uid 0 gid 1000 context u:object_r:apex_module_data_file:s0 on path: /data/misc_de/0/apexdata/com.android.resolv
04-24 15:55:58.249   277   277 D vold_prepare_subdirs: Setting up mode 771 uid 0 gid 1000 context u:object_r:apex_module_data_file:s0 on path: /data/misc_de/0/apexdata/com.android.neuralnetworks
04-24 15:55:58.249   277   277 D vold_prepare_subdirs: Setting up mode 771 uid 0 gid 1000 context u:object_r:apex_module_data_file:s0 on path: /data/misc_de/0/apexdata/com.android.os.statsd
04-24 15:55:58.249   277   277 D vold_prepare_subdirs: Setting up mode 771 uid 0 gid 1000 context u:object_r:apex_module_data_file:s0 on path: /data/misc_de/0/apexdata/com.android.tzdata
04-24 15:55:58.249   277   277 D vold_prepare_subdirs: Setting up mode 771 uid 0 gid 1000 context u:object_r:apex_module_data_file:s0 on path: /data/misc_de/0/apexdata/com.android.i18n
04-24 15:55:58.249   277   277 D vold_prepare_subdirs: Setting up mode 771 uid 0 gid 1000 context u:object_r:apex_module_data_file:s0 on path: /data/misc_de/0/apexdata/com.android.art
04-24 15:55:58.249   277   277 D vold_prepare_subdirs: Setting up mode 771 uid 0 gid 1000 context u:object_r:apex_module_data_file:s0 on path: /data/misc_de/0/apexdata/com.android.vndk.v30
04-24 15:55:58.249   277   277 D vold_prepare_subdirs: Setting up mode 771 uid 0 gid 1000 context u:object_r:apex_module_data_file:s0 on path: /data/misc_de/0/apexdata/com.android.runtime
04-24 15:55:58.250   277   277 D vold_prepare_subdirs: Setting up mode 700 uid 1000 gid 1000 context u:object_r:fingerprint_vendor_data_file:s0 on path: /data/vendor_de/0/fpdata
04-24 15:55:58.251   277   277 D vold_prepare_subdirs: Setting up mode 700 uid 1000 gid 1000 context u:object_r:face_vendor_data_file:s0 on path: /data/vendor_de/0/facedata
04-24 15:55:58.251     0     0 I init    : SVC_EXEC service 'apexd-snapshotde' pid 279 (uid 0 gid 1000+0 context default) started; waiting...
04-24 15:55:58.251   191   191 D vold    : Detected support for FS_IOC_ADD_ENCRYPTION_KEY
04-24 15:55:58.255     0     0 I apexd   : Snapshot DE subcommand detected
04-24 15:55:58.256     0     0 I apexd   : Marking APEXd as ready
04-24 15:55:58.257     0     0 I init    : Service 'apexd-snapshotde' (pid 279) exited with status 0 waiting took 0.007000 seconds
04-24 15:55:58.258     0     0 I init    : Sending signal 9 to service 'apexd-snapshotde' (pid 279) process group...
04-24 15:55:58.259     0     0 I libprocessgroup: Successfully killed process cgroup uid 0 pid 279 in 0ms
04-24 15:55:58.262     0     0 I selinux : SELinux: Skipping restorecon on directory(/data)
04-24 15:55:58.262     0     0 I selinux :  
04-24 15:55:58.263     0     0 I init    : starting service 'exec 8 (/system/bin/tzdatacheck /apex/com.android.tzdata/etc/tz /data/misc/zoneinfo)'...
04-24 15:55:58.264     0     0 I init    : SVC_EXEC service 'exec 8 (/system/bin/tzdatacheck /apex/com.android.tzdata/etc/tz /data/misc/zoneinfo)' pid 280 (uid 1000 gid 1000+0 context default) started; waiting...
04-24 15:55:58.268     0     0 I init    : Service 'exec 8 (/system/bin/tzdatacheck /apex/com.android.tzdata/etc/tz /data/misc/zoneinfo)' (pid 280) exited with status 0 waiting took 0.004000 seconds
04-24 15:55:58.270     0     0 I init    : Sending signal 9 to service 'exec 8 (/system/bin/tzdatacheck /apex/com.android.tzdata/etc/tz /data/misc/zoneinfo)' (pid 280) process group...
04-24 15:55:58.271     0     0 I libprocessgroup: Successfully killed process cgroup uid 1000 pid 280 in 0ms
04-24 15:55:58.273     0     0 I init    : processing action (post-fs-data) from (/system/etc/init/hw/init.usb.rc:6)
04-24 15:55:58.275   280   280 I tzdatacheck: timezone distro dir /data/misc/zoneinfo/current does not exist. No action required.
04-24 15:55:58.275     0     0 I init    : Verified that /data/adb has the encryption policy fef5ba204d83c5599830f4018847f67b v2 modes 1/4 flags 0x2
04-24 15:55:58.277     0     0 I init    : processing action (post-fs-data) from (/vendor/etc/init/hw/init.ranchu.rc:52)
04-24 15:55:58.280     0     0 I init    : starting service 'create_router_ns'...
04-24 15:55:58.283     0     0 I init    : processing action (post-fs-data) from (/system/etc/init/bootstat.rc:9)
04-24 15:55:58.286     0     0 I init    : processing action (ro.debuggable=1 && post-fs-data) from (/system/etc/init/clean_scratch_files.rc:1)
04-24 15:55:58.287     0     0 I init    : Command 'exec_background - root root -- /system/bin/clean_scratch_files' action=ro.debuggable=1 && post-fs-data (/system/etc/init/clean_scratch_files.rc:2) took 0ms and failed: Could not start exec background service: File /system/bin/clean_scratch_files(labeled "u:object_r:system_file:s0") has incorrect label or no domain transition from u:r:init:s0 to another SELinux domain defined. Have you configured your service correctly? https://source.android.com/security/selinux/device-policy#label_new_services_and_address_denials
04-24 15:55:58.292     0     0 I init    : processing action (post-fs-data) from (/system/etc/init/gsid.rc:14)
04-24 15:55:58.293     0     0 I init    : Not setting encryption policy on: /data/gsi
04-24 15:55:58.295     0     0 I init    : processing action (post-fs-data) from (/system/etc/init/incidentd.rc:21)
04-24 15:55:58.297     0     0 I init    : processing action (post-fs-data) from (/system/etc/init/iorapd.rc:28)
04-24 15:55:58.298     0     0 I init    : processing action (post-fs-data) from (/system/etc/init/logtagd.rc:4)
04-24 15:55:58.300     0     0 I init    : processing action (post-fs-data) from (/system/etc/init/otapreopt.rc:3)
04-24 15:55:58.301     0     0 I init    : starting service 'exec 10 (/system/bin/otapreopt_slot)'...
04-24 15:55:58.302     0     0 I init    : SVC_EXEC service 'exec 10 (/system/bin/otapreopt_slot)' pid 282 (uid 0 gid 0+0 context default) started; waiting...
04-24 15:55:58.303     0     0 I fscrypt : AES-256-XTS using implementation "xts-aes-aesni"
04-24 15:55:58.310     0     0 I         : getprop (283) used greatest stack depth: 11768 bytes left
04-24 15:55:58.315     0     0 I init    : Service 'exec 10 (/system/bin/otapreopt_slot)' (pid 282) exited with status 1 waiting took 0.013000 seconds
04-24 15:55:58.316     0     0 I init    : Sending signal 9 to service 'exec 10 (/system/bin/otapreopt_slot)' (pid 282) process group...
04-24 15:55:58.317     0     0 I libprocessgroup: Successfully killed process cgroup uid 0 pid 282 in 0ms
04-24 15:55:58.319     0     0 E selinux : SELinux:  Could not stat /data/dalvik-cache/arm: No such file or directory.
04-24 15:55:58.320     0     0 E selinux :  
04-24 15:55:58.320     0     0 E selinux : SELinux:  Could not stat /data/dalvik-cache/arm64: No such file or directory.
04-24 15:55:58.321     0     0 E selinux :  
04-24 15:55:58.321     0     0 E selinux : SELinux:  Could not stat /data/dalvik-cache/mips: No such file or directory.
04-24 15:55:58.322   284   284 W otapreopt_slot: Slot property empty.
04-24 15:55:58.322     0     0 E selinux :  
04-24 15:55:58.322     0     0 E selinux : SELinux:  Could not stat /data/dalvik-cache/mips64: No such file or directory.
04-24 15:55:58.323     0     0 E selinux :  
04-24 15:55:58.327     0     0 I init    : processing action (post-fs-data) from (/system/etc/init/perfetto.rc:67)
04-24 15:55:58.328     0     0 I init    : Command 'rm /data/misc/perfetto-traces/.guardraildata' action=post-fs-data (/system/etc/init/perfetto.rc:68) took 0ms and failed: unlink() failed: No such file or directory
04-24 15:55:58.330     0     0 I init    : processing action (post-fs-data) from (/system/etc/init/recovery-persist.rc:1)
04-24 15:55:58.331     0     0 I init    : starting service 'exec 11 (/system/bin/recovery-persist)'...
04-24 15:55:58.332     0     0 I init    : processing action (post-fs-data) from (/system/etc/init/tombstoned.rc:10)
04-24 15:55:58.333     0     0 I init    : starting service 'tombstoned'...
04-24 15:55:58.334     0     0 I init    : Created socket '/dev/socket/tombstoned_crash', mode 666, user 1000, group 1000
04-24 15:55:58.335     0     0 I init    : Created socket '/dev/socket/tombstoned_intercept', mode 666, user 1000, group 1000
04-24 15:55:58.336     0     0 I init    : Created socket '/dev/socket/tombstoned_java_trace', mode 666, user 1000, group 1000
04-24 15:55:58.358     0     0 I init    : Service 'exec 11 (/system/bin/recovery-persist)' (pid 285) exited with status 0 oneshot service took 0.026000 seconds in background
04-24 15:55:58.360     0     0 I init    : Sending signal 9 to service 'exec 11 (/system/bin/recovery-persist)' (pid 285) process group...
04-24 15:55:58.361     0     0 I libprocessgroup: Successfully killed process cgroup uid 1000 pid 285 in 0ms
04-24 15:55:58.362     0     0 I init    : processing action (post-fs-data) from (/system/etc/init/wifi.rc:18)
04-24 15:55:58.364     0     0 I selinux : SELinux: Skipping restorecon on directory(/data/misc/apexdata/com.android.wifi)
04-24 15:55:58.365     0     0 I selinux :  
04-24 15:55:58.365     0     0 I init    : processing action (post-fs-data) from (/vendor/etc/init/hostapd.android.rc:9)
04-24 15:55:58.368     0     0 I init    : processing action (load_persist_props_action) from (/system/etc/init/hw/init.rc:417)
04-24 15:55:58.369     0     0 E init    : Could not set 'ro.logd.size' to '2M' in /data/local.prop: Read-only property was already set
04-24 15:55:58.370   286   286 I tombstoned: tombstoned successfully initialized
04-24 15:55:58.372     0     0 I init    : Wait for property 'ro.persistent_properties.ready=true' took 3ms
04-24 15:55:58.373     0     0 I init    : starting service 'logd-reinit'...
04-24 15:55:58.376     0     0 I init    : processing action (load_persist_props_action) from (/system/etc/init/flags_health_check.rc:1)
04-24 15:55:58.377     0     0 W init    : Top-level directory needs encryption action, eg mkdir /data/server_configurable_flags <mode> <uid> <gid> encryption=Require
04-24 15:55:58.378     0     0 I logd.daemon: reinit
04-24 15:55:58.379     0     0 I init    : Verified that /data/server_configurable_flags has the encryption policy fef5ba204d83c5599830f4018847f67b v2 modes 1/4 flags 0x2
04-24 15:55:58.380     0     0 I init    : Service 'logd-reinit' (pid 287) exited with status 0 oneshot service took 0.006000 seconds in background
04-24 15:55:58.382     0     0 I init    : Sending signal 9 to service 'logd-reinit' (pid 287) process group...
04-24 15:55:58.382     0     0 I libprocessgroup: Successfully killed process cgroup uid 1036 pid 287 in 0ms
04-24 15:55:58.384     0     0 I init    : starting service 'exec 12 (/system/bin/flags_health_check BOOT_FAILURE)'...
04-24 15:55:58.386     0     0 I init    : SVC_EXEC service 'exec 12 (/system/bin/flags_health_check BOOT_FAILURE)' pid 288 (uid 1000 gid 1000+0 context default) started; waiting...
04-24 15:55:58.395     0     0 I init    : Service 'exec 12 (/system/bin/flags_health_check BOOT_FAILURE)' (pid 288) exited with status 0 waiting took 0.010000 seconds
04-24 15:55:58.396   288   288 I flags_health_check: ServerConfigurableFlagsReset reset_mode value: 0
04-24 15:55:58.396   288   288 I flags_health_check: ServerConfigurableFlagsReset attempted boot count is under threshold, skipping reset.
04-24 15:55:58.397     0     0 I init    : Sending signal 9 to service 'exec 12 (/system/bin/flags_health_check BOOT_FAILURE)' (pid 288) process group...
04-24 15:55:58.398     0     0 I libprocessgroup: Successfully killed process cgroup uid 1000 pid 288 in 0ms
04-24 15:55:58.399     0     0 I init    : processing action (load_persist_props_action) from (/system/etc/init/logcatd.rc:29)
04-24 15:55:58.400     0     0 I init    : processing action (load_bpf_programs) from (/system/etc/init/bpfloader.rc:20)
04-24 15:55:58.402     0     0 I init    : starting service 'bpfloader'...
04-24 15:55:58.405     0     0 I init    : processing action (persist.sys.fuse=true && zygote-start) from (/system/etc/init/hw/init.rc:809)
04-24 15:55:58.407     0     0 I init    : processing action (ro.crypto.state=encrypted && ro.crypto.type=file && zygote-start) from (/system/etc/init/hw/init.rc:840)
04-24 15:55:58.409     0     0 I init    : starting service 'update_verifier_nonencrypted'...
04-24 15:55:58.411     0     0 I init    : SVC_EXEC service 'update_verifier_nonencrypted' pid 291 (uid 0 gid 2001+1 context default) started; waiting...
04-24 15:55:58.418   289   289 D LibBpfLoader: Loading critical for netd ELF object /system/etc/bpf/offload.o with license Apache 2.0
04-24 15:55:58.418   289   289 D LibBpfLoader: Loaded code section 3 (schedcls_ingress_tether_ether)
04-24 15:55:58.418   289   289 D LibBpfLoader: Loaded relo section 3 (.relschedcls/ingress/tether_ether)
04-24 15:55:58.418   289   289 D LibBpfLoader: Adding section 3 to cs list
04-24 15:55:58.418   289   289 D LibBpfLoader: Loaded code section 5 (schedcls_ingress_tether_rawip$5_4)
04-24 15:55:58.418   289   289 D LibBpfLoader: Loaded relo section 5 (.relschedcls/ingress/tether_rawip$5_4)
04-24 15:55:58.418   289   289 D LibBpfLoader: Adding section 5 to cs list
04-24 15:55:58.418   289   289 D LibBpfLoader: Loaded code section 7 (schedcls_ingress_tether_rawip$4_14)
04-24 15:55:58.419   289   289 D LibBpfLoader: Loaded relo section 7 (.relschedcls/ingress/tether_rawip$4_14)
04-24 15:55:58.419   289   289 D LibBpfLoader: Adding section 7 to cs list
04-24 15:55:58.419   289   289 D LibBpfLoader: Loaded code section 9 (schedcls_ingress_tether_rawip$stub)
04-24 15:55:58.419   289   289 D LibBpfLoader: Adding section 9 to cs list
04-24 15:55:58.419   289   289 D LibBpfLoader: bpf_create_map name tether_ingress_map, ret: 6
04-24 15:55:58.419   289   289 D LibBpfLoader: bpf_create_map name tether_stats_map, ret: 7
04-24 15:55:58.419   289   289 D LibBpfLoader: bpf_create_map name tether_limit_map, ret: 8
04-24 15:55:58.419   289   289 D LibBpfLoader: map_fd found at 0 is 6 in /system/etc/bpf/offload.o
04-24 15:55:58.419   289   289 D LibBpfLoader: map_fd found at 1 is 7 in /system/etc/bpf/offload.o
04-24 15:55:58.419   289   289 D LibBpfLoader: map_fd found at 2 is 8 in /system/etc/bpf/offload.o
04-24 15:55:58.419   289   289 D LibBpfLoader: applying relo to instruction at byte offset: 304, 	       insn offset 38 , insn 118
04-24 15:55:58.419   289   289 D LibBpfLoader: applying relo to instruction at byte offset: 384, 	       insn offset 48 , insn 118
04-24 15:55:58.419   289   289 D LibBpfLoader: applying relo to instruction at byte offset: 448, 	       insn offset 56 , insn 118
04-24 15:55:58.419   289   289 D LibBpfLoader: applying relo to instruction at byte offset: 264, 	       insn offset 33 , insn 118
04-24 15:55:58.419   289   289 D LibBpfLoader: applying relo to instruction at byte offset: 344, 	       insn offset 43 , insn 118
04-24 15:55:58.419   289   289 D LibBpfLoader: applying relo to instruction at byte offset: 408, 	       insn offset 51 , insn 118
04-24 15:55:58.419   289   289 D LibBpfLoader: applying relo to instruction at byte offset: 264, 	       insn offset 33 , insn 118
04-24 15:55:58.419   289   289 D LibBpfLoader: applying relo to instruction at byte offset: 344, 	       insn offset 43 , insn 118
04-24 15:55:58.419   289   289 D LibBpfLoader: applying relo to instruction at byte offset: 408, 	       insn offset 51 , insn 118
04-24 15:55:58.420     0     0 I init    : Service 'update_verifier_nonencrypted' (pid 291) exited with status 0 waiting took 0.010000 seconds
04-24 15:55:58.420   289   289 D LibBpfLoader: bpf_prog_load lib call for /system/etc/bpf/offload.o (schedcls_ingress_tether_ether) returned fd: 9 (no error)
04-24 15:55:58.420   289   289 D LibBpfLoader: cs[1].name:schedcls_ingress_tether_rawip$5_4 min_kver:50400 .max_kver:ffffffff (kvers:50456)
04-24 15:55:58.420   289   289 D LibBpfLoader: bpf_prog_load lib call for /system/etc/bpf/offload.o (schedcls_ingress_tether_rawip$5_4) returned fd: 10 (no error)
04-24 15:55:58.421   289   289 D LibBpfLoader: cs[2].name:schedcls_ingress_tether_rawip$4_14 min_kver:40e00 .max_kver:50400 (kvers:50456)
04-24 15:55:58.421   289   289 D LibBpfLoader: cs[3].name:schedcls_ingress_tether_rawip$stub min_kver:0 .max_kver:50400 (kvers:50456)
04-24 15:55:58.421   289   289 I bpfloader: Loaded object: /system/etc/bpf/offload.o
04-24 15:55:58.421   289   289 D LibBpfLoader: Loading critical for netd ELF object /system/etc/bpf/netd.o with license Apache 2.0
04-24 15:55:58.421     0     0 I init    : Sending signal 9 to service 'update_verifier_nonencrypted' (pid 291) process group...
04-24 15:55:58.421   289   289 D LibBpfLoader: Loaded code section 3 (cgroupskb_ingress_stats)
04-24 15:55:58.421   289   289 D LibBpfLoader: Loaded relo section 3 (.relcgroupskb/ingress/stats)
04-24 15:55:58.422   289   289 D LibBpfLoader: Adding section 3 to cs list
04-24 15:55:58.422   289   289 D LibBpfLoader: Loaded code section 5 (cgroupskb_egress_stats)
04-24 15:55:58.422   289   289 D LibBpfLoader: Loaded relo section 5 (.relcgroupskb/egress/stats)
04-24 15:55:58.422   289   289 D LibBpfLoader: Adding section 5 to cs list
04-24 15:55:58.422   289   289 D LibBpfLoader: Loaded code section 7 (skfilter_egress_xtbpf)
04-24 15:55:58.422   289   289 D LibBpfLoader: Loaded relo section 7 (.relskfilter/egress/xtbpf)
04-24 15:55:58.422   289   289 D LibBpfLoader: Adding section 7 to cs list
04-24 15:55:58.422   289   289 D LibBpfLoader: Loaded code section 9 (skfilter_ingress_xtbpf)
04-24 15:55:58.422   289   289 D LibBpfLoader: Loaded relo section 9 (.relskfilter/ingress/xtbpf)
04-24 15:55:58.422   289   289 D LibBpfLoader: Adding section 9 to cs list
04-24 15:55:58.422   289   289 D LibBpfLoader: Loaded code section 11 (skfilter_whitelist_xtbpf)
04-24 15:55:58.422   289   289 D LibBpfLoader: Loaded relo section 11 (.relskfilter/whitelist/xtbpf)
04-24 15:55:58.422   289   289 D LibBpfLoader: Adding section 11 to cs list
04-24 15:55:58.422   289   289 D LibBpfLoader: Loaded code section 13 (skfilter_blacklist_xtbpf)
04-24 15:55:58.422   289   289 D LibBpfLoader: Loaded relo section 13 (.relskfilter/blacklist/xtbpf)
04-24 15:55:58.422   289   289 D LibBpfLoader: Adding section 13 to cs list
04-24 15:55:58.422   289   289 D LibBpfLoader: Loaded code section 15 (cgroupsock_inet_create)
04-24 15:55:58.422     0     0 I libprocessgroup: Successfully killed process cgroup uid 0 pid 291 in 0ms
04-24 15:55:58.422   289   289 D LibBpfLoader: Loaded relo section 15 (.relcgroupsock/inet/create)
04-24 15:55:58.422   289   289 D LibBpfLoader: Adding section 15 to cs list
04-24 15:55:58.423   289   289 D LibBpfLoader: bpf_create_map name cookie_tag_map, ret: 6
04-24 15:55:58.423   289   289 D LibBpfLoader: bpf_create_map name uid_counterset_map, ret: 7
04-24 15:55:58.423   289   289 D LibBpfLoader: bpf_create_map name app_uid_stats_map, ret: 8
04-24 15:55:58.423   289   289 D LibBpfLoader: bpf_create_map name stats_map_A, ret: 9
04-24 15:55:58.424   289   289 D LibBpfLoader: bpf_create_map name stats_map_B, ret: 10
04-24 15:55:58.424   289   289 D LibBpfLoader: bpf_create_map name iface_stats_map, ret: 11
04-24 15:55:58.424   289   289 D LibBpfLoader: bpf_create_map name configuration_map, ret: 12
04-24 15:55:58.424   289   289 D LibBpfLoader: bpf_create_map name uid_owner_map, ret: 13
04-24 15:55:58.424   289   289 D LibBpfLoader: bpf_create_map name iface_index_name_map, ret: 14
04-24 15:55:58.425   289   289 D LibBpfLoader: bpf_create_map name uid_permission_map, ret: 15
04-24 15:55:58.425   289   289 D LibBpfLoader: map_fd found at 0 is 6 in /system/etc/bpf/netd.o
04-24 15:55:58.425   289   289 D LibBpfLoader: map_fd found at 1 is 7 in /system/etc/bpf/netd.o
04-24 15:55:58.425   289   289 D LibBpfLoader: map_fd found at 2 is 8 in /system/etc/bpf/netd.o
04-24 15:55:58.425   289   289 D LibBpfLoader: map_fd found at 3 is 9 in /system/etc/bpf/netd.o
04-24 15:55:58.425   289   289 D LibBpfLoader: map_fd found at 4 is 10 in /system/etc/bpf/netd.o
04-24 15:55:58.425   289   289 D LibBpfLoader: map_fd found at 5 is 11 in /system/etc/bpf/netd.o
04-24 15:55:58.425   289   289 D LibBpfLoader: map_fd found at 6 is 12 in /system/etc/bpf/netd.o
04-24 15:55:58.425   289   289 D LibBpfLoader: map_fd found at 7 is 13 in /system/etc/bpf/netd.o
04-24 15:55:58.425   289   289 D LibBpfLoader: map_fd found at 8 is 14 in /system/etc/bpf/netd.o
04-24 15:55:58.425   289   289 D LibBpfLoader: map_fd found at 9 is 15 in /system/etc/bpf/netd.o
04-24 15:55:58.425   289   289 D LibBpfLoader: applying relo to instruction at byte offset: 664, 	       insn offset 83 , insn 118
04-24 15:55:58.425   289   289 D LibBpfLoader: applying relo to instruction at byte offset: 736, 	       insn offset 92 , insn 118
04-24 15:55:58.425   289   289 D LibBpfLoader: applying relo to instruction at byte offset: 1088, 	       insn offset 136 , insn 118
04-24 15:55:58.425   289   289 D LibBpfLoader: applying relo to instruction at byte offset: 1384, 	       insn offset 173 , insn 118
04-24 15:55:58.425   289   289 D LibBpfLoader: applying relo to instruction at byte offset: 1464, 	       insn offset 183 , insn 118
04-24 15:55:58.425   289   289 D LibBpfLoader: applying relo to instruction at byte offset: 1576, 	       insn offset 197 , insn 118
04-24 15:55:58.425   289   289 D LibBpfLoader: applying relo to instruction at byte offset: 1688, 	       insn offset 211 , insn 118
04-24 15:55:58.425   289   289 D LibBpfLoader: applying relo to instruction at byte offset: 1728, 	       insn offset 216 , insn 118
04-24 15:55:58.425   289   289 D LibBpfLoader: applying relo to instruction at byte offset: 1880, 	       insn offset 235 , insn 118
04-24 15:55:58.425   289   289 D LibBpfLoader: applying relo to instruction at byte offset: 1992, 	       insn offset 249 , insn 118
04-24 15:55:58.425   289   289 D LibBpfLoader: applying relo to instruction at byte offset: 2032, 	       insn offset 254 , insn 118
04-24 15:55:58.425   289   289 D LibBpfLoader: applying relo to instruction at byte offset: 2312, 	       insn offset 289 , insn 118
04-24 15:55:58.425   289   289 D LibBpfLoader: applying relo to instruction at byte offset: 2416, 	       insn offset 302 , insn 118
04-24 15:55:58.425   289   289 D LibBpfLoader: applying relo to instruction at byte offset: 2456, 	       insn offset 307 , insn 118
04-24 15:55:58.425   289   289 D LibBpfLoader: applying relo to instruction at byte offset: 2600, 	       insn offset 325 , insn 118
04-24 15:55:58.425   289   289 D LibBpfLoader: applying relo to instruction at byte offset: 2704, 	       insn offset 338 , insn 118
04-24 15:55:58.425   289   289 D LibBpfLoader: applying relo to instruction at byte offset: 2744, 	       insn offset 343 , insn 118
04-24 15:55:58.425   289   289 D LibBpfLoader: applying relo to instruction at byte offset: 2976, 	       insn offset 372 , insn 118
04-24 15:55:58.425     0     0 I init    : starting service 'statsd'...
04-24 15:55:58.425   289   289 D LibBpfLoader: applying relo to instruction at byte offset: 3080, 	       insn offset 385 , insn 118
04-24 15:55:58.425   289   289 D LibBpfLoader: applying relo to instruction at byte offset: 3120, 	       insn offset 390 , insn 118
04-24 15:55:58.425   289   289 D LibBpfLoader: applying relo to instruction at byte offset: 648, 	       insn offset 81 , insn 118
04-24 15:55:58.425   289   289 D LibBpfLoader: applying relo to instruction at byte offset: 720, 	       insn offset 90 , insn 118
04-24 15:55:58.425   289   289 D LibBpfLoader: applying relo to instruction at byte offset: 944, 	       insn offset 118 , insn 118
04-24 15:55:58.425   289   289 D LibBpfLoader: applying relo to instruction at byte offset: 1216, 	       insn offset 152 , insn 118
04-24 15:55:58.425   289   289 D LibBpfLoader: applying relo to instruction at byte offset: 1296, 	       insn offset 162 , insn 118
04-24 15:55:58.425   289   289 D LibBpfLoader: applying relo to instruction at byte offset: 1400, 	       insn offset 175 , insn 118
04-24 15:55:58.425   289   289 D LibBpfLoader: applying relo to instruction at byte offset: 1504, 	       insn offset 188 , insn 118
04-24 15:55:58.425   289   289 D LibBpfLoader: applying relo to instruction at byte offset: 1544, 	       insn offset 193 , insn 118
04-24 15:55:58.425   289   289 D LibBpfLoader: applying relo to instruction at byte offset: 1688, 	       insn offset 211 , insn 118
04-24 15:55:58.425   289   289 D LibBpfLoader: applying relo to instruction at byte offset: 1792, 	       insn offset 224 , insn 118
04-24 15:55:58.425   289   289 D LibBpfLoader: applying relo to instruction at byte offset: 1832, 	       insn offset 229 , insn 118
04-24 15:55:58.425   289   289 D LibBpfLoader: applying relo to instruction at byte offset: 2104, 	       insn offset 263 , insn 118
04-24 15:55:58.425   289   289 D LibBpfLoader: applying relo to instruction at byte offset: 2208, 	       insn offset 276 , insn 118
04-24 15:55:58.425   289   289 D LibBpfLoader: applying relo to instruction at byte offset: 2248, 	       insn offset 281 , insn 118
04-24 15:55:58.425   289   289 D LibBpfLoader: applying relo to instruction at byte offset: 2392, 	       insn offset 299 , insn 118
04-24 15:55:58.425   289   289 D LibBpfLoader: applying relo to instruction at byte offset: 2496, 	       insn offset 312 , insn 118
04-24 15:55:58.425   289   289 D LibBpfLoader: applying relo to instruction at byte offset: 2536, 	       insn offset 317 , insn 118
04-24 15:55:58.425   289   289 D LibBpfLoader: applying relo to instruction at byte offset: 2768, 	       insn offset 346 , insn 118
04-24 15:55:58.425   289   289 D LibBpfLoader: applying relo to instruction at byte offset: 2872, 	       insn offset 359 , insn 118
04-24 15:55:58.425   289   289 D LibBpfLoader: applying relo to instruction at byte offset: 2912, 	       insn offset 364 , insn 118
04-24 15:55:58.426   289   289 D LibBpfLoader: applying relo to instruction at byte offset: 88, 	       insn offset 11 , insn 118
04-24 15:55:58.426   289   289 D LibBpfLoader: applying relo to instruction at byte offset: 192, 	       insn offset 24 , insn 118
04-24 15:55:58.426   289   289 D LibBpfLoader: applying relo to instruction at byte offset: 232, 	       insn offset 29 , insn 118
04-24 15:55:58.426   289   289 D LibBpfLoader: applying relo to instruction at byte offset: 40, 	       insn offset 5 , insn 118
