04-24 15:55:59.087   360   360 I RenderEngine: EGLSurface: 8-8-8-8, config=0x2
04-24 15:55:59.098   360   360 D EGL_emulation: eglCreateContext: 0x7e6caf9db480: maj 2 min 0 rcv 2
04-24 15:55:59.087     0     0 I init    : Service 'boringssl_self_test_apex32' (pid 377) exited with status 0 waiting took 0.057000 seconds
04-24 15:55:59.090     0     0 I init    : Sending signal 9 to service 'boringssl_self_test_apex32' (pid 377) process group...
04-24 15:55:59.092     0     0 I libprocessgroup: Successfully killed process cgroup uid 0 pid 377 in 0ms
04-24 15:55:59.104   292   292 I ServiceManager: Waiting for service 'statscompanion' on '/dev/binder'...
04-24 15:55:59.096     0     0 I init    : processing action (apexd.status=ready && ro.product.cpu.abilist64=*) from (/system/etc/init/hw/init.rc:91)
04-24 15:55:59.099     0     0 I init    : starting service 'boringssl_self_test_apex64'...
04-24 15:55:59.122   294   294 I AndroidRuntime: Using default boot image
04-24 15:55:59.122   294   294 I AndroidRuntime: Leaving lock profiling enabled
04-24 15:55:59.111     0     0 I init    : SVC_EXEC service 'boringssl_self_test_apex64' pid 383 (uid 0 gid 0+0 context default) started; waiting...
04-24 15:55:59.128   294   294 I zygote64: option[0]=-Xzygote
04-24 15:55:59.128   294   294 I zygote64: option[1]=exit
04-24 15:55:59.128   294   294 I zygote64: option[2]=vfprintf
04-24 15:55:59.128   294   294 I zygote64: option[3]=sensitiveThread
04-24 15:55:59.128   294   294 I zygote64: option[4]=-verbose:gc
04-24 15:55:59.128   294   294 I zygote64: option[5]=-XX:PerfettoHprof=true
04-24 15:55:59.128   294   294 I zygote64: option[6]=-Xprimaryzygote
04-24 15:55:59.128   294   294 I zygote64: option[7]=-Xms8m
04-24 15:55:59.128   294   294 I zygote64: option[8]=-Xmx512m
04-24 15:55:59.128   294   294 I zygote64: option[9]=-XX:HeapGrowthLimit=192m
04-24 15:55:59.128   294   294 I zygote64: option[10]=-XX:HeapMinFree=512k
04-24 15:55:59.128   294   294 I zygote64: option[11]=-XX:HeapMaxFree=8m
04-24 15:55:59.128   294   294 I zygote64: option[12]=-XX:HeapTargetUtilization=0.75
04-24 15:55:59.128   294   294 I zygote64: option[13]=-Xusejit:true
04-24 15:55:59.128   294   294 I zygote64: option[14]=-Xjitsaveprofilinginfo
04-24 15:55:59.128   294   294 I zygote64: option[15]=-XjdwpOptions:suspend=n,server=y
04-24 15:55:59.128   294   294 I zygote64: option[16]=-XjdwpProvider:default
04-24 15:55:59.128   294   294 I zygote64: option[17]=-Xopaque-jni-ids:swapable
04-24 15:55:59.128   294   294 I zygote64: option[18]=-Xlockprofthreshold:500
04-24 15:55:59.128   294   294 I zygote64: option[19]=-Xcompiler-option
04-24 15:55:59.128   294   294 I zygote64: option[20]=--instruction-set-variant=x86_64
04-24 15:55:59.128   294   294 I zygote64: option[21]=-Xcompiler-option
04-24 15:55:59.128   294   294 I zygote64: option[22]=--instruction-set-features=default
04-24 15:55:59.128   294   294 I zygote64: option[23]=-Xcompiler-option
04-24 15:55:59.128   294   294 I zygote64: option[24]=--generate-mini-debug-info
04-24 15:55:59.128   294   294 I zygote64: option[25]=-Ximage-compiler-option
04-24 15:55:59.128   294   294 I zygote64: option[26]=--runtime-arg
04-24 15:55:59.128   294   294 I zygote64: option[27]=-Ximage-compiler-option
04-24 15:55:59.128   294   294 I zygote64: option[28]=-Xms64m
04-24 15:55:59.128   294   294 I zygote64: option[29]=-Ximage-compiler-option
04-24 15:55:59.129   294   294 I zygote64: option[30]=--runtime-arg
04-24 15:55:59.129   294   294 I zygote64: option[31]=-Ximage-compiler-option
04-24 15:55:59.129   294   294 I zygote64: option[32]=-Xmx64m
04-24 15:55:59.129   294   294 I zygote64: option[33]=-Ximage-compiler-option
04-24 15:55:59.129   294   294 I zygote64: option[34]=--dirty-image-objects=/system/etc/dirty-image-objects
04-24 15:55:59.129   294   294 I zygote64: option[35]=-Ximage-compiler-option
04-24 15:55:59.129   294   294 I zygote64: option[36]=--instruction-set-variant=x86_64
04-24 15:55:59.129   294   294 I zygote64: option[37]=-Ximage-compiler-option
04-24 15:55:59.129   294   294 I zygote64: option[38]=--instruction-set-features=default
04-24 15:55:59.129   294   294 I zygote64: option[39]=-Ximage-compiler-option
04-24 15:55:59.129   294   294 I zygote64: option[40]=--generate-mini-debug-info
04-24 15:55:59.129   294   294 I zygote64: option[41]=-Duser.locale=en-US
04-24 15:55:59.129   294   294 I zygote64: option[42]=--cpu-abilist=x86_64
04-24 15:55:59.129   294   294 I zygote64: option[43]=-Xcore-platform-api-policy:just-warn
04-24 15:55:59.129   294   294 I zygote64: option[44]=-Xfingerprint:Android/sdk_phone_x86_64/generic_x86_64:11/RSR1.210722.013.A2/10067904:userdebug/test-keys
04-24 15:55:59.144   294   294 I zygote64: Core platform API reporting enabled, enforcing=false
04-24 15:55:59.155   295   295 D AndroidRuntime: >>>>>> START com.android.internal.os.ZygoteInit uid 0 <<<<<<
04-24 15:55:59.159   360   360 D EGL_emulation: eglMakeCurrent: 0x7e6caf9db480: ver 2 0 (tinfo 0x7e6c4f9e3160) (first time)
04-24 15:55:59.163   360   360 I RenderEngine: OpenGL ES informations:
04-24 15:55:59.163   360   360 I RenderEngine: vendor    : Google (NVIDIA Corporation)
04-24 15:55:59.163   360   360 I RenderEngine: renderer  : Android Emulator OpenGL ES Translator (NVIDIA GeForce RTX 3070/PCIe/SSE2)
04-24 15:55:59.163   360   360 I RenderEngine: version   : OpenGL ES 2.0 (4.5.0 NVIDIA 595.97)
04-24 15:55:59.163   360   360 I RenderEngine: extensions: GL_EXT_debug_marker GL_EXT_robustness GL_OES_EGL_sync GL_OES_EGL_image GL_OES_EGL_image_external GL_OES_depth24 GL_OES_depth32 GL_OES_element_index_uint GL_OES_texture_float GL_OES_texture_float_linear GL_OES_compressed_ETC1_RGB8_texture GL_OES_depth_texture GL_OES_texture_half_float GL_OES_texture_half_float_linear GL_OES_packed_depth_stencil GL_OES_texture_npot GL_OES_rgb8_rgba8 GL_OVR_multiview2 GL_EXT_multiview_texture_multisample GL_EXT_color_buffer_half_float GL_EXT_texture_format_BGRA8888 ANDROID_EMU_CHECKSUM_HELPER_v1 ANDROID_EMU_native_sync_v2 ANDROID_EMU_native_sync_v3 ANDROID_EMU_native_sync_v4 ANDROID_EMU_dma_v1 ANDROID_EMU_direct_mem ANDROID_EMU_host_composition_v1 ANDROID_EMU_host_composition_v2 ANDROID_EMU_vulkan ANDROID_EMU_deferred_vulkan_commands ANDROID_EMU_vulkan_null_optional_strings ANDROID_EMU_vulkan_create_resources_with_requirements ANDROID_EMU_YUV_Cache ANDROID_EMU_vulkan_ignored_handles ANDROID_EMU_has_shared_slots_host_memory_allocator ANDROID_EMU_vulkan_free_memory_sy
04-24 15:55:59.163   360   360 I RenderEngine: GL_MAX_TEXTURE_SIZE = 32768
04-24 15:55:59.163   360   360 I RenderEngine: GL_MAX_VIEWPORT_DIMS = 32768
04-24 15:55:59.168   183   183 I hwservicemanager: getTransport: Cannot find entry android.hardware.graphics.mapper@4.0::IMapper/default in either framework or device manifest.
04-24 15:55:59.168   315   315 I ComposerResources: failed to get mapper 4.0 service, falling back to mapper 3.0
04-24 15:55:59.168   315   315 D HostConnection: createUnique: call
04-24 15:55:59.169   315   315 D HostConnection: HostConnection::get() New Host Connection established 0x7397dec77310, tid 315
04-24 15:55:59.169   315   315 D goldfish-address-space: allocate: Ask for block of size 0x100
04-24 15:55:59.169   315   315 D goldfish-address-space: allocate: ioctl allocate returned offset 0x3fbffe000 size 0x2000
04-24 15:55:59.171   360   360 E HWComposer: loadLayerMetadataSupport: getLayerGenericMetadataKeys failed: UNSUPPORTED (8)
04-24 15:55:59.172   360   360 I HWComposer: Switching to generalized multi-display mode
04-24 15:55:59.173   360   360 E HWComposer: isConnected failed for display 8141241408256768: Invalid display
04-24 15:55:59.175   360   388 W SurfaceFlinger: Ignoring VSYNC request while display is disconnected
04-24 15:55:59.175   360   389 W SurfaceFlinger: Ignoring VSYNC request while display is disconnected
04-24 15:55:59.175   360   389 W SurfaceFlinger: Ignoring VSYNC request while display is disconnected
04-24 15:55:59.175   360   360 E HWComposer: getDisplayConnectionType: getDisplayConnectionType failed for display 8141241408256768: Unsupported (8)
04-24 15:55:59.175   360   388 W SurfaceFlinger: Ignoring VSYNC request while display is disconnected
04-24 15:55:59.175   360   388 W SurfaceFlinger: Ignoring VSYNC request while display is disconnected
04-24 15:55:59.177   360   360 I FramebufferSurface: framebuffer size has been limited to [1440x2960] from [1440x2960]
04-24 15:55:59.177   360   360 W HwcComposer: getPerFrameMetadataKeys failed with 8
04-24 15:55:59.168     0     0 I init    : Service 'boringssl_self_test_apex64' (pid 383) exited with status 0 waiting took 0.065000 seconds
04-24 15:55:59.170     0     0 I init    : Sending signal 9 to service 'boringssl_self_test_apex64' (pid 383) process group...
04-24 15:55:59.172     0     0 I libprocessgroup: Successfully killed process cgroup uid 0 pid 383 in 0ms
04-24 15:55:59.180   368   368 I ServiceManager: Waiting for service 'media.metrics' on '/dev/binder'...
04-24 15:55:59.178     0     0 I init    : processing action (sys.init.perf_lsm_hooks=1) from (/system/etc/init/hw/init.rc:1017)
04-24 15:55:59.180     0     0 I init    : processing action (security.perf_harden=1) from (/system/etc/init/hw/init.rc:1031)
04-24 15:55:59.185     0     0 I init    : processing action (ro.debuggable=1) from (/system/etc/init/hw/init.rc:1058)
04-24 15:55:59.187     0     0 I init    : processing action (sys.usb.config=adb && sys.usb.configfs=0) from (/system/etc/init/hw/init.usb.rc:37)
04-24 15:55:59.189     0     0 I init    : Command 'write /sys/class/android_usb/android0/enable 0' action=sys.usb.config=adb && sys.usb.configfs=0 (/system/etc/init/hw/init.usb.rc:38) took 0ms and failed: Unable to write to file '/sys/class/android_usb/android0/enable': open() failed: Permission denied
04-24 15:55:59.199   295   295 I AndroidRuntime: Using default boot image
04-24 15:55:59.199   295   295 I AndroidRuntime: Leaving lock profiling enabled
04-24 15:55:59.205   292   292 I ServiceManager: Waiting for service 'statscompanion' on '/dev/binder'...
04-24 15:55:59.193     0     0 I init    : Command 'write /sys/class/android_usb/android0/idVendor 18d1' action=sys.usb.config=adb && sys.usb.configfs=0 (/system/etc/init/hw/init.usb.rc:39) took 0ms and failed: Unable to write to file '/sys/class/android_usb/android0/idVendor': open() failed: Permission denied
04-24 15:55:59.197     0     0 I init    : Command 'write /sys/class/android_usb/android0/idProduct 4EE7' action=sys.usb.config=adb && sys.usb.configfs=0 (/system/etc/init/hw/init.usb.rc:40) took 0ms and failed: Unable to write to file '/sys/class/android_usb/android0/idProduct': open() failed: Permission denied
04-24 15:55:59.212   293   293 I netd    : Setting up TetherController hooks: 159973us
04-24 15:55:59.201     0     0 I init    : Command 'write /sys/class/android_usb/android0/functions ${sys.usb.config}' action=sys.usb.config=adb && sys.usb.configfs=0 (/system/etc/init/hw/init.usb.rc:41) took 0ms and failed: Unable to write to file '/sys/class/android_usb/android0/functions': open() failed: Permission denied
04-24 15:55:59.205     0     0 I init    : Command 'write /sys/class/android_usb/android0/enable 1' action=sys.usb.config=adb && sys.usb.configfs=0 (/system/etc/init/hw/init.usb.rc:42) took 0ms and failed: Unable to write to file '/sys/class/android_usb/android0/enable': open() failed: Permission denied
04-24 15:55:59.216   295   295 I zygote  : option[0]=-Xzygote
04-24 15:55:59.216   295   295 I zygote  : option[1]=exit
04-24 15:55:59.216   295   295 I zygote  : option[2]=vfprintf
04-24 15:55:59.216   295   295 I zygote  : option[3]=sensitiveThread
04-24 15:55:59.216   295   295 I zygote  : option[4]=-verbose:gc
04-24 15:55:59.216   295   295 I zygote  : option[5]=-XX:PerfettoHprof=true
04-24 15:55:59.216   295   295 I zygote  : option[6]=-Xms8m
04-24 15:55:59.216   295   295 I zygote  : option[7]=-Xmx512m
04-24 15:55:59.216   295   295 I zygote  : option[8]=-XX:HeapGrowthLimit=192m
04-24 15:55:59.216   295   295 I zygote  : option[9]=-XX:HeapMinFree=512k
04-24 15:55:59.216   295   295 I zygote  : option[10]=-XX:HeapMaxFree=8m
04-24 15:55:59.216   295   295 I zygote  : option[11]=-XX:HeapTargetUtilization=0.75
04-24 15:55:59.216   295   295 I zygote  : option[12]=-Xusejit:true
04-24 15:55:59.216   295   295 I zygote  : option[13]=-Xjitsaveprofilinginfo
04-24 15:55:59.216   295   295 I zygote  : option[14]=-XjdwpOptions:suspend=n,server=y
04-24 15:55:59.216   295   295 I zygote  : option[15]=-XjdwpProvider:default
04-24 15:55:59.216   295   295 I zygote  : option[16]=-Xopaque-jni-ids:swapable
04-24 15:55:59.216   295   295 I zygote  : option[17]=-Xlockprofthreshold:500
04-24 15:55:59.216   295   295 I zygote  : option[18]=-Xcompiler-option
04-24 15:55:59.217   295   295 I zygote  : option[19]=--instruction-set-variant=x86_64
04-24 15:55:59.217   295   295 I zygote  : option[20]=-Xcompiler-option
04-24 15:55:59.217   295   295 I zygote  : option[21]=--instruction-set-features=default
04-24 15:55:59.217   295   295 I zygote  : option[22]=-Xcompiler-option
04-24 15:55:59.217   295   295 I zygote  : option[23]=--generate-mini-debug-info
04-24 15:55:59.217   295   295 I zygote  : option[24]=-Ximage-compiler-option
04-24 15:55:59.217   295   295 I zygote  : option[25]=--runtime-arg
04-24 15:55:59.217   295   295 I zygote  : option[26]=-Ximage-compiler-option
04-24 15:55:59.217   295   295 I zygote  : option[27]=-Xms64m
04-24 15:55:59.217   295   295 I zygote  : option[28]=-Ximage-compiler-option
04-24 15:55:59.217   295   295 I zygote  : option[29]=--runtime-arg
04-24 15:55:59.217   295   295 I zygote  : option[30]=-Ximage-compiler-option
04-24 15:55:59.217   295   295 I zygote  : option[31]=-Xmx64m
04-24 15:55:59.217   295   295 I zygote  : option[32]=-Ximage-compiler-option
04-24 15:55:59.217   295   295 I zygote  : option[33]=--dirty-image-objects=/system/etc/dirty-image-objects
04-24 15:55:59.217   295   295 I zygote  : option[34]=-Ximage-compiler-option
04-24 15:55:59.217   295   295 I zygote  : option[35]=--instruction-set-variant=x86_64
04-24 15:55:59.217   295   295 I zygote  : option[36]=-Ximage-compiler-option
04-24 15:55:59.217   295   295 I zygote  : option[37]=--instruction-set-features=default
04-24 15:55:59.217   295   295 I zygote  : option[38]=-Ximage-compiler-option
04-24 15:55:59.217   295   295 I zygote  : option[39]=--generate-mini-debug-info
04-24 15:55:59.217   295   295 I zygote  : option[40]=-Duser.locale=en-US
04-24 15:55:59.217   295   295 I zygote  : option[41]=--cpu-abilist=x86
04-24 15:55:59.217   295   295 I zygote  : option[42]=-Xcore-platform-api-policy:just-warn
04-24 15:55:59.217   295   295 I zygote  : option[43]=-Xfingerprint:Android/sdk_phone_x86_64/generic_x86_64:11/RSR1.210722.013.A2/10067904:userdebug/test-keys
04-24 15:55:59.209     0     0 I init    : starting service 'adbd'...
04-24 15:55:59.210     0     0 I init    : Created socket '/dev/socket/adbd', mode 660, user 1000, group 1000
04-24 15:55:59.219     0     0 I init    : processing action (qemu.networknamespace=ready) from (/vendor/etc/init/hw/init.ranchu.rc:109)
04-24 15:55:59.221     0     0 I init    : starting service 'ranchu-net'...
04-24 15:55:59.229     0     0 I init    : processing action (init.svc.audioserver=running) from (/system/etc/init/audioserver.rc:32)
04-24 15:55:59.230     0     0 I init    : Command 'start vendor.audio-hal-4-0-msd' action=init.svc.audioserver=running (/system/etc/init/audioserver.rc:34) took 0ms and failed: service vendor.audio-hal-4-0-msd not found
04-24 15:55:59.233     0     0 I init    : Command 'start vendor.audio-hal-2-0' action=init.svc.audioserver=running (/system/etc/init/audioserver.rc:36) took 0ms and failed: service vendor.audio-hal-2-0 not found
04-24 15:55:59.243   295   295 I zygote  : Core platform API reporting enabled, enforcing=false
04-24 15:55:59.236     0     0 I init    : Command 'start audio-hal-2-0' action=init.svc.audioserver=running (/system/etc/init/audioserver.rc:37) took 0ms and failed: service audio-hal-2-0 not found
04-24 15:55:59.239     0     0 I init    : processing action (ro.persistent_properties.ready=true) from (/system/etc/init/bootstat.rc:67)
04-24 15:55:59.242     0     0 I init    : processing action (ro.persistent_properties.ready=true) from (/system/etc/init/bootstat.rc:71)
04-24 15:55:59.245     0     0 I init    : starting service 'exec 15 (/system/bin/bootstat --set_system_boot_reason)'...
04-24 15:55:59.251     0     0 I init    : processing action (persist.heapprofd.enable= && traced.lazy.heapprofd=) from (/system/etc/init/heapprofd.rc:34)
04-24 15:55:59.254     0     0 I init    : processing action (ro.debuggable=1) from (/system/etc/init/llkd-debuggable.rc:1)
04-24 15:55:59.256     0     0 I init    : processing action (ro.debuggable=*) from (/system/etc/init/llkd.rc:2)
04-24 15:55:59.258     0     0 I init    : processing action (debug.atrace.user_initiated= && persist.traced.enable=1) from (/system/etc/init/perfetto.rc:47)
04-24 15:55:59.260     0     0 I init    : starting service 'traced_probes'...
04-24 15:55:59.261     0     0 I init    : Opened file '/dev/kmsg', flags 1
04-24 15:55:59.266     0     0 I init    : processing action (persist.traced.enable=1) from (/system/etc/init/perfetto.rc:50)
04-24 15:55:59.267     0     0 I init    : starting service 'traced'...
04-24 15:55:59.268     0     0 I init    : Created socket '/dev/socket/traced_consumer', mode 666, user 0, group 0
04-24 15:55:59.269     0     0 I init    : Created socket '/dev/socket/traced_producer', mode 666, user 0, group 0
04-24 15:55:59.280   360   360 D RenderEngine: shader cache generated - 48 shaders in 97.992096 ms
04-24 15:55:59.283   368   368 I ServiceManager: Waiting for service 'media.metrics' on '/dev/binder'...
04-24 15:55:59.284   395   395 I bootstat: Service started: /system/bin/bootstat --set_system_boot_reason 
04-24 15:55:59.284   395   395 I bootstat: Canonical boot reason: reboot
04-24 15:55:59.284   395   395 I bootstat: Canonical boot reason: reboot
04-24 15:55:59.301   360   360 I HidlServiceManagement: Registered android.frameworks.displayservice@1.0::IDisplayService/default (start delay of 417ms)
04-24 15:55:59.301   360   360 D SurfaceFlinger: Setting power mode 2 on display 8141241408256768
04-24 15:55:59.301   360   360 D SurfaceFlinger: Finished setting power mode 2 on display 8141241408256768
04-24 15:55:59.305   292   292 I ServiceManager: Waiting for service 'statscompanion' on '/dev/binder'...
04-24 15:55:59.307   395   395 E bootstat: Failed to read /metadata/bootstat/persist.sys.boot.reason: No such file or directory
04-24 15:55:59.307   395   395 I bootstat: Value of persist.sys.boot.reason : 
04-24 15:55:59.307   395   395 I bootstat: Normalized last reboot reason : reboot
04-24 15:55:59.315   395   395 E bootstat: Failed to unlink /metadata/bootstat/persist.sys.boot.reason: No such file or directory
04-24 15:55:59.309     0     0 I init    : Service 'exec 15 (/system/bin/bootstat --set_system_boot_reason)' (pid 395) exited with status 0 oneshot service took 0.058000 seconds in background
04-24 15:55:59.311     0     0 I init    : Sending signal 9 to service 'exec 15 (/system/bin/bootstat --set_system_boot_reason)' (pid 395) process group...
04-24 15:55:59.312     0     0 I libprocessgroup: Successfully killed process cgroup uid 1000 pid 395 in 0ms
04-24 15:55:59.314     0     0 I init    : starting service 'bootanim'...
04-24 15:55:59.324   396   396 I perfetto: probes.cc:77            Starting /system/bin/traced_probes service
04-24 15:55:59.324   398   398 W perfetto: service.cc:97           Started traced, listening on /dev/socket/traced_producer /dev/socket/traced_consumer
04-24 15:55:59.329   392   392 I adbd    : Setup mdns on port= 5555
04-24 15:55:59.329   392   392 I adbd    : adbd listening on tcp:5555
04-24 15:55:59.329   392   392 I adbd    : adbd listening on vsock:5555
04-24 15:55:59.318     0     0 I init    : Control message: Processed ctl.start for 'bootanim' from pid: 360 (/system/bin/surfaceflinger)
04-24 15:55:59.319     0     0 I init    : processing action (persist.traced_perf.enable= && sys.init.perf_lsm_hooks=1 && traced.lazy.traced_perf=) from (/system/etc/init/traced_perf.rc:43)
04-24 15:55:59.332   396   396 I perfetto: probes_producer.cc:100  Connected to the service
04-24 15:55:59.325     0     0 I init    : starting service 'mdnsd'...
04-24 15:55:59.326     0     0 I init    : Created socket '/dev/socket/mdnsd', mode 660, user 1020, group 3003
04-24 15:55:59.336   392   406 I adbd    : Waiting for persist.adb.tls_server.enable=1
04-24 15:55:59.331     0     0 D ieee80211 phy0: Selected rate control algorithm 'minstrel_ht'
04-24 15:55:59.331     0     0 I init    : Control message: Processed ctl.start for 'mdnsd' from pid: 392 (/apex/com.android.adbd/bin/adbd --root_seclabel=u:r:su:s0)
04-24 15:55:59.340   293   293 I netd    : Setting up BandwidthController hooks: 128635us
04-24 15:55:59.340   293   293 I netd    : Setting up IdletimerController hooks: 89us
04-24 15:55:59.334     0     0 D ieee80211 phy1: Selected rate control algorithm 'minstrel_ht'
04-24 15:55:59.335     0     0 I init    : processing action (nonencrypted) from (/system/etc/init/hw/init.rc:953)
04-24 15:55:59.336     0     0 I init    : starting service 'cameraserver'...
04-24 15:55:59.340     0     0 W libprocessgroup: Failed to open /dev/cpuset/camera-daemon/tasks: No such file or directory: No such file or directory
04-24 15:55:59.341     0     0 I init    : starting service 'drm'...
04-24 15:55:59.342     0     0 W libprocessgroup: Failed to apply CameraServiceCapacity task profile: No such file or directory
04-24 15:55:59.347     0     0 I init    : starting service 'idmap2d'...
04-24 15:55:59.351     0     0 I init    : starting service 'incidentd'...
04-24 15:55:59.383   368   368 I ServiceManager: Waiting for service 'media.metrics' on '/dev/binder'...
04-24 15:55:59.386     0     0 I         : ip (414) used greatest stack depth: 11504 bytes left
04-24 15:55:59.388     0     0 I init    : starting service 'installd'...
04-24 15:55:59.392     0     0 I init    : starting service 'iorapd'...
04-24 15:55:59.406   292   292 I ServiceManager: Waiting for service 'statscompanion' on '/dev/binder'...
04-24 15:55:59.398     0     0 I init    : starting service 'keystore'...
04-24 15:55:59.420   293   293 I netd    : Setting up StrictController hooks: 79133us
04-24 15:55:59.420   293   293 I ClatdController: 4.9+ kernel and device shipped with Q+ - clat ebpf should work.
04-24 15:55:59.422   293   293 I netd    : Initializing ClatdController: 2442us
04-24 15:55:59.423   293   293 I netd    : Initializing traffic control: 913us
04-24 15:55:59.424   402   402 D BootAnimation: BootAnimationStartTiming start time: 12780ms
04-24 15:55:59.424   402   402 D BootAnimation: BootAnimationPreloadTiming start time: 12780ms
04-24 15:55:59.426   402   402 D BootAnimation: BootAnimationPreloadStopTiming start time: 12782ms
04-24 15:55:59.421     0     0 I         : ip (419) used greatest stack depth: 11104 bytes left
04-24 15:55:59.422     0     0 I init    : starting service 'mediaextractor'...
04-24 15:55:59.431   183   183 I hwservicemanager: getTransport: Cannot find entry android.hardware.graphics.mapper@4.0::IMapper/default in either framework or device manifest.
04-24 15:55:59.431   360   376 I Gralloc4: mapper 4.x is not supported
04-24 15:55:59.432   360   376 D HostConnection: createUnique: call
04-24 15:55:59.432   360   376 D HostConnection: HostConnection::get() New Host Connection established 0x7e6cbf9def10, tid 376
04-24 15:55:59.433   360   376 D goldfish-address-space: allocate: Ask for block of size 0x100
04-24 15:55:59.433   420   420 I installd: installd firing up
04-24 15:55:59.433   360   376 D goldfish-address-space: allocate: ioctl allocate returned offset 0x3fbffe000 size 0x2000
04-24 15:55:59.442   402   427 D libEGL  : loaded /vendor/lib64/egl/libEGL_emulation.so
04-24 15:55:59.444   402   427 D libEGL  : loaded /vendor/lib64/egl/libGLESv1_CM_emulation.so
04-24 15:55:59.436     0     0 I init    : starting service 'mediametrics'...
04-24 15:55:59.446   402   427 D libEGL  : loaded /vendor/lib64/egl/libGLESv2_emulation.so
04-24 15:55:59.462   402   427 D HostConnection: HostConnection::get() New Host Connection established 0x7fee5f206950, tid 427
04-24 15:55:59.446     0     0 I init    : starting service 'media'...
04-24 15:55:59.452     0     0 I init    : starting service 'storaged'...
04-24 15:55:59.453     0     0 I init    : Could not open file '/d/mmc0/mmc0:0001/ext_csd': Failed to open file '/d/mmc0/mmc0:0001/ext_csd': No such file or directory
04-24 15:55:59.484   368   368 I ServiceManager: Waiting for service 'media.metrics' on '/dev/binder'...
04-24 15:55:59.486   402   427 D HostConnection: HostComposition ext ANDROID_EMU_CHECKSUM_HELPER_v1 ANDROID_EMU_native_sync_v2 ANDROID_EMU_native_sync_v3 ANDROID_EMU_native_sync_v4 ANDROID_EMU_dma_v1 ANDROID_EMU_direct_mem ANDROID_EMU_host_composition_v1 ANDROID_EMU_host_composition_v2 ANDROID_EMU_vulkan ANDROID_EMU_deferred_vulkan_commands ANDROID_EMU_vulkan_null_optional_strings ANDROID_EMU_vulkan_create_resources_with_requirements ANDROID_EMU_YUV_Cache ANDROID_EMU_vulkan_ignored_handles ANDROID_EMU_has_shared_slots_host_memory_allocator ANDROID_EMU_vulkan_free_memory_sync ANDROID_EMU_vulkan_shader_float16_int8 ANDROID_EMU_vulkan_async_queue_submit ANDROID_EMU_sync_buffer_data ANDROID_EMU_vulkan_async_qsri ANDROID_EMU_read_color_buffer_dma ANDROID_EMU_hwc_color_transform GL_OES_vertex_array_object GL_KHR_texture_compression_astc_ldr ANDROID_EMU_host_side_tracing ANDROID_EMU_gles_max_version_2 
04-24 15:55:59.487   183   183 I hwservicemanager: getTransport: Cannot find entry android.hardware.configstore@1.0::ISurfaceFlingerConfigs/default in either framework or device manifest.
04-24 15:55:59.476     0     0 I init    : starting service 'wificond'...
04-24 15:55:59.488   183   183 I hwservicemanager: getTransport: Cannot find entry android.hardware.graphics.allocator@4.0::IAllocator/default in either framework or device manifest.
04-24 15:55:59.488   360   376 W Gralloc4: allocator 3.x is not supported
04-24 15:55:59.489   314   331 D goldfish-address-space: claimShared: Ask to claim region [0x3fd043000 0x3fe086000]
04-24 15:55:59.488     0     0 I init    : starting service 'vendor.media.omx'...
04-24 15:55:59.507   292   292 I ServiceManager: Waiting for service 'statscompanion' on '/dev/binder'...
04-24 15:55:59.501     0     0 I init    : starting service 'vendor.ril-daemon'...
04-24 15:55:59.517   360   376 D HostConnection: HostComposition ext ANDROID_EMU_CHECKSUM_HELPER_v1 ANDROID_EMU_native_sync_v2 ANDROID_EMU_native_sync_v3 ANDROID_EMU_native_sync_v4 ANDROID_EMU_dma_v1 ANDROID_EMU_direct_mem ANDROID_EMU_host_composition_v1 ANDROID_EMU_host_composition_v2 ANDROID_EMU_vulkan ANDROID_EMU_deferred_vulkan_commands ANDROID_EMU_vulkan_null_optional_strings ANDROID_EMU_vulkan_create_resources_with_requirements ANDROID_EMU_YUV_Cache ANDROID_EMU_vulkan_ignored_handles ANDROID_EMU_has_shared_slots_host_memory_allocator ANDROID_EMU_vulkan_free_memory_sync ANDROID_EMU_vulkan_shader_float16_int8 ANDROID_EMU_vulkan_async_queue_submit ANDROID_EMU_sync_buffer_data ANDROID_EMU_vulkan_async_qsri ANDROID_EMU_read_color_buffer_dma ANDROID_EMU_hwc_color_transform GL_OES_vertex_array_object GL_KHR_texture_compression_astc_ldr ANDROID_EMU_host_side_tracing ANDROID_EMU_gles_max_version_2 
04-24 15:55:59.521   183   183 I hwservicemanager: getTransport: Cannot find entry android.hardware.graphics.mapper@4.0::IMapper/default in either framework or device manifest.
04-24 15:55:59.521   402   427 I Gralloc4: mapper 4.x is not supported
04-24 15:55:59.523   402   427 D HostConnection: createUnique: call
04-24 15:55:59.523   402   427 D HostConnection: HostConnection::get() New Host Connection established 0x7fee5f205b10, tid 427
04-24 15:55:59.523   402   427 D goldfish-address-space: allocate: Ask for block of size 0x100
04-24 15:55:59.523   402   427 D goldfish-address-space: allocate: ioctl allocate returned offset 0x3fbffe000 size 0x2000
04-24 15:55:59.536   402   427 D HostConnection: HostComposition ext ANDROID_EMU_CHECKSUM_HELPER_v1 ANDROID_EMU_native_sync_v2 ANDROID_EMU_native_sync_v3 ANDROID_EMU_native_sync_v4 ANDROID_EMU_dma_v1 ANDROID_EMU_direct_mem ANDROID_EMU_host_composition_v1 ANDROID_EMU_host_composition_v2 ANDROID_EMU_vulkan ANDROID_EMU_deferred_vulkan_commands ANDROID_EMU_vulkan_null_optional_strings ANDROID_EMU_vulkan_create_resources_with_requirements ANDROID_EMU_YUV_Cache ANDROID_EMU_vulkan_ignored_handles ANDROID_EMU_has_shared_slots_host_memory_allocator ANDROID_EMU_vulkan_free_memory_sync ANDROID_EMU_vulkan_shader_float16_int8 ANDROID_EMU_vulkan_async_queue_submit ANDROID_EMU_sync_buffer_data ANDROID_EMU_vulkan_async_qsri ANDROID_EMU_read_color_buffer_dma ANDROID_EMU_hwc_color_transform GL_OES_vertex_array_object GL_KHR_texture_compression_astc_ldr ANDROID_EMU_host_side_tracing ANDROID_EMU_gles_max_version_2 
04-24 15:55:59.546   402   427 D EGL_emulation: eglCreateContext: 0x7fee4f202220: maj 1 min 0 rcv 1
04-24 15:55:59.546   421   421 I iorapd  : iorapd (the prefetchening) firing up
04-24 15:55:59.531     0     0 E init    : Could not start service 'vendor_flash_recovery' as part of class 'main': Cannot find '/vendor/bin/install-recovery.sh': No such file or directory
04-24 15:55:59.551     0     0 I init    : starting service 'media.swcodec'...
04-24 15:55:59.557     0     0 I init    : Command 'class_start main' action=nonencrypted (/system/etc/init/hw/init.rc:954) took 220ms and succeeded
04-24 15:55:59.573   402   427 D EGL_emulation: eglMakeCurrent: 0x7fee4f202220: ver 1 0 (tinfo 0x7fedef21edf0) (first time)
04-24 15:55:59.577   421   421 I iorapd  : Opened existing database at '/data/misc/iorapd/sqlite.db'
04-24 15:55:59.574   402   427 D EGL_emulation: eglMakeCurrent: 0x7fee4f202220: ver 1 0 (tinfo 0x7fedef21edf0) (first time)
04-24 15:55:59.579   422   422 I keystore: found android.hardware.keymaster@4.0::IKeymasterDevice with interface name default and seclevel SOFTWARE
04-24 15:55:59.581   402   427 D BootAnimation: BootAnimationShownTiming start time: 12937ms
04-24 15:55:59.584   183   183 I hwservicemanager: getTransport: Cannot find entry android.hardware.keymaster@3.0::IKeymasterDevice/default in either framework or device manifest.
04-24 15:55:59.569     0     0 I init    : starting service 'gatekeeperd'...
04-24 15:55:59.584   422   422 W keystore: No secure Keymaster implementation found, but device offers insecure Keymaster HAL. Using as default.
04-24 15:55:59.577     0     0 I init    : starting service 'usbd'...
04-24 15:55:59.586   368   368 I ServiceManager: Waiting for service 'media.metrics' on '/dev/binder'...
04-24 15:55:59.592   294   294 D zygote64: Time zone APEX ICU file found: /apex/com.android.tzdata/etc/icu/icu_tzdata.dat
04-24 15:55:59.596   421   421 W iorapd  : Reconnect to package manager service: 1 times
04-24 15:55:59.600   421   421 I ServiceManager: Waiting for service 'package_native' on '/dev/binder'...
04-24 15:55:59.602   437   437 I wificond: wificond is starting up...
04-24 15:55:59.604   437   437 I HidlServiceManagement: Registered android.system.wifi.keystore@1.0::IKeystore/default (start delay of 121ms)
04-24 15:55:59.606   294   294 D zygote64: I18n APEX ICU file found: /apex/com.android.i18n/etc/icu/icudt66l.dat
04-24 15:55:59.608   292   292 I ServiceManager: Waiting for service 'statscompanion' on '/dev/binder'...
04-24 15:55:59.620   295   295 D zygote  : Time zone APEX ICU file found: /apex/com.android.tzdata/etc/icu/icu_tzdata.dat
04-24 15:55:59.599     0     0 I init    : starting service 'vendor.face-hal-1-0-default'...
04-24 15:55:59.615     0     0 I init    : starting service 'vendor.fps_hal'...
04-24 15:55:59.640   295   295 D zygote  : I18n APEX ICU file found: /apex/com.android.i18n/etc/icu/icudt66l.dat
04-24 15:55:59.619     0     0 I init    : Command 'class_start late_start' action=nonencrypted (/system/etc/init/hw/init.rc:955) took 57ms and succeeded
04-24 15:55:59.621     0     0 I init    : processing action (nonencrypted) from (/system/etc/init/hw/init.rc:953)
04-24 15:55:59.625     0     0 I init    : processing action (llk.enable=1) from (/system/etc/init/llkd.rc:9)
04-24 15:55:59.643   430   430 V MediaUtils: physMem: 2076844032
04-24 15:55:59.644   430   430 V MediaUtils: requested limit: 134217728
04-24 15:55:59.637     0     0 I         : ip (445) used greatest stack depth: 10944 bytes left
04-24 15:55:59.645   430   430 I libc    : malloc_limit: Allocation limit enabled, max size 134217728 bytes
04-24 15:55:59.649   430   430 D AudioPowerUsage: AudioPowerUsage
04-24 15:55:59.649   430   430 D AudioAnalytics: AudioAnalytics
04-24 15:55:59.649   430   430 D MediaMetricsService: MediaMetricsService
04-24 15:55:59.663   183   183 I hwservicemanager: getTransport: Cannot find entry android.hardware.usb.gadget@1.0::IUsbGadget/default in either framework or device manifest.
04-24 15:55:59.663   444   444 I usbd    : Usb HAL not found
04-24 15:55:59.664   360   384 D HostConnection: HostConnection::get() New Host Connection established 0x7e6cbf9e07d0, tid 384
04-24 15:55:59.665   314   331 D goldfish-address-space: claimShared: Ask to claim region [0x3fe086000 0x3ff0c9000]
04-24 15:55:59.667   429   429 V MediaUtils: physMem: 2076844032
04-24 15:55:59.667   429   429 V MediaUtils: requested limit: 415368800
04-24 15:55:59.667   429   429 I libc    : malloc_limit: Allocation limit enabled, max size 415368800 bytes
04-24 15:55:59.670   429   429 W mediaextractor: Could not read additional policy file '/vendor/etc/seccomp_policy/mediaextractor.policy'
04-24 15:55:59.670   429   429 W mediaextractor: libminijail[429]: failed to get path of fd 4: No such file or directory
04-24 15:55:59.670   429   429 W mediaextractor: libminijail[429]: allowing syscall: socket
04-24 15:55:59.670   360   360 I SurfaceFlinger: Enter boot animation
04-24 15:55:59.670   429   429 W mediaextractor: libminijail[429]: allowing syscall: connect
04-24 15:55:59.670   429   429 W mediaextractor: libminijail[429]: allowing syscall: fcntl
04-24 15:55:59.671   429   429 W mediaextractor: libminijail[429]: allowing syscall: writev
04-24 15:55:59.671   360   360 E FMQ     : grantorIdx must be less than 3
04-24 15:55:59.672   315   315 E FMQ     : grantorIdx must be less than 3
04-24 15:55:59.676   360   384 D HostConnection: HostComposition ext ANDROID_EMU_CHECKSUM_HELPER_v1 ANDROID_EMU_native_sync_v2 ANDROID_EMU_native_sync_v3 ANDROID_EMU_native_sync_v4 ANDROID_EMU_dma_v1 ANDROID_EMU_direct_mem ANDROID_EMU_host_composition_v1 ANDROID_EMU_host_composition_v2 ANDROID_EMU_vulkan ANDROID_EMU_deferred_vulkan_commands ANDROID_EMU_vulkan_null_optional_strings ANDROID_EMU_vulkan_create_resources_with_requirements ANDROID_EMU_YUV_Cache ANDROID_EMU_vulkan_ignored_handles ANDROID_EMU_has_shared_slots_host_memory_allocator ANDROID_EMU_vulkan_free_memory_sync ANDROID_EMU_vulkan_shader_float16_int8 ANDROID_EMU_vulkan_async_queue_submit ANDROID_EMU_sync_buffer_data ANDROID_EMU_vulkan_async_qsri ANDROID_EMU_read_color_buffer_dma ANDROID_EMU_hwc_color_transform GL_OES_vertex_array_object GL_KHR_texture_compression_astc_ldr ANDROID_EMU_host_side_tracing ANDROID_EMU_gles_max_version_2 
04-24 15:55:59.683   315   315 D HostConnection: HostComposition ext ANDROID_EMU_CHECKSUM_HELPER_v1 ANDROID_EMU_native_sync_v2 ANDROID_EMU_native_sync_v3 ANDROID_EMU_native_sync_v4 ANDROID_EMU_dma_v1 ANDROID_EMU_direct_mem ANDROID_EMU_host_composition_v1 ANDROID_EMU_host_composition_v2 ANDROID_EMU_vulkan ANDROID_EMU_deferred_vulkan_commands ANDROID_EMU_vulkan_null_optional_strings ANDROID_EMU_vulkan_create_resources_with_requirements ANDROID_EMU_YUV_Cache ANDROID_EMU_vulkan_ignored_handles ANDROID_EMU_has_shared_slots_host_memory_allocator ANDROID_EMU_vulkan_free_memory_sync ANDROID_EMU_vulkan_shader_float16_int8 ANDROID_EMU_vulkan_async_queue_submit ANDROID_EMU_sync_buffer_data ANDROID_EMU_vulkan_async_qsri ANDROID_EMU_read_color_buffer_dma ANDROID_EMU_hwc_color_transform GL_OES_vertex_array_object GL_KHR_texture_compression_astc_ldr ANDROID_EMU_host_side_tracing ANDROID_EMU_gles_max_version_2 
04-24 15:55:59.683   315   315 E FMQ     : grantorIdx must be less than 3
04-24 15:55:59.684   360   360 E FMQ     : grantorIdx must be less than 3
04-24 15:55:59.686   368   368 I AudioFlinger: Using default 3000 mSec as standby time.
04-24 15:55:59.687   430   451 I ServiceManager: Waiting for service 'package_native' on '/dev/binder'...
04-24 15:55:59.682     0     0 I IPv6    : ADDRCONF(NETDEV_CHANGE): radio0: link becomes ready
04-24 15:55:59.684     0     0 I IPv6    : ADDRCONF(NETDEV_CHANGE): radio0-peer: link becomes ready
04-24 15:55:59.686     0     0 I init    : Command 'setprop llk.enable true' action=llk.enable=1 (/system/etc/init/llkd.rc:10) took 59ms and succeeded
04-24 15:55:59.689     0     0 I init    : Service 'usbd' (pid 444) exited with status 0 oneshot service took 0.107000 seconds in background
04-24 15:55:59.690     0     0 I init    : Sending signal 9 to service 'usbd' (pid 444) process group...
04-24 15:55:59.692     0     0 I libprocessgroup: Successfully killed process cgroup uid 0 pid 444 in 0ms
04-24 15:55:59.700   448   448 D android.hardware.biometrics.fingerprint@2.1-service: Opening fingerprint hal library...
04-24 15:55:59.700   429   429 W mediaextractor: libminijail[429]: logging seccomp filter failures
04-24 15:55:59.704   438   438 I android.hardware.media.omx@1.0-service: mediacodecservice starting
04-24 15:55:59.704   421   421 I ServiceManager: Waiting for service 'package_native' on '/dev/binder'...
04-24 15:55:59.711   438   438 W android.hardware.media.omx@1.0-service: Could not read additional policy file '/vendor/etc/seccomp_policy/mediacodec.policy'
04-24 15:55:59.711   438   438 W android.hardware.media.omx@1.0-service: libminijail[438]: failed to get path of fd 4: No such file or directory
04-24 15:55:59.711   438   438 W android.hardware.media.omx@1.0-service: libminijail[438]: allowing syscall: socketcall
04-24 15:55:59.711   438   438 W android.hardware.media.omx@1.0-service: libminijail[438]: allowing syscall: writev
04-24 15:55:59.711   438   438 W android.hardware.media.omx@1.0-service: libminijail[438]: allowing syscall: fcntl64
04-24 15:55:59.711   438   438 W android.hardware.media.omx@1.0-service: libminijail[438]: allowing syscall: clock_gettime
04-24 15:55:59.711   438   438 W android.hardware.media.omx@1.0-service: libminijail[438]: compile_file: <fd>(34): nonexistent syscall 'newfstatat'
04-24 15:55:59.716   443   443 I gatekeeperd: Starting gatekeeperd...
04-24 15:55:59.718   368   368 E APM::Serializer: deserialize: Could not parse /odm/etc/audio_policy_configuration.xml document.
04-24 15:55:59.719   448   448 D FingerprintHal: ----------------> fingerprint_open ----------------->
04-24 15:55:59.722   438   438 W android.hardware.media.omx@1.0-service: libminijail[438]: logging seccomp filter failures
04-24 15:55:59.726   368   368 D APM_EngineLoader: Loaded engine from libaudiopolicyenginedefault.so
04-24 15:55:59.726   368   368 E APM::AudioPolicyEngine/Config: parse: Could not parse document /vendor/etc/audio_policy_engine_configuration.xml
04-24 15:55:59.726   368   368 E libxml2 : I/O warning : failed to load external entity "/vendor/etc/audio_policy_engine_configuration.xml"
04-24 15:55:59.726   368   368 W APM::AudioPolicyEngine/Base: loadAudioPolicyEngineConfig: No configuration found, using default matching phone experience.
04-24 15:55:59.726   368   368 E APM::AudioPolicyEngine/Config: parseLegacyVolumeFile: Could not parse document /odm/etc/audio_policy_configuration.xml
04-24 15:55:59.726   368   368 E libxml2 : I/O warning : failed to load external entity "/odm/etc/audio_policy_configuration.xml"
04-24 15:55:59.726   438   438 D GoldfishOMXPlugin: called createOMXPlugin for Goldfish
04-24 15:55:59.726   438   438 D GoldfishOMXPlugin: useAndroidGoldfishComponentInstance 73 found prop ro.kernel.qemu.hwcodec.vpxdec val 2
04-24 15:55:59.726   438   438 D GoldfishOMXPlugin: found and use kComponents[i].name OMX.android.goldfish.vp8.decoder
04-24 15:55:59.726   438   438 D GoldfishOMXPlugin: useAndroidGoldfishComponentInstance 73 found prop ro.kernel.qemu.hwcodec.vpxdec val 2
04-24 15:55:59.726   438   438 D GoldfishOMXPlugin: found and use kComponents[i].name OMX.android.goldfish.vp9.decoder
04-24 15:55:59.726   438   438 D GoldfishOMXPlugin: useAndroidGoldfishComponentInstance 73 found prop ro.kernel.qemu.hwcodec.avcdec val 2
04-24 15:55:59.726   438   438 D GoldfishOMXPlugin: found and use kComponents[i].name OMX.android.goldfish.h264.decoder
04-24 15:55:59.726   438   438 D GoldfishOMXPlugin: enumerate OMX.android.goldfish.vp8.decoder component
04-24 15:55:59.726   438   438 D GoldfishOMXPlugin: enumerate OMX.android.goldfish.vp9.decoder component
04-24 15:55:59.726   438   438 D GoldfishOMXPlugin: enumerate OMX.android.goldfish.h264.decoder component
04-24 15:55:59.727   368   368 W APM::AudioPolicyEngine/Base: loadAudioPolicyEngineConfig: No configuration of AUDIO_STREAM_CALL_ASSISTANT found, using default volume configuration
04-24 15:55:59.729   448   448 D FingerprintHal: ----------------> set_notify_callback ----------------->
04-24 15:55:59.729   448   448 D FingerprintHal: fingerprint callback notification set
04-24 15:55:59.729   431   431 I mediaserver: ServiceManager: 0xf6b00750
04-24 15:55:59.723     0     0 I init    : processing action (khungtask.enable=1) from (/system/etc/init/llkd.rc:18)
04-24 15:55:59.727     0     0 I init    : processing action (llk.enable=0) from (/system/etc/init/llkd.rc:12)
04-24 15:55:59.745     0     0 I init    : processing action (khungtask.enable=0) from (/system/etc/init/llkd.rc:21)
04-24 15:55:59.749     0     0 I init    : processing action (init.svc.media=*) from (/system/etc/init/mediaserver.rc:1)
04-24 15:55:59.784     0     0 I init    : processing action (llk.enable=true) from (/system/etc/init/llkd.rc:34)
04-24 15:55:59.787     0     0 I init    : starting service 'llkd-1'...
04-24 15:55:59.788     0     0 I init    : Opened file '/dev/kmsg', flags 1
04-24 15:55:59.788     0     0 I init    : Opened file '/proc/sysrq-trigger', flags 1
04-24 15:55:59.730   431   431 D mediaserver: Time zone APEX ICU file found: /apex/com.android.tzdata/etc/icu/icu_tzdata.dat
04-24 15:55:59.730   431   431 D mediaserver: I18n APEX ICU file found: /apex/com.android.i18n/etc/icu/icudt66l.dat
04-24 15:55:59.730   438   438 I SoftOMXPlugin: createOMXPlugin
04-24 15:55:59.730   438   438 D MediaCodecsXmlParser: parsing /vendor/etc/media_codecs.xml...
04-24 15:55:59.730   448   448 I HidlServiceManagement: Registered android.hardware.biometrics.fingerprint@2.1::IBiometricsFingerprint/default (start delay of 107ms)
04-24 15:55:59.730   448   448 I HidlServiceManagement: Removing namespace from process name android.hardware.biometrics.fingerprint@2.1-service to fingerprint@2.1-service.
04-24 15:55:59.735   368   368 I AudioFlinger: loadHwModule() Loaded primary audio interface, handle 10
04-24 15:55:59.735   368   368 I AudioFlinger: openOutput() this 0x795004b34070, module 10 Device type:0x2,@:, SamplingRate 44100, Format 0x000001, Channels 0x3, flags 0x2
04-24 15:55:59.740   293   293 I netd    : Enabling bandwidth control: 316829us
04-24 15:55:59.740   438   438 D MediaCodecsXmlParser: Ignoring unrecognized tag <MediaCodec> at line 85 of /vendor/etc/media_codecs.xml
04-24 15:55:59.740   438   438 D MediaCodecsXmlParser: Ignoring unrecognized tag <MediaCodec> at line 88 of /vendor/etc/media_codecs.xml
04-24 15:55:59.741   438   438 D MediaCodecsXmlParser: Ignoring unrecognized tag <MediaCodec> at line 91 of /vendor/etc/media_codecs.xml
04-24 15:55:59.741   438   438 D MediaCodecsXmlParser: parsing /vendor/etc/media_codecs_google_audio.xml...
04-24 15:55:59.741   293   293 I netd    : Initializing RouteController: 923us
04-24 15:55:59.741   293   293 D XfrmController: XfrmController::ipSecAddXfrmInterface, line=1377
04-24 15:55:59.741   293   293 D XfrmController: XfrmController::ipSecRemoveTunnelInterface, line=1590
04-24 15:55:59.741   293   293 D XfrmController: deviceName=ipsec_test
04-24 15:55:59.741   438   438 D MediaCodecsXmlParser: parsing /vendor/etc/media_codecs_google_telephony.xml...
04-24 15:55:59.742   368   368 I AudioFlinger: HAL output buffer size 976 frames, normal sink buffer size 976 frames
04-24 15:55:59.746   438   438 D MediaCodecsXmlParser: parsing /vendor/etc/media_codecs_google_video.xml...
04-24 15:55:59.747   431   431 W BatteryNotifier: batterystats service unavailable!
04-24 15:55:59.747   438   438 D MediaCodecsXmlParser: parsing /vendor/etc/media_codecs_performance.xml...
04-24 15:55:59.748   448   455 D FingerprintHal: ----------------> listenerFunction ----------------->
04-24 15:55:59.749   438   438 D MediaCodecsXmlParser: Cannot find /data/misc/media/media_codecs_profiling_results.xml
04-24 15:55:59.750   431   431 W BatteryNotifier: batterystats service unavailable!
04-24 15:55:59.753   392   462 I adbd    : host-15: write thread spawning
04-24 15:55:59.753   392   459 I adbd    : host-14: read thread spawning
04-24 15:55:59.753   438   438 I HidlServiceManagement: Registered android.hardware.media.omx@1.0::IOmx/default (start delay of 259ms)
04-24 15:55:59.753   438   438 I HidlServiceManagement: Removing namespace from process name android.hardware.media.omx@1.0-service to omx@1.0-service.
04-24 15:55:59.753   392   392 I adbd    : host-14: already offline
04-24 15:55:59.753   438   438 I android.hardware.media.omx@1.0-service: IOmx HAL service created.
04-24 15:55:59.753   392   392 I adbd    : authentication not required
04-24 15:55:59.753   438   438 D MediaCodecsXmlParser: parsing /vendor/etc/media_codecs.xml...
04-24 15:55:59.753   438   438 D MediaCodecsXmlParser: Ignoring unrecognized tag <MediaCodec> at line 85 of /vendor/etc/media_codecs.xml
04-24 15:55:59.753   438   438 D MediaCodecsXmlParser: Ignoring unrecognized tag <MediaCodec> at line 88 of /vendor/etc/media_codecs.xml
04-24 15:55:59.753   438   438 D MediaCodecsXmlParser: Ignoring unrecognized tag <MediaCodec> at line 91 of /vendor/etc/media_codecs.xml
04-24 15:55:59.753   438   438 D MediaCodecsXmlParser: parsing /vendor/etc/media_codecs_google_audio.xml...
04-24 15:55:59.754   438   438 D MediaCodecsXmlParser: parsing /vendor/etc/media_codecs_google_telephony.xml...
04-24 15:55:59.754   438   438 D MediaCodecsXmlParser: parsing /vendor/etc/media_codecs_google_video.xml...
04-24 15:55:59.754   438   438 D MediaCodecsXmlParser: parsing /vendor/etc/media_codecs_performance.xml...
04-24 15:55:59.754   438   438 D MediaCodecsXmlParser: Cannot find /data/misc/media/media_codecs_profiling_results.xml
04-24 15:55:59.755   447   447 I android.hardware.biometrics.face@1.0-service: BiometricsFace HAL is being started.
04-24 15:55:59.755   368   368 I BufferProvider: found effect "Multichannel Downmix To Stereo" from The Android Open Source Project
04-24 15:55:59.755   392   460 I adbd    : host-14: write thread spawning
04-24 15:55:59.755   300   300 E android.hardware.audio.service.ranchu: device/generic/goldfish/audio/stream_out.cpp:setEventCallback:457 failure: Result::NOT_SUPPORTED
04-24 15:55:59.755   368   368 E AudioFlinger: Failed to add event callback
04-24 15:55:59.756   300   300 E android.hardware.audio.service.ranchu: device/generic/goldfish/audio/primary_device.cpp:getParameters:234 failure: Result::NOT_SUPPORTED
04-24 15:55:59.757   392   461 I adbd    : host-15: read thread spawning
04-24 15:55:59.757   438   438 I HidlServiceManagement: Registered android.hardware.media.omx@1.0::IOmxStore/default (start delay of 264ms)
04-24 15:55:59.757   438   438 I HidlServiceManagement: Removing namespace from process name android.hardware.media.omx@1.0-service to omx@1.0-service.
04-24 15:55:59.757   392   461 I adbd    : host-15: read failed: I/O error
04-24 15:55:59.757   392   461 I adbd    : host-15: connection terminated: read failed
04-24 15:55:59.757   392   392 I adbd    : host-15: already offline
04-24 15:55:59.757   392   392 I adbd    : destroying transport host-15
04-24 15:55:59.757   392   392 I adbd    : BlockingConnectionAdapter(host-15): stopping
04-24 15:55:59.763   292   292 I ServiceManager: Waiting for service 'statscompanion' on '/dev/binder'...
04-24 15:55:59.764   368   368 V APM_AudioPolicyManager: checkAndSetVolume cannot set volume group 4 volume with force use = 0 for comm
04-24 15:55:59.767   392   392 I adbd    : BlockingConnectionAdapter(host-15): stopped
04-24 15:55:59.767   392   392 I adbd    : BlockingConnectionAdapter(host-15): destructing
04-24 15:55:59.768   392   392 I adbd    : BlockingConnectionAdapter(host-15): already stopped
04-24 15:55:59.769   368   465 I AudioFlinger: AudioFlinger's thread 0x7951873e3040 tid=465 ready to run
04-24 15:55:59.771   314   331 D goldfish-address-space: claimShared: Ask to claim region [0x3f8000000 0x3f9043000]
04-24 15:55:59.776   368   465 W AudioFlinger: no wake lock to update, system not ready yet
04-24 15:55:59.776   368   465 D AudioFlinger: ro.audio.silent is ignored since no output device is set
04-24 15:55:59.776   300   300 E android.hardware.audio.service.ranchu: device/generic/goldfish/audio/stream_out.cpp:getPresentationPosition:487 failure: Result::NOT_SUPPORTED
04-24 15:55:59.778   368   465 W AudioFlinger: no wake lock to update, system not ready yet
04-24 15:55:59.778   368   465 D AudioFlinger: ro.audio.silent is ignored since no output device is set
04-24 15:55:59.778   368   368 W AudioFlinger: moveEffects() bad srcOutput 0
04-24 15:55:59.778   368   368 V APM_AudioPolicyManager: selectOutputForMusicEffects selected output 13
