04-24 15:55:58.426   289   289 D LibBpfLoader: applying relo to instruction at byte offset: 144, 	       insn offset 18 , insn 118
04-24 15:55:58.426   289   289 D LibBpfLoader: applying relo to instruction at byte offset: 184, 	       insn offset 23 , insn 118
04-24 15:55:58.426   289   289 D LibBpfLoader: applying relo to instruction at byte offset: 136, 	       insn offset 17 , insn 118
04-24 15:55:58.426   289   289 D LibBpfLoader: applying relo to instruction at byte offset: 32, 	       insn offset 4 , insn 118
04-24 15:55:58.426   289   289 D LibBpfLoader: applying relo to instruction at byte offset: 80, 	       insn offset 10 , insn 118
04-24 15:55:58.426     0     0 I init    : Created socket '/dev/socket/statsdw', mode 222, user 1066, group 1066
04-24 15:55:58.427   289   289 D LibBpfLoader: bpf_prog_load lib call for /system/etc/bpf/netd.o (cgroupskb_ingress_stats) returned fd: 16 (no error)
04-24 15:55:58.428   289   289 D LibBpfLoader: bpf_prog_load lib call for /system/etc/bpf/netd.o (cgroupskb_egress_stats) returned fd: 17 (no error)
04-24 15:55:58.428   289   289 D LibBpfLoader: cs[2].name:skfilter_egress_xtbpf min_kver:0 .max_kver:ffffffff (kvers:50456)
04-24 15:55:58.429   289   289 D LibBpfLoader: bpf_prog_load lib call for /system/etc/bpf/netd.o (skfilter_egress_xtbpf) returned fd: 18 (no error)
04-24 15:55:58.429   289   289 D LibBpfLoader: cs[3].name:skfilter_ingress_xtbpf min_kver:0 .max_kver:ffffffff (kvers:50456)
04-24 15:55:58.430   289   289 D LibBpfLoader: bpf_prog_load lib call for /system/etc/bpf/netd.o (skfilter_ingress_xtbpf) returned fd: 19 (no error)
04-24 15:55:58.430   289   289 D LibBpfLoader: cs[4].name:skfilter_whitelist_xtbpf min_kver:0 .max_kver:ffffffff (kvers:50456)
04-24 15:55:58.431   289   289 D LibBpfLoader: bpf_prog_load lib call for /system/etc/bpf/netd.o (skfilter_whitelist_xtbpf) returned fd: 20 (no error)
04-24 15:55:58.431   289   289 D LibBpfLoader: cs[5].name:skfilter_blacklist_xtbpf min_kver:0 .max_kver:ffffffff (kvers:50456)
04-24 15:55:58.431   289   289 D LibBpfLoader: bpf_prog_load lib call for /system/etc/bpf/netd.o (skfilter_blacklist_xtbpf) returned fd: 21 (no error)
04-24 15:55:58.431   289   289 D LibBpfLoader: cs[6].name:cgroupsock_inet_create min_kver:40e00 .max_kver:ffffffff (kvers:50456)
04-24 15:55:58.431   289   289 D LibBpfLoader: bpf_prog_load lib call for /system/etc/bpf/netd.o (cgroupsock_inet_create) returned fd: 22 (no error)
04-24 15:55:58.432   289   289 I bpfloader: Loaded object: /system/etc/bpf/netd.o
04-24 15:55:58.432   289   289 D LibBpfLoader: Loading critical for netd ELF object /system/etc/bpf/clatd.o with license Apache 2.0
04-24 15:55:58.432   289   289 E LibBpfLoader: No progs section could be found in elf object
04-24 15:55:58.432   289   289 D LibBpfLoader: Loaded code section 3 (schedcls_ingress_clat_ether)
04-24 15:55:58.432   289   289 D LibBpfLoader: Loaded relo section 3 (.relschedcls/ingress/clat_ether)
04-24 15:55:58.432   289   289 D LibBpfLoader: Adding section 3 to cs list
04-24 15:55:58.432   289   289 D LibBpfLoader: Loaded code section 5 (schedcls_ingress_clat_rawip)
04-24 15:55:58.433   289   289 D LibBpfLoader: Loaded relo section 5 (.relschedcls/ingress/clat_rawip)
04-24 15:55:58.433   289   289 D LibBpfLoader: Adding section 5 to cs list
04-24 15:55:58.433   289   289 D LibBpfLoader: Loaded code section 7 (schedcls_egress_clat_ether)
04-24 15:55:58.433   289   289 D LibBpfLoader: Adding section 7 to cs list
04-24 15:55:58.433   289   289 D LibBpfLoader: Loaded code section 8 (schedcls_egress_clat_rawip)
04-24 15:55:58.433   289   289 D LibBpfLoader: Loaded relo section 8 (.relschedcls/egress/clat_rawip)
04-24 15:55:58.433   289   289 D LibBpfLoader: Adding section 8 to cs list
04-24 15:55:58.433   289   289 D LibBpfLoader: bpf_create_map name clat_ingress_map, ret: 6
04-24 15:55:58.433   289   289 D LibBpfLoader: bpf_create_map name clat_egress_map, ret: 7
04-24 15:55:58.433   289   289 D LibBpfLoader: map_fd found at 0 is 6 in /system/etc/bpf/clatd.o
04-24 15:55:58.433   289   289 D LibBpfLoader: map_fd found at 1 is 7 in /system/etc/bpf/clatd.o
04-24 15:55:58.433   289   289 D LibBpfLoader: applying relo to instruction at byte offset: 392, 	       insn offset 49 , insn 118
04-24 15:55:58.433   289   289 D LibBpfLoader: applying relo to instruction at byte offset: 352, 	       insn offset 44 , insn 118
04-24 15:55:58.433   289   289 D LibBpfLoader: applying relo to instruction at byte offset: 520, 	       insn offset 65 , insn 118
04-24 15:55:58.434   289   289 D LibBpfLoader: bpf_prog_load lib call for /system/etc/bpf/clatd.o (schedcls_ingress_clat_ether) returned fd: 8 (no error)
04-24 15:55:58.434   289   289 D LibBpfLoader: bpf_prog_load lib call for /system/etc/bpf/clatd.o (schedcls_ingress_clat_rawip) returned fd: 9 (no error)
04-24 15:55:58.434   289   289 D LibBpfLoader: bpf_prog_load lib call for /system/etc/bpf/clatd.o (schedcls_egress_clat_ether) returned fd: 10 (no error)
04-24 15:55:58.435   289   289 D LibBpfLoader: bpf_prog_load lib call for /system/etc/bpf/clatd.o (schedcls_egress_clat_rawip) returned fd: 11 (no error)
04-24 15:55:58.435   289   289 I bpfloader: Loaded object: /system/etc/bpf/clatd.o
04-24 15:55:58.436   289   289 D LibBpfLoader: Loading optional ELF object /system/etc/bpf/time_in_state.o with license GPL
04-24 15:55:58.436   289   289 D LibBpfLoader: Loaded code section 3 (tracepoint_sched_sched_switch)
04-24 15:55:58.436   289   289 D LibBpfLoader: Loaded relo section 3 (.reltracepoint/sched/sched_switch)
04-24 15:55:58.436   289   289 D LibBpfLoader: Adding section 3 to cs list
04-24 15:55:58.436   289   289 D LibBpfLoader: Loaded code section 5 (tracepoint_power_cpu_frequency)
04-24 15:55:58.436   289   289 D LibBpfLoader: Loaded relo section 5 (.reltracepoint/power/cpu_frequency)
04-24 15:55:58.436   289   289 D LibBpfLoader: Adding section 5 to cs list
04-24 15:55:58.436   289   289 D LibBpfLoader: bpf_create_map name uid_time_in_state_map, ret: 6
04-24 15:55:58.437   289   289 D LibBpfLoader: bpf_create_map name uid_concurrent_times_map, ret: 7
04-24 15:55:58.437   289   289 D LibBpfLoader: bpf_create_map name uid_last_update_map, ret: 8
04-24 15:55:58.437   289   289 D LibBpfLoader: bpf_create_map name cpu_last_update_map, ret: 9
04-24 15:55:58.437   289   289 D LibBpfLoader: bpf_create_map name cpu_policy_map, ret: 10
04-24 15:55:58.437   289   289 D LibBpfLoader: bpf_create_map name policy_freq_idx_map, ret: 11
04-24 15:55:58.437   289   289 D LibBpfLoader: bpf_create_map name freq_to_idx_map, ret: 12
04-24 15:55:58.437   289   289 D LibBpfLoader: bpf_create_map name nr_active_map, ret: 13
04-24 15:55:58.437   289   289 D LibBpfLoader: bpf_create_map name policy_nr_active_map, ret: 14
04-24 15:55:58.437   289   289 D LibBpfLoader: map_fd found at 0 is 6 in /system/etc/bpf/time_in_state.o
04-24 15:55:58.437   289   289 D LibBpfLoader: map_fd found at 1 is 7 in /system/etc/bpf/time_in_state.o
04-24 15:55:58.437   289   289 D LibBpfLoader: map_fd found at 2 is 8 in /system/etc/bpf/time_in_state.o
04-24 15:55:58.437   289   289 D LibBpfLoader: map_fd found at 3 is 9 in /system/etc/bpf/time_in_state.o
04-24 15:55:58.437   289   289 D LibBpfLoader: map_fd found at 4 is 10 in /system/etc/bpf/time_in_state.o
04-24 15:55:58.437   289   289 D LibBpfLoader: map_fd found at 5 is 11 in /system/etc/bpf/time_in_state.o
04-24 15:55:58.437   289   289 D LibBpfLoader: map_fd found at 6 is 12 in /system/etc/bpf/time_in_state.o
04-24 15:55:58.437   289   289 D LibBpfLoader: map_fd found at 7 is 13 in /system/etc/bpf/time_in_state.o
04-24 15:55:58.437   289   289 D LibBpfLoader: map_fd found at 8 is 14 in /system/etc/bpf/time_in_state.o
04-24 15:55:58.437   289   289 D LibBpfLoader: applying relo to instruction at byte offset: 40, 	       insn offset 5 , insn 118
04-24 15:55:58.437   289   289 D LibBpfLoader: applying relo to instruction at byte offset: 128, 	       insn offset 16 , insn 118
04-24 15:55:58.437   289   289 D LibBpfLoader: applying relo to instruction at byte offset: 200, 	       insn offset 25 , insn 118
04-24 15:55:58.437   289   289 D LibBpfLoader: applying relo to instruction at byte offset: 264, 	       insn offset 33 , insn 118
04-24 15:55:58.437   289   289 D LibBpfLoader: applying relo to instruction at byte offset: 520, 	       insn offset 65 , insn 118
04-24 15:55:58.437   289   289 D LibBpfLoader: applying relo to instruction at byte offset: 656, 	       insn offset 82 , insn 118
04-24 15:55:58.437   289   289 D LibBpfLoader: applying relo to instruction at byte offset: 1008, 	       insn offset 126 , insn 118
04-24 15:55:58.437   289   289 D LibBpfLoader: applying relo to instruction at byte offset: 1048, 	       insn offset 131 , insn 118
04-24 15:55:58.437   289   289 D LibBpfLoader: applying relo to instruction at byte offset: 1240, 	       insn offset 155 , insn 118
04-24 15:55:58.437   289   289 D LibBpfLoader: applying relo to instruction at byte offset: 1440, 	       insn offset 180 , insn 118
04-24 15:55:58.437   289   289 D LibBpfLoader: applying relo to instruction at byte offset: 1480, 	       insn offset 185 , insn 118
04-24 15:55:58.438   289   289 D LibBpfLoader: applying relo to instruction at byte offset: 1656, 	       insn offset 207 , insn 118
04-24 15:55:58.438   289   289 D LibBpfLoader: applying relo to instruction at byte offset: 1864, 	       insn offset 233 , insn 118
04-24 15:55:58.438   289   289 D LibBpfLoader: applying relo to instruction at byte offset: 1904, 	       insn offset 238 , insn 118
04-24 15:55:58.438   289   289 D LibBpfLoader: applying relo to instruction at byte offset: 2024, 	       insn offset 253 , insn 118
04-24 15:55:58.438   289   289 D LibBpfLoader: applying relo to instruction at byte offset: 2112, 	       insn offset 264 , insn 118
04-24 15:55:58.438   289   289 D LibBpfLoader: applying relo to instruction at byte offset: 40, 	       insn offset 5 , insn 118
04-24 15:55:58.438   289   289 D LibBpfLoader: applying relo to instruction at byte offset: 120, 	       insn offset 15 , insn 118
04-24 15:55:58.438   289   289 D LibBpfLoader: applying relo to instruction at byte offset: 200, 	       insn offset 25 , insn 118
04-24 15:55:58.438   289   289 D LibBpfLoader: cs[0].name:tracepoint_sched_sched_switch min_kver:0 .max_kver:ffffffff (kvers:50456)
04-24 15:55:58.438   289   289 D LibBpfLoader: bpf_prog_load lib call for /system/etc/bpf/time_in_state.o (tracepoint_sched_sched_switch) returned fd: 15 (no error)
04-24 15:55:58.438   289   289 D LibBpfLoader: cs[1].name:tracepoint_power_cpu_frequency min_kver:0 .max_kver:ffffffff (kvers:50456)
04-24 15:55:58.439   289   289 D LibBpfLoader: bpf_prog_load lib call for /system/etc/bpf/time_in_state.o (tracepoint_power_cpu_frequency) returned fd: 16 (no error)
04-24 15:55:58.439   289   289 I bpfloader: Loaded object: /system/etc/bpf/time_in_state.o
04-24 15:55:58.447     0     0 I init    : Service 'bpfloader' (pid 289) exited with status 0 oneshot service took 0.044000 seconds in background
04-24 15:55:58.448     0     0 I init    : Sending signal 9 to service 'bpfloader' (pid 289) process group...
04-24 15:55:58.449     0     0 I libprocessgroup: Successfully killed process cgroup uid 0 pid 289 in 0ms
04-24 15:55:58.451     0     0 I init    : starting service 'netd'...
04-24 15:55:58.452     0     0 I init    : Created socket '/dev/socket/dnsproxyd', mode 660, user 0, group 3003
04-24 15:55:58.453     0     0 I init    : Created socket '/dev/socket/mdns', mode 660, user 0, group 1000
04-24 15:55:58.454     0     0 I init    : Created socket '/dev/socket/fwmarkd', mode 660, user 0, group 3003
04-24 15:55:58.457     0     0 I init    : starting service 'zygote'...
04-24 15:55:58.457     0     0 I init    : Created socket '/dev/socket/zygote', mode 660, user 0, group 1000
04-24 15:55:58.458     0     0 I init    : Created socket '/dev/socket/usap_pool_primary', mode 660, user 0, group 1000
04-24 15:55:58.461     0     0 I init    : starting service 'zygote_secondary'...
04-24 15:55:58.462     0     0 I init    : Created socket '/dev/socket/zygote_secondary', mode 660, user 0, group 1000
04-24 15:55:58.464     0     0 I init    : Created socket '/dev/socket/usap_pool_secondary', mode 660, user 0, group 1000
04-24 15:55:58.467     0     0 I init    : processing action (zygote-start) from (/vendor/etc/init/hw/init.ranchu.rc:59)
04-24 15:55:58.471     0     0 I init    : processing action (firmware_mounts_complete) from (/system/etc/init/hw/init.rc:423)
04-24 15:55:58.473     0     0 I init    : processing action (early-boot) from (/system/etc/init/installd.rc:5)
04-24 15:55:58.474   292   292 I ServiceManager: Waiting for service 'statscompanion' on '/dev/binder'...
04-24 15:55:58.479     0     0 I init    : processing action (boot) from (/system/etc/init/hw/init.rc:848)
04-24 15:55:58.482     0     0 I init    : Command 'write /sys/devices/virtual/block/${dev.mnt.blk.data}/queue/discard_max_bytes 134217728' action=boot (/system/etc/init/hw/init.rc:884) took 0ms and failed: Unable to write to file '/sys/devices/virtual/block/dm-5/queue/discard_max_bytes': Unable to write file contents: Invalid argument
04-24 15:55:58.488     0     0 I init    : starting service 'hidl_memory'...
04-24 15:55:58.491     0     0 I init    : starting service 'vendor.audio-hal'...
04-24 15:55:58.496     0     0 I init    : starting service 'vendor.authsecret-1-0'...
04-24 15:55:58.500     0     0 I init    : starting service 'vendor.bluetooth-1-1'...
04-24 15:55:58.507   293   293 I netdClient: Skipping libnetd_client init since *we* are netd
04-24 15:55:58.511     0     0 I init    : starting service 'vendor.camera-provider-2-4'...
04-24 15:55:58.516     0     0 I init    : starting service 'vendor.camera-provider-2-6-google'...
04-24 15:55:58.519   299   299 I HidlServiceManagement: Registered android.hidl.allocator@1.0::IAllocator/ashmem (start delay of 25ms)
04-24 15:55:58.520   299   299 I HidlServiceManagement: Removing namespace from process name android.hidl.allocator@1.0-service to allocator@1.0-service.
04-24 15:55:58.522     0     0 W libprocessgroup: Failed to open /dev/cpuset/camera-daemon/tasks: No such file or directory: No such file or directory
04-24 15:55:58.526     0     0 I init    : starting service 'vendor.cas-hal-1-2'...
04-24 15:55:58.526     0     0 W libprocessgroup: Failed to apply CameraServiceCapacity task profile: No such file or directory
04-24 15:55:58.530     0     0 E init    : failed to write pid to files: couldn't write 304 to /dev/cpuset/camera-daemon/tasks: No such file or directory
04-24 15:55:58.535     0     0 I init    : starting service 'vendor.contexthub-hal-1-1-mock'...
04-24 15:55:58.540   293   293 I netd    : netd 1.0 starting
04-24 15:55:58.542     0     0 I init    : starting service 'vendor.drm-hal-1-0'...
04-24 15:55:58.551   293   293 D TetherController: Setting IP forward enable = 0
04-24 15:55:58.551   293   293 D FirewallController: Could not read /proc/self/uid_map, max uid defaulting to 4294967294
04-24 15:55:58.552     0     0 I init    : starting service 'vendor.drm-clearkey-hal-1-3'...
04-24 15:55:58.556     0     0 I init    : starting service 'vendor.drm-widevine-hal-1-3'...
04-24 15:55:58.561     0     0 E ueventd : firmware: could not find firmware for regulatory.db
04-24 15:55:58.562     0     0 I init    : starting service 'vendor.gatekeeper-1-0'...
04-24 15:55:58.563     0     0 E ueventd : firmware: attempted /etc/firmware/regulatory.db, open failed: No such file or directory
04-24 15:55:58.566     0     0 E ueventd : firmware: attempted /odm/firmware/regulatory.db, open failed: No such file or directory
04-24 15:55:58.567     0     0 E ueventd : firmware: attempted /vendor/firmware/regulatory.db, open failed: No such file or directory
04-24 15:55:58.567     0     0 I init    : starting service 'vendor.gralloc-3-0'...
04-24 15:55:58.568     0     0 E ueventd : firmware: attempted /firmware/image/regulatory.db, open failed: No such file or directory
04-24 15:55:58.577     0     0 I cfg80211: failed to load regulatory.db
04-24 15:55:58.579     0     0 I init    : starting service 'vendor.hwcomposer-2-3'...
04-24 15:55:58.580   292   292 I ServiceManager: Waiting for service 'statscompanion' on '/dev/binder'...
04-24 15:55:58.581     0     0 I ueventd : loading /devices/platform/regulatory.0/firmware/regulatory.db took 4260ms
04-24 15:55:58.583     0     0 I init    : starting service 'health-hal-2-1'...
04-24 15:55:58.586     0     0 I init    : Opened file '/dev/kmsg', flags 1
04-24 15:55:58.592   306   306 I HidlServiceManagement: Registered android.hardware.contexthub@1.1::IContexthub/default (start delay of 48ms)
04-24 15:55:58.592   306   306 I HidlServiceManagement: Removing namespace from process name android.hardware.contexthub@1.1-service.mock to contexthub@1.1-service.mock.
04-24 15:55:58.597   301   301 I HidlServiceManagement: Registered android.hardware.authsecret@1.0::IAuthSecret/default (start delay of 93ms)
04-24 15:55:58.597   301   301 I HidlServiceManagement: Removing namespace from process name android.hardware.authsecret@1.0-service to authsecret@1.0-service.
04-24 15:55:58.605   302   302 I bt      : system/bt/vendor_libs/test_vendor_lib/model/setup/device_boutique.cc:33 Register: Registering beacon_swarm
04-24 15:55:58.605   302   302 I bt      : system/bt/vendor_libs/test_vendor_lib/model/setup/device_boutique.cc:33 Register: Registering beacon
04-24 15:55:58.605   302   302 I bt      : system/bt/vendor_libs/test_vendor_lib/model/setup/device_boutique.cc:33 Register: Registering scripted_beacon
04-24 15:55:58.605   302   302 I bt      : system/bt/vendor_libs/test_vendor_lib/model/setup/device_boutique.cc:33 Register: Registering remote_loopback
04-24 15:55:58.605   302   302 I bt      : system/bt/vendor_libs/test_vendor_lib/model/setup/device_boutique.cc:33 Register: Registering car_kit
04-24 15:55:58.605   302   302 I bt      : system/bt/vendor_libs/test_vendor_lib/model/setup/device_boutique.cc:33 Register: Registering classic
04-24 15:55:58.605   302   302 I bt      : system/bt/vendor_libs/test_vendor_lib/model/setup/device_boutique.cc:33 Register: Registering sniffer
04-24 15:55:58.605   302   302 I bt      : system/bt/vendor_libs/test_vendor_lib/model/setup/device_boutique.cc:33 Register: Registering keyboard
04-24 15:55:58.611     0     0 I init    : starting service 'neuralnetworks_hal_service_sample_all'...
04-24 15:55:58.613   302   302 I bt      : system/bt/vendor_libs/test_vendor_lib/model/devices/device_properties.cc:81 DeviceProperties: Reading controller properties from /etc/bluetooth/car_kit_controller_properties.json.
04-24 15:55:58.616   302   302 E bt      : system/bt/vendor_libs/test_vendor_lib/model/devices/device_properties.cc:83 DeviceProperties: Error reading controller properties from file.
04-24 15:55:58.617     0     0 I init    : starting service 'neuralnetworks_hal_service_sample_float_fast'...
04-24 15:55:58.622   302   302 I bt      : system/bt/vendor_libs/test_vendor_lib/model/devices/scripted_beacon.cc:71 ScriptedBeacon: Scripted_beacon registered true
04-24 15:55:58.625   302   302 I HidlServiceManagement: Registered android.hardware.bluetooth@1.1::IBluetoothHci/default (start delay of 111ms)
04-24 15:55:58.625   302   302 I HidlServiceManagement: Removing namespace from process name android.hardware.bluetooth@1.1-service.sim to bluetooth@1.1-service.sim.
04-24 15:55:58.628     0     0 I init    : starting service 'neuralnetworks_hal_service_sample_float_slow'...
04-24 15:55:58.635     0     0 I init    : starting service 'neuralnetworks_hal_service_sample_minimal'...
04-24 15:55:58.645     0     0 I init    : starting service 'neuralnetworks_hal_service_sample_quant'...
04-24 15:55:58.655     0     0 I init    : starting service 'vendor.power.stats-hal-1-0-mock'...
04-24 15:55:58.656   300   300 I HidlServiceManagement: Registered android.hardware.audio@6.0::IDevicesFactory/default (start delay of 162ms)
04-24 15:55:58.656   300   300 I HidlServiceManagement: Removing namespace from process name android.hardware.audio.service.ranchu to audio.service.ranchu.
04-24 15:55:58.670     0     0 I init    : starting service 'vendor.sensors-hal-2-1-multihal'...
04-24 15:55:58.674   300   300 I HidlServiceManagement: Registered android.hardware.audio.effect@6.0::IEffectsFactory/default (start delay of 181ms)
04-24 15:55:58.674   300   300 I LegacySupport: Registration complete for android.hardware.audio.effect@6.0::IEffectsFactory/default.
04-24 15:55:58.676     0     0 I init    : starting service 'vendor.thermal-hal-2-0-mock'...
04-24 15:55:58.682   292   292 I ServiceManager: Waiting for service 'statscompanion' on '/dev/binder'...
04-24 15:55:58.683   311   311 I HidlServiceManagement: Registered android.hardware.drm@1.3::IDrmFactory/clearkey (start delay of 130ms)
04-24 15:55:58.684   311   311 I HidlServiceManagement: Removing namespace from process name android.hardware.drm@1.3-service.clearkey to drm@1.3-service.clearkey.
04-24 15:55:58.685   311   311 I HidlServiceManagement: Registered android.hardware.drm@1.3::ICryptoFactory/clearkey (start delay of 131ms)
04-24 15:55:58.685   311   311 I HidlServiceManagement: Removing namespace from process name android.hardware.drm@1.3-service.clearkey to drm@1.3-service.clearkey.
04-24 15:55:58.692   300   300 I HidlServiceManagement: Registered android.hardware.soundtrigger@2.2::ISoundTriggerHw/default (start delay of 199ms)
04-24 15:55:58.692   300   300 I LegacySupport: Registration complete for android.hardware.soundtrigger@2.2::ISoundTriggerHw/default.
04-24 15:55:58.701   314   314 D HostConnection: createUnique: call
04-24 15:55:58.701   314   314 D HostConnection: HostConnection::get() New Host Connection established 0x7c3aa16bea50, tid 314
04-24 15:55:58.702   314   314 I HidlServiceManagement: Registered android.hardware.graphics.allocator@3.0::IAllocator/default (start delay of 129ms)
04-24 15:55:58.702   314   314 I HidlServiceManagement: Removing namespace from process name android.hardware.graphics.allocator@3.0-service to allocator@3.0-service.
04-24 15:55:58.702   314   314 I android.hardware.graphics.allocator@3.0-service: graphics IAllocator@3.0 service is initialized
04-24 15:55:58.705     0     0 I init    : starting service 'vendor.usb-hal-1-0'...
04-24 15:55:58.709     0     0 I init    : starting service 'vendor.wifi_hal_legacy'...
04-24 15:55:58.712   304   304 I android.hardware.pixel.camera.provider@2.6-service: Google camera provider service is starting.
04-24 15:55:58.714     0     0 I init    : starting service 'vendor.identity-default'...
04-24 15:55:58.718     0     0 I init    : starting service 'vendor.light-default'...
04-24 15:55:58.722     0     0 I init    : starting service 'vendor.power-default'...
04-24 15:55:58.725     0     0 I init    : starting service 'vendor.rebootescrow-default'...
04-24 15:55:58.729   326   326 I android.hardware.power.stats@1.0-service-mock: power.stats service 1.0 mock is starting.
04-24 15:55:58.738     0     0 I init    : starting service 'vendor.vibrator-default'...
04-24 15:55:58.751   180   180 I servicemanager: getDeviceHalManifest: Reading VINTF information.
04-24 15:55:58.753   332   332 I HidlServiceManagement: Registered android.hardware.usb@1.0::IUsb/default (start delay of 39ms)
04-24 15:55:58.753   332   332 I HidlServiceManagement: Removing namespace from process name android.hardware.usb@1.0-service to usb@1.0-service.
04-24 15:55:58.753   332   332 I android.hardware.usb@1.0-service: USB HAL Ready.
04-24 15:55:58.754   180   180 I servicemanager: getDeviceHalManifest: Successfully processed VINTF information
04-24 15:55:58.754   180   180 I servicemanager: getFrameworkHalManifest: Reading VINTF information.
04-24 15:55:58.754   180   180 I servicemanager: getFrameworkHalManifest: Successfully processed VINTF information
04-24 15:55:58.755   180   180 I servicemanager: Found android.hardware.light.ILights/default in device VINTF manifest.
04-24 15:55:58.756     0     0 I init    : Command 'class_start hal' action=boot (/system/etc/init/hw/init.rc:946) took 267ms and succeeded
04-24 15:55:58.756   313   313 I HidlServiceManagement: Registered android.hardware.gatekeeper@1.0::IGatekeeper/default (start delay of 192ms)
04-24 15:55:58.756   313   313 I HidlServiceManagement: Removing namespace from process name android.hardware.gatekeeper@1.0-service.software to gatekeeper@1.0-service.software.
04-24 15:55:58.757     0     0 I init    : Untracked pid 158 exited with status 0
04-24 15:55:58.758     0     0 I init    : starting service 'ranchu-setup'...
04-24 15:55:58.759   330   330 I android.hardware.thermal@2.0-service-mock: Thermal HAL Service Mock 2.0 starting...
04-24 15:55:58.760   326   326 I HidlServiceManagement: Registered android.hardware.power.stats@1.0::IPowerStats/default (start delay of 87ms)
04-24 15:55:58.760   326   326 I HidlServiceManagement: Removing namespace from process name android.hardware.power.stats@1.0-service.mock to stats@1.0-service.mock.
04-24 15:55:58.761   326   326 I android.hardware.power.stats@1.0-service-mock: power.stats service is ready
04-24 15:55:58.761   330   330 I HidlServiceManagement: Registered android.hardware.thermal@2.0::IThermal/default (start delay of 78ms)
04-24 15:55:58.761   330   330 I HidlServiceManagement: Removing namespace from process name android.hardware.thermal@2.0-service.mock to thermal@2.0-service.mock.
04-24 15:55:58.762   330   330 I android.hardware.thermal@2.0-service-mock: Thermal Service started successfully.
04-24 15:55:58.767     0     0 W healthd : batteryCapacityLevelPath not found
04-24 15:55:58.769     0     0 W healthd : batteryChargeTimeToFullNowPath. not found
04-24 15:55:58.770     0     0 W healthd : batteryFullChargeDesignCapacityUahPath. not found
04-24 15:55:58.770   304   304 I GCH_CameraProvider: CreateCameraProviderHwl:Loading /vendor/lib64/libgooglecamerahwl_impl.so library
04-24 15:55:58.774   303   303 I android.hardware.camera.provider@2.4-service: CameraProvider@2.4 legacy service is starting.
04-24 15:55:58.780   305   305 I HidlServiceManagement: Registered android.hardware.cas@1.2::IMediaCasService/default (start delay of 247ms)
04-24 15:55:58.781   305   305 I HidlServiceManagement: Removing namespace from process name android.hardware.cas@1.2-service to cas@1.2-service.
04-24 15:55:58.782     0     0 W healthd : battery l=100 v=5000 t=25.0 h=2 st=4 c=900000 fc=300000 cc=10 chg=
04-24 15:55:58.785   292   292 I ServiceManager: Waiting for service 'statscompanion' on '/dev/binder'...
04-24 15:55:58.786   316   316 I android.hardware.health@2.1-service: default instance initializing with healthd_config...
04-24 15:55:58.788   316   316 I HidlServiceManagement: Registered android.hardware.health@2.1::IHealth/default (start delay of 175ms)
04-24 15:55:58.788   316   316 I HidlServiceManagement: Removing namespace from process name android.hardware.health@2.1-service to health@2.1-service.
04-24 15:55:58.788   316   316 I android.hardware.health@2.1-service: default: Hal init done
04-24 15:55:58.792     0     0 I init    : starting service 'audioserver'...
04-24 15:55:58.807     0     0 I init    : starting service 'credstore'...
04-24 15:55:58.809   327   327 I android.hardware.sensors@2.1-impl.ranchu: MultihalSensors:70: host sensors mask=207ff, available sensors mask=7ff
04-24 15:55:58.809   317   317 I HidlServiceManagement: Registered android.hardware.neuralnetworks@1.3::IDevice/nnapi-sample_all (start delay of 195ms)
04-24 15:55:58.809   317   317 I HidlServiceManagement: Removing namespace from process name android.hardware.neuralnetworks@1.3-service-sample-all to neuralnetworks@1.3-service-sample-all.
04-24 15:55:58.810   327   327 I HidlServiceManagement: Registered android.hardware.sensors@2.1::ISensors/default (start delay of 136ms)
04-24 15:55:58.810   327   327 I HidlServiceManagement: Removing namespace from process name android.hardware.sensors@2.1-service.multihal to sensors@2.1-service.multihal.
04-24 15:55:58.811   315   315 D HostConnection: createUnique: call
04-24 15:55:58.811   315   315 D HostConnection: HostConnection::get() New Host Connection established 0x7397dec77a90, tid 315
04-24 15:55:58.811   180   180 I servicemanager: Found android.hardware.power.IPower/default in device VINTF manifest.
04-24 15:55:58.814   310   310 I HidlServiceManagement: Registered android.hardware.drm@1.0::IDrmFactory/default (start delay of 260ms)
04-24 15:55:58.814   310   310 I HidlServiceManagement: Removing namespace from process name android.hardware.drm@1.0-service to drm@1.0-service.
04-24 15:55:58.814   310   310 I LegacySupport: Registration complete for android.hardware.drm@1.0::IDrmFactory/default.
04-24 15:55:58.816   310   310 I HidlServiceManagement: Registered android.hardware.drm@1.0::ICryptoFactory/default (start delay of 262ms)
04-24 15:55:58.816   310   310 I HidlServiceManagement: Removing namespace from process name android.hardware.drm@1.0-service to drm@1.0-service.
04-24 15:55:58.816   310   310 I LegacySupport: Registration complete for android.hardware.drm@1.0::ICryptoFactory/default.
04-24 15:55:58.820   180   180 I servicemanager: Found android.hardware.identity.IIdentityCredentialStore/default in device VINTF manifest.
04-24 15:55:58.825   315   315 D HostConnection: HostComposition ext ANDROID_EMU_CHECKSUM_HELPER_v1 ANDROID_EMU_native_sync_v2 ANDROID_EMU_native_sync_v3 ANDROID_EMU_native_sync_v4 ANDROID_EMU_dma_v1 ANDROID_EMU_direct_mem ANDROID_EMU_host_composition_v1 ANDROID_EMU_host_composition_v2 ANDROID_EMU_vulkan ANDROID_EMU_deferred_vulkan_commands ANDROID_EMU_vulkan_null_optional_strings ANDROID_EMU_vulkan_create_resources_with_requirements ANDROID_EMU_YUV_Cache ANDROID_EMU_vulkan_ignored_handles ANDROID_EMU_has_shared_slots_host_memory_allocator ANDROID_EMU_vulkan_free_memory_sync ANDROID_EMU_vulkan_shader_float16_int8 ANDROID_EMU_vulkan_async_queue_submit ANDROID_EMU_sync_buffer_data ANDROID_EMU_vulkan_async_qsri ANDROID_EMU_read_color_buffer_dma ANDROID_EMU_hwc_color_transform GL_OES_vertex_array_object GL_KHR_texture_compression_astc_ldr ANDROID_EMU_host_side_tracing ANDROID_EMU_gles_max_version_2 
04-24 15:55:58.829   180   180 I servicemanager: Found android.hardware.vibrator.IVibrator/default in device VINTF manifest.
04-24 15:55:58.833   319   319 I HidlServiceManagement: Registered android.hardware.neuralnetworks@1.3::IDevice/nnapi-sample_float_slow (start delay of 200ms)
04-24 15:55:58.834   319   319 I HidlServiceManagement: Removing namespace from process name android.hardware.neuralnetworks@1.3-service-sample-float-slow to neuralnetworks@1.3-service-sample-float-slow.
04-24 15:55:58.836   183   183 I hwservicemanager: getTransport: Cannot find entry android.hardware.graphics.mapper@4.0::IMapper/default in either framework or device manifest.
04-24 15:55:58.836   315   315 I Gralloc4: mapper 4.x is not supported
04-24 15:55:58.839   315   315 D HostConnection: createUnique: call
04-24 15:55:58.839   315   315 D HostConnection: HostConnection::get() New Host Connection established 0x7397dec78450, tid 315
04-24 15:55:58.839   315   315 D goldfish-address-space: allocate: Ask for block of size 0x100
04-24 15:55:58.839   315   315 D goldfish-address-space: allocate: ioctl allocate returned offset 0x3ffffe000 size 0x2000
04-24 15:55:58.840   183   183 I hwservicemanager: getTransport: Cannot find entry android.hardware.graphics.allocator@4.0::IAllocator/default in either framework or device manifest.
04-24 15:55:58.840   315   315 W Gralloc4: allocator 3.x is not supported
04-24 15:55:58.850     0     0 I init    : starting service 'gpu'...
04-24 15:55:58.852   318   318 I HidlServiceManagement: Registered android.hardware.neuralnetworks@1.3::IDevice/nnapi-sample_float_fast (start delay of 218ms)
04-24 15:55:58.852   318   318 I HidlServiceManagement: Removing namespace from process name android.hardware.neuralnetworks@1.3-service-sample-float-fast to neuralnetworks@1.3-service-sample-float-fast.
04-24 15:55:58.852   314   331 D HostConnection: HostComposition ext ANDROID_EMU_CHECKSUM_HELPER_v1 ANDROID_EMU_native_sync_v2 ANDROID_EMU_native_sync_v3 ANDROID_EMU_native_sync_v4 ANDROID_EMU_dma_v1 ANDROID_EMU_direct_mem ANDROID_EMU_host_composition_v1 ANDROID_EMU_host_composition_v2 ANDROID_EMU_vulkan ANDROID_EMU_deferred_vulkan_commands ANDROID_EMU_vulkan_null_optional_strings ANDROID_EMU_vulkan_create_resources_with_requirements ANDROID_EMU_YUV_Cache ANDROID_EMU_vulkan_ignored_handles ANDROID_EMU_has_shared_slots_host_memory_allocator ANDROID_EMU_vulkan_free_memory_sync ANDROID_EMU_vulkan_shader_float16_int8 ANDROID_EMU_vulkan_async_queue_submit ANDROID_EMU_sync_buffer_data ANDROID_EMU_vulkan_async_qsri ANDROID_EMU_read_color_buffer_dma ANDROID_EMU_hwc_color_transform GL_OES_vertex_array_object GL_KHR_texture_compression_astc_ldr ANDROID_EMU_host_side_tracing ANDROID_EMU_gles_max_version_2 
04-24 15:55:58.854   314   331 D goldfish-address-space: claimShared: Ask to claim region [0x3fc000000 0x3fd043000]
04-24 15:55:58.860     0     0 I init    : starting service 'surfaceflinger'...
04-24 15:55:58.861   324   324 I HidlServiceManagement: Registered android.hardware.neuralnetworks@1.3::IDevice/nnapi-sample_quant (start delay of 207ms)
04-24 15:55:58.861   324   324 I HidlServiceManagement: Removing namespace from process name android.hardware.neuralnetworks@1.3-service-sample-quant to neuralnetworks@1.3-service-sample-quant.
04-24 15:55:58.862     0     0 I init    : Could not create socket 'pdx/system/vr/display/client': Failed to bind socket 'pdx/system/vr/display/client': No such file or directory
04-24 15:55:58.865     0     0 I init    : Could not create socket 'pdx/system/vr/display/manager': Failed to bind socket 'pdx/system/vr/display/manager': No such file or directory
04-24 15:55:58.867   320   320 I HidlServiceManagement: Registered android.hardware.neuralnetworks@1.3::IDevice/nnapi-sample_minimal (start delay of 223ms)
04-24 15:55:58.867   320   320 I HidlServiceManagement: Removing namespace from process name android.hardware.neuralnetworks@1.3-service-sample-minimal to neuralnetworks@1.3-service-sample-minimal.
04-24 15:55:58.875   312   312 I HidlServiceManagement: Registered android.hardware.drm@1.3::IDrmFactory/widevine (start delay of 311ms)
04-24 15:55:58.875   312   312 I HidlServiceManagement: Removing namespace from process name android.hardware.drm@1.3-service.widevine to drm@1.3-service.widevine.
04-24 15:55:58.876     0     0 I init    : Could not create socket 'pdx/system/vr/display/vsync': Failed to bind socket 'pdx/system/vr/display/vsync': No such file or directory
04-24 15:55:58.878   312   312 I HidlServiceManagement: Registered android.hardware.drm@1.3::ICryptoFactory/widevine (start delay of 314ms)
04-24 15:55:58.878   312   312 I HidlServiceManagement: Removing namespace from process name android.hardware.drm@1.3-service.widevine to drm@1.3-service.widevine.
04-24 15:55:58.882   304   304 I EmulatedCameraProviderHwlImpl: Create: Created EmulatedCameraProviderHwlImpl
04-24 15:55:58.882   304   304 E GCH_CameraProvider: Initialize: HWL doesn't support vendor buffer allocation Function not implemented(-38)
04-24 15:55:58.886   304   304 I HidlServiceManagement: Registered android.hardware.camera.provider@2.6::ICameraProvider/internal/0 (start delay of 363ms)
04-24 15:55:58.887   304   304 I HidlServiceManagement: Removing namespace from process name android.hardware.camera.provider@2.6-service-google to provider@2.6-service-google.
04-24 15:55:58.887   304   304 I LegacySupport: Registration complete for android.hardware.camera.provider@2.6::ICameraProvider/internal/0.
04-24 15:55:58.894   333   333 I android.hardware.wifi@1.0-service: Wifi Hal is booting up...
04-24 15:55:58.902   292   292 I ServiceManager: Waiting for service 'statscompanion' on '/dev/binder'...
04-24 15:55:58.914   315   315 D HostConnection: HostComposition ext ANDROID_EMU_CHECKSUM_HELPER_v1 ANDROID_EMU_native_sync_v2 ANDROID_EMU_native_sync_v3 ANDROID_EMU_native_sync_v4 ANDROID_EMU_dma_v1 ANDROID_EMU_direct_mem ANDROID_EMU_host_composition_v1 ANDROID_EMU_host_composition_v2 ANDROID_EMU_vulkan ANDROID_EMU_deferred_vulkan_commands ANDROID_EMU_vulkan_null_optional_strings ANDROID_EMU_vulkan_create_resources_with_requirements ANDROID_EMU_YUV_Cache ANDROID_EMU_vulkan_ignored_handles ANDROID_EMU_has_shared_slots_host_memory_allocator ANDROID_EMU_vulkan_free_memory_sync ANDROID_EMU_vulkan_shader_float16_int8 ANDROID_EMU_vulkan_async_queue_submit ANDROID_EMU_sync_buffer_data ANDROID_EMU_vulkan_async_qsri ANDROID_EMU_read_color_buffer_dma ANDROID_EMU_hwc_color_transform GL_OES_vertex_array_object GL_KHR_texture_compression_astc_ldr ANDROID_EMU_host_side_tracing ANDROID_EMU_gles_max_version_2 
04-24 15:55:58.914   315   315 E EmuHWC2 : doGetFunction: Unknown function descriptor: 44 (SetLayerFloatColor)
04-24 15:55:58.914   315   315 E EmuHWC2 : doGetFunction: Unknown function descriptor: 45 (SetLayerPerFrameMetadata)
04-24 15:55:58.914   315   315 E EmuHWC2 : doGetFunction: Unknown function descriptor: 46 (GetPerFrameMetadataKeys)
04-24 15:55:58.914   315   315 E EmuHWC2 : doGetFunction: Unknown function descriptor: 47 (SetReadbackBuffer)
04-24 15:55:58.914   315   315 E EmuHWC2 : doGetFunction: Unknown function descriptor: 48 (GetReadbackBufferAttributes)
04-24 15:55:58.914   315   315 E EmuHWC2 : doGetFunction: Unknown function descriptor: 49 (GetReadbackBufferFence)
04-24 15:55:58.914   315   315 E EmuHWC2 : doGetFunction: Unknown function descriptor: 50 (GetRenderIntents)
04-24 15:55:58.914   315   315 E EmuHWC2 : doGetFunction: Unknown function descriptor: 51 (SetColorModeWithRenderIntent)
04-24 15:55:58.914   315   315 E EmuHWC2 : doGetFunction: Unknown function descriptor: 52 (GetDataspaceSaturationMatrix)
04-24 15:55:58.914   315   315 E EmuHWC2 : doGetFunction: Unknown function descriptor: 55 (SetLayerColorTransform)
04-24 15:55:58.914   315   315 E EmuHWC2 : doGetFunction: Unknown function descriptor: 56 (GetDisplayedContentSamplingAttributes)
04-24 15:55:58.914   315   315 E EmuHWC2 : doGetFunction: Unknown function descriptor: 57 (SetDisplayedContentSamplingEnabled)
04-24 15:55:58.914   315   315 E EmuHWC2 : doGetFunction: Unknown function descriptor: 58 (GetDisplayedContentSample)
04-24 15:55:58.914   315   315 E EmuHWC2 : doGetFunction: Unknown function descriptor: 59 (SetLayerPerFrameMetadataBlobs)
04-24 15:55:58.923     0     0 I init    : Command 'class_start core' action=boot (/system/etc/init/hw/init.rc:948) took 164ms and succeeded
04-24 15:55:58.924   333   333 I HidlServiceManagement: Registered android.hardware.wifi@1.4::IWifi/default (start delay of 210ms)
04-24 15:55:58.924   333   333 I HidlServiceManagement: Removing namespace from process name android.hardware.wifi@1.0-service to wifi@1.0-service.
04-24 15:55:58.925     0     0 I init    : starting service 'exec 13 (/system/bin/fsverity_init)'...
04-24 15:55:58.928   315   315 I HidlServiceManagement: Registered android.hardware.graphics.composer@2.3::IComposer/default (start delay of 344ms)
04-24 15:55:58.928   315   315 I HidlServiceManagement: Removing namespace from process name android.hardware.graphics.composer@2.3-service to composer@2.3-service.
04-24 15:55:58.929     0     0 I init    : SVC_EXEC service 'exec 13 (/system/bin/fsverity_init)' pid 364 (uid 0 gid 0+0 context default) started; waiting...
04-24 15:55:58.940   180   180 I servicemanager: Found android.hardware.rebootescrow.IRebootEscrow/default in device VINTF manifest.
04-24 15:55:58.941     0     0 I init    : Service 'ranchu-setup' (pid 339) exited with status 1 oneshot service took 0.181000 seconds in background
04-24 15:55:58.946     0     0 I init    : Sending signal 9 to service 'ranchu-setup' (pid 339) process group...
04-24 15:55:58.948     0     0 I libprocessgroup: Successfully killed process cgroup uid 0 pid 339 in 0ms
04-24 15:55:58.962     0     0 I init    : Service 'exec 13 (/system/bin/fsverity_init)' (pid 364) exited with status 0 waiting took 0.032000 seconds
04-24 15:55:58.964     0     0 I init    : Sending signal 9 to service 'exec 13 (/system/bin/fsverity_init)' (pid 364) process group...
04-24 15:55:58.965     0     0 I libprocessgroup: Successfully killed process cgroup uid 0 pid 364 in 0ms
04-24 15:55:58.967     0     0 I init    : processing action (persist.sys.usb.config=* && boot) from (/system/etc/init/hw/init.usb.rc:105)
04-24 15:55:58.971     0     0 I init    : processing action (boot) from (/vendor/etc/init/hw/init.ranchu.rc:65)
04-24 15:55:58.974     0     0 E init    : Unable to set property 'ro.hardware.egl' from uid:0 gid:0 pid:150: Read-only property was already set
04-24 15:55:58.977   183   183 I hwservicemanager: getTransport: Cannot find entry android.hardware.graphics.mapper@4.0::IMapper/default in either framework or device manifest.
04-24 15:55:58.978   303   303 I Gralloc4: mapper 4.x is not supported
04-24 15:55:58.978     0     0 I init    : Command 'setprop debug.hwui.renderer ${ro.kernel.qemu.uirenderer}' action=boot (/vendor/etc/init/hw/init.ranchu.rc:69) took 0ms and failed: property 'ro.kernel.qemu.uirenderer' doesn't exist while expanding '${ro.kernel.qemu.uirenderer}'
04-24 15:55:58.982   150   150 W libc    : Unable to set property "ro.hardware.egl" to "emulation": error code: 0xb
04-24 15:55:58.987     0     0 I init    : Command 'setprop debug.stagefright.ccodec ${ro.kernel.qemu.media.ccodec}' action=boot (/vendor/etc/init/hw/init.ranchu.rc:77) took 0ms and failed: property 'ro.kernel.qemu.media.ccodec' doesn't exist while expanding '${ro.kernel.qemu.media.ccodec}'
04-24 15:55:59.002     0     0 I init    : starting service 'goldfish-logcat'...
04-24 15:55:59.003   292   292 I ServiceManager: Waiting for service 'statscompanion' on '/dev/binder'...
04-24 15:55:59.011     0     0 I init    : processing action (boot) from (/system/etc/init/dumpstate.rc:1)
04-24 15:55:59.012   303   303 D HostConnection: createUnique: call
04-24 15:55:59.013     0     0 I init    : processing action (boot) from (/system/etc/init/gsid.rc:20)
04-24 15:55:59.013   303   303 D HostConnection: HostConnection::get() New Host Connection established 0xf5cc1040, tid 303
04-24 15:55:59.014   347   347 I FastMixerState: sMaxFastTracks = 8
04-24 15:55:59.014   303   303 D goldfish-address-space: allocate: Ask for block of size 0x100
04-24 15:55:59.014     0     0 I init    : starting service 'exec 14 (/system/bin/gsid run-startup-tasks)'...
04-24 15:55:59.014   303   303 D goldfish-address-space: allocate: ioctl allocate returned offset 0x3fbffe000 size 0x2000
04-24 15:55:59.016   347   347 V MediaUtils: physMem: 2076844032
04-24 15:55:59.016   347   347 V MediaUtils: requested limit: 415368800
04-24 15:55:59.016   347   347 I libc    : malloc_limit: Allocation limit enabled, max size 415368800 bytes
04-24 15:55:59.016   303   303 D EmulatedCamera_QemuClient: Emulated camera list: name=environment channel=0 pix=876758866 dir=back sensor_orientation=90 framedims=640x480,352x288,320x240,1280x720,1280x960
04-24 15:55:59.017   303   303 I EmulatedCamera_QemuCamera3: Constructing emulated qemu camera 3: ID 0
04-24 15:55:59.017   303   303 I EmulatedCamera_QemuCamera3: parseResolutions: 640x480
04-24 15:55:59.017   303   303 I EmulatedCamera_QemuCamera3: parseResolutions: 352x288
04-24 15:55:59.017   303   303 I EmulatedCamera_QemuCamera3: parseResolutions: 320x240
04-24 15:55:59.017   303   303 I EmulatedCamera_QemuCamera3: parseResolutions: 1280x720
04-24 15:55:59.017   303   303 I EmulatedCamera_QemuCamera3: parseResolutions: 1280x960
04-24 15:55:59.017   303   303 I EmulatedCamera_QemuCamera3: Camera 0 capabilities:
04-24 15:55:59.017   303   303 I EmulatedCamera_QemuCamera3:   BACKWARD_COMPATIBLE
04-24 15:55:59.018   303   303 E EmulatedCamera_Factory: 1 cameras are being emulated. 0 of them are fake cameras.
04-24 15:55:59.019   303   303 I CamPrvdr@2.4-legacy: Loaded "Emulated Camera Module" camera module
04-24 15:55:59.019   303   303 E CamPrvdr@2.4-legacy: setUpVendorTags: Vendor tag operations not fully defined. Ignoring definitions.
04-24 15:55:59.019   303   303 E CamPrvdr@2.4-legacy: initialize: Vendor tag setup failed, will not be available.
04-24 15:55:59.019   303   303 V EmulatedCamera_BaseCamera: getCameraInfo
04-24 15:55:59.020   303   303 I HidlServiceManagement: Registered android.hardware.camera.provider@2.4::ICameraProvider/legacy/0 (start delay of 506ms)
04-24 15:55:59.020   303   303 I HidlServiceManagement: Removing namespace from process name android.hardware.camera.provider@2.4-service to provider@2.4-service.
04-24 15:55:59.020   303   303 I LegacySupport: Registration complete for android.hardware.camera.provider@2.4::ICameraProvider/legacy/0.
04-24 15:55:59.021   368   368 I audioserver: ServiceManager: 0x794f14b329a0
04-24 15:55:59.021   303   369 E EmulatedCamera_HotplugThread: addWatch: Could not add watch for '/data/misc/media/emulator.camera.hotplug.0', error: 'Permission denied' (13)
04-24 15:55:59.022     0     0 I init    : processing action (enable_property_trigger) from (<Builtin Action>:0)
04-24 15:55:59.023     0     0 I init    : processing action (apexd.status=ready && ro.product.cpu.abilist32=*) from (/system/etc/init/hw/init.rc:89)
04-24 15:55:59.023   368   368 W BatteryNotifier: batterystats service unavailable!
04-24 15:55:59.026     0     0 I init    : starting service 'boringssl_self_test_apex32'...
04-24 15:55:59.030   183   183 I hwservicemanager: getTransport: Cannot find entry android.hardware.configstore@1.0::ISurfaceFlingerConfigs/default in either framework or device manifest.
04-24 15:55:59.032     0     0 I init    : SVC_EXEC service 'boringssl_self_test_apex32' pid 377 (uid 0 gid 0+0 context default) started; waiting...
04-24 15:55:59.035   360   360 I SurfaceFlinger: Using HWComposer service: 'default'
04-24 15:55:59.036   360   360 E SurfaceFlinger: ro.sf.lcd_density must be defined as a build property
04-24 15:55:59.036   360   360 I SurfaceFlinger: SurfaceFlinger is starting
04-24 15:55:59.036   183   183 I hwservicemanager: getTransport: Cannot find entry android.hardware.configstore@1.1::ISurfaceFlingerConfigs/default in either framework or device manifest.
04-24 15:55:59.037   360   360 I SurfaceFlinger: Disabling blur effects, they are not supported.
04-24 15:55:59.037   360   360 I SurfaceFlinger: Treble testing override: 'false'
04-24 15:55:59.044   374   374 I gsid    : no DSU: No such file or directory
04-24 15:55:59.052   293   293 I netd    : Creating child chains: 495310us
04-24 15:55:59.052   293   293 I netd    : Setting up OEM hooks: 125us
04-24 15:55:59.052   293   293 I netd    : Setting up FirewallController hooks: 27us
04-24 15:55:59.060   360   360 I SurfaceFlinger: SurfaceFlinger's main thread ready to run. Initializing graphics H/W...
04-24 15:55:59.060   360   360 D RenderEngine: RenderEngine GLES Backend
04-24 15:55:59.063   360   360 D libEGL  : loaded /vendor/lib64/egl/libEGL_emulation.so
04-24 15:55:59.053     0     0 D logd    : logdr: UID=1036 GID=1007 PID=367 b tail=0 logMask=99 pid=0 start=0ns timeout=0ns
04-24 15:55:59.064   360   360 D libEGL  : loaded /vendor/lib64/egl/libGLESv1_CM_emulation.so
04-24 15:55:59.065   360   360 D libEGL  : loaded /vendor/lib64/egl/libGLESv2_emulation.so
04-24 15:55:59.057     0     0 I init    : Service 'exec 14 (/system/bin/gsid run-startup-tasks)' (pid 374) exited with status 0 oneshot service took 0.036000 seconds in background
04-24 15:55:59.059     0     0 I init    : Sending signal 9 to service 'exec 14 (/system/bin/gsid run-startup-tasks)' (pid 374) process group...
04-24 15:55:59.060     0     0 I libprocessgroup: Successfully killed process cgroup uid 0 pid 374 in 0ms
04-24 15:55:59.071   360   360 D HostConnection: HostConnection::get() New Host Connection established 0x7e6cbf9e0350, tid 360
04-24 15:55:59.071   294   294 D AndroidRuntime: >>>>>> START com.android.internal.os.ZygoteInit uid 0 <<<<<<
04-24 15:55:59.072   294   294 I boot_progress_start: 12428
04-24 15:55:59.080   368   368 I ServiceManager: Waiting for service 'media.metrics' on '/dev/binder'...
04-24 15:55:59.085   360   360 D HostConnection: HostComposition ext ANDROID_EMU_CHECKSUM_HELPER_v1 ANDROID_EMU_native_sync_v2 ANDROID_EMU_native_sync_v3 ANDROID_EMU_native_sync_v4 ANDROID_EMU_dma_v1 ANDROID_EMU_direct_mem ANDROID_EMU_host_composition_v1 ANDROID_EMU_host_composition_v2 ANDROID_EMU_vulkan ANDROID_EMU_deferred_vulkan_commands ANDROID_EMU_vulkan_null_optional_strings ANDROID_EMU_vulkan_create_resources_with_requirements ANDROID_EMU_YUV_Cache ANDROID_EMU_vulkan_ignored_handles ANDROID_EMU_has_shared_slots_host_memory_allocator ANDROID_EMU_vulkan_free_memory_sync ANDROID_EMU_vulkan_shader_float16_int8 ANDROID_EMU_vulkan_async_queue_submit ANDROID_EMU_sync_buffer_data ANDROID_EMU_vulkan_async_qsri ANDROID_EMU_read_color_buffer_dma ANDROID_EMU_hwc_color_transform GL_OES_vertex_array_object GL_KHR_texture_compression_astc_ldr ANDROID_EMU_host_side_tracing ANDROID_EMU_gles_max_version_2 
04-24 15:55:59.087   360   360 I RenderEngine: EGL information:
04-24 15:55:59.087   360   360 I RenderEngine: vendor    : Android
04-24 15:55:59.087   360   360 I RenderEngine: version   : 1.4 Android META-EGL
04-24 15:55:59.087   360   360 I RenderEngine: extensions: EGL_KHR_get_all_proc_addresses EGL_ANDROID_presentation_time EGL_KHR_swap_buffers_with_damage EGL_ANDROID_get_native_client_buffer EGL_ANDROID_front_buffer_auto_refresh EGL_ANDROID_get_frame_timestamps EGL_EXT_surface_SMPTE2086_metadata EGL_EXT_surface_CTA861_3_metadata EGL_KHR_image EGL_KHR_image_base EGL_KHR_gl_texture_2D_image EGL_KHR_fence_sync EGL_ANDROID_image_native_buffer EGL_KHR_wait_sync EGL_ANDROID_recordable 
04-24 15:55:59.087   360   360 I RenderEngine: Client API: OpenGL_ES
